Capturing execution frames: rigged_mesh_manipulation.json
  Frame 1 saved (frame_000.jpg, t=0.0s)
  Validating workflow...
  Queuing workflow for execution...
  Frame 2 saved (frame_001.jpg, t=2.3s)
  [capture-periodic] freeze=5ms shot=123ms unfreeze=5ms saved=True
  Frame 3 saved (frame_002.jpg, t=4.5s)
  [capture-periodic] freeze=8ms shot=97ms unfreeze=3ms saved=True
  [capture-loop] iter=50 t=6.0s state={'complete': True, 'error': None, 'executedCount': 1, 'wsState': 1} eval_ms=16 ram=2.3/15.6GB (15%) swap=0.0/3.0GB (0%) cpu=40% browser_rss=0.96GB
  Node executed (1 total), capturing...
  Frame 4 saved (frame_003.jpg, t=6.2s)
  [capture-node] freeze=947ms shot=218ms unfreeze=0ms saved=True
  Execution complete (t=6.2s)
  [3d-wait] Phase 1: Waiting for 'Loading 3D Model' text to disappear...
  [3d-wait] Phase 1 done in 0.0s
  [3d-wait] Phase 2: iframes=1
  [3d-wait] iframe viewer_ready=True (matched 1 console logs)
  [3d-wait] Unfrozen in 0.002s, rendering for 5s...
  [3d-wait] JS halted via CDP after 5.1s
  [3d-wait] Re-frozen in 6.1s
  [3d-wait] Total 3D wait: 6.1s
  Captured 4 unique frames over 13.48s
  [debug] iframes: 1
  [debug]   iframe[0]: src=http://127.0.0.1:8188/extensions/ComfyUI-SAM3DBody/viewer_fbx.html?v=17782391550, canvas=486x710, rafFrozen=True
  [timing] trigger_3d_previews: 0.0s
  Saved high-quality screenshot: rigged_mesh_manipulation_executed.png
  [timing] final_screenshot: 0.2s
    Captured 5 video frames