[2026-05-10 03:05:22.845] [SRV] [2026-05-10 03:05:22.845] [info]  setup plugin alembic.autogenerate.schemas
[2026-05-10 03:05:22.845] [SRV] 
[2026-05-10 03:05:22.848] [SRV] [2026-05-10 03:05:22.848] [info]  setup plugin alembic.autogenerate.tables
[2026-05-10 03:05:22.848] [SRV] setup plugin alembic.autogenerate.types
[2026-05-10 03:05:22.848] [SRV] setup plugin alembic.autogenerate.constraints
[2026-05-10 03:05:22.848] [SRV] setup plugin alembic.autogenerate.defaults
[2026-05-10 03:05:22.848] [SRV] setup plugin alembic.autogenerate.comments
[2026-05-10 03:05:22.848] [SRV] 
[2026-05-10 03:05:24.571] [SRV] [2026-05-10 03:05:24.571] [info]  Adding extra search path custom_nodes C:\Users\runneradmin\Documents\ComfyUI\custom_nodes
[2026-05-10 03:05:24.571] [SRV] Adding extra search path download_model_base C:\Users\runneradmin\Documents\ComfyUI\models
[2026-05-10 03:05:24.571] [SRV] 
[2026-05-10 03:05:24.573] [SRV] [2026-05-10 03:05:24.573] [info]  Adding extra search path custom_nodes C:\Users\runneradmin\.comfy-test-cache\desktop\ComfyUI\resources\ComfyUI\custom_nodes
[2026-05-10 03:05:24.573] [SRV] Setting output directory to: C:\Users\runneradmin\Documents\ComfyUI\output
[2026-05-10 03:05:24.573] [SRV] Setting input directory to: C:\Users\runneradmin\Documents\ComfyUI\input
[2026-05-10 03:05:24.573] [SRV] Setting user directory to: C:\Users\runneradmin\Documents\ComfyUI\user
[2026-05-10 03:05:24.573] [SRV] 
[2026-05-10 03:05:27.352] [SRV] [2026-05-10 03:05:27.352] [info]  [START] Security scan
[2026-05-10 03:05:27.352] [SRV] [DONE] Security scan
[2026-05-10 03:05:27.352] [SRV] ** ComfyUI startup time: 
[2026-05-10 03:05:27.354] [SRV] [2026-05-10 03:05:27.354] [info]  2026-05-10 03:05:27.351
[2026-05-10 03:05:27.354] [SRV] ** Platform: Windows
[2026-05-10 03:05:27.354] [SRV] ** Python version: 3.12.11 (main, Aug 18 2025, 19:17:54) [MSC v.1944 64 bit (AMD64)]
[2026-05-10 03:05:27.354] [SRV] ** Python executable: C:\Users\runneradmin\Documents\ComfyUI\.venv\Scripts\python.exe
[2026-05-10 03:05:27.354] [SRV] ** ComfyUI Path: C:\Users\runneradmin\.comfy-test-cache\desktop\ComfyUI\resources\ComfyUI
[2026-05-10 03:05:27.354] [SRV] ** ComfyUI Base Folder Path: C:\Users\runneradmin\.comfy-test-cache\desktop\ComfyUI\resources\ComfyUI
[2026-05-10 03:05:27.354] [SRV] 
[2026-05-10 03:05:27.357] [SRV] [2026-05-10 03:05:27.357] [info]  ** User directory: C:\Users\runneradmin\Documents\ComfyUI\user
[2026-05-10 03:05:27.358] [SRV] [2026-05-10 03:05:27.358] [info]  
[2026-05-10 03:05:27.358] [SRV] ** ComfyUI-Manager config path: C:\Users\runneradmin\Documents\ComfyUI\user\__manager\config.ini
[2026-05-10 03:05:27.358] [SRV] ** Log path: C:\Users\runneradmin\Documents\ComfyUI\user\comfyui.log
[2026-05-10 03:05:27.358] [SRV] 
[2026-05-10 03:05:28.395] [SRV] [2026-05-10 03:05:28.395] [info]  [ComfyUI-Manager] Skipped fixing the 'comfyui-frontend-package' dependency because the ComfyUI is outdated.
[2026-05-10 03:05:28.395] [SRV] 
[2026-05-10 03:05:28.396] [SRV] [2026-05-10 03:05:28.396] [info]  [PRE] ComfyUI-Manager
[2026-05-10 03:05:28.396] [SRV] 
[2026-05-10 03:05:39.238] [SRV] [2026-05-10 03:05:39.238] [info]  Found comfy_kitchen backend eager: {'available': True, 'disabled': False, 'unavailable_reason': None, 'capabilities': ['apply_rope', 'apply_rope1', 'dequantize_mxfp8', 'dequantize_nvfp4', 'dequantize_per_tensor_fp8', 'quantize_mxfp8', 'quantize_nvfp4', 'quantize_per_tensor_fp8', 'scaled_mm_mxfp8', 'scaled_mm_nvfp4']}
[2026-05-10 03:05:39.238] [SRV] 
[2026-05-10 03:05:39.240] [SRV] [2026-05-10 03:05:39.240] [info]  Found comfy_kitchen backend triton: {'available': False, 'disabled': True, 'unavailable_reason': "ImportError: No module named 'triton'", 'capabilities': []}
[2026-05-10 03:05:39.240] [SRV] Found comfy_kitchen backend cuda: {'available': False, 'disabled': True, 'unavailable_reason': 'CUDA not available on this system', 'capabilities': []}
[2026-05-10 03:05:39.240] [SRV] 
[2026-05-10 03:05:39.303] [SRV] [2026-05-10 03:05:39.303] [info]  Checkpoint files will always be loaded safely.
[2026-05-10 03:05:39.303] [SRV] 
[2026-05-10 03:05:39.405] [SRV] [2026-05-10 03:05:39.405] [info]  Total VRAM 16379 MB, total RAM 16379 MB
[2026-05-10 03:05:39.405] [SRV] pytorch version: 2.10.0+cpu
[2026-05-10 03:05:39.405] [SRV] 
[2026-05-10 03:05:39.407] [SRV] [2026-05-10 03:05:39.407] [info]  Set vram state to: DISABLED
[2026-05-10 03:05:39.407] [SRV] Device: cpu
[2026-05-10 03:05:39.407] [SRV] 
[2026-05-10 03:05:40.441] [SRV] [2026-05-10 03:05:40.441] [info]  Using sub quadratic optimization for attention, if you have memory or speed issues try using: --use-split-cross-attention
[2026-05-10 03:05:40.441] [SRV] 
[2026-05-10 03:05:49.058] [SRV] [2026-05-10 03:05:49.058] [info]  Python version: 3.12.11 (main, Aug 18 2025, 19:17:54) [MSC v.1944 64 bit (AMD64)]
[2026-05-10 03:05:49.058] [SRV] 
[2026-05-10 03:05:49.060] [SRV] [2026-05-10 03:05:49.060] [info]  ComfyUI version: 0.20.1
[2026-05-10 03:05:49.060] [SRV] comfy-aimdo version: 0.2.14
[2026-05-10 03:05:49.060] [SRV] 
[2026-05-10 03:05:49.063] [SRV] [2026-05-10 03:05:49.063] [info]  comfy-kitchen version: 0.2.8
[2026-05-10 03:05:49.063] [SRV] 
[2026-05-10 03:05:49.064] [SRV] [2026-05-10 03:05:49.064] [info]  [Prompt Server] web root: C:\Users\runneradmin\.comfy-test-cache\desktop\ComfyUI\resources\ComfyUI\web_custom_versions\desktop_app
[2026-05-10 03:05:49.064] [SRV] 
[2026-05-10 03:05:49.066] [SRV] [2026-05-10 03:05:49.066] [info]  Asset seeder disabled
[2026-05-10 03:05:49.066] [SRV] 
[2026-05-10 03:05:49.068] [SRV] [2026-05-10 03:05:49.068] [info]  [START] ComfyUI-Manager
[2026-05-10 03:05:49.068] [SRV] 
[2026-05-10 03:05:49.702] [SRV] [2026-05-10 03:05:49.702] [info]  [ComfyUI-Manager] Using GitPython backend
[2026-05-10 03:05:49.702] [SRV] 
[2026-05-10 03:05:49.812] [SRV] [2026-05-10 03:05:49.812] [info]  [ComfyUI-Manager] network_mode: public
[2026-05-10 03:05:49.812] [SRV] 
[2026-05-10 03:05:49.822] [SRV] [2026-05-10 03:05:49.822] [info]  [ComfyUI-Manager] The matrix sharing feature has been disabled because the `matrix-nio` dependency is not installed.
[2026-05-10 03:05:49.822] [SRV] 	To use this feature, please run the following command:
[2026-05-10 03:05:49.822] [SRV] 	C:\Users\runneradmin\Documents\ComfyUI\.venv\Scripts\python.exe -m pip install matrix-nio
[2026-05-10 03:05:49.822] [SRV] 
[2026-05-10 03:05:49.822] [SRV] 
[2026-05-10 03:05:54.501] [SRV] [2026-05-10 03:05:54.501] [info]  
[2026-05-10 03:05:54.501] [SRV] Import times for custom nodes:
[2026-05-10 03:05:54.501] [SRV] 
[2026-05-10 03:05:54.503] [SRV] [2026-05-10 03:05:54.503] [info]     0.0 seconds: C:\Users\runneradmin\.comfy-test-cache\desktop\ComfyUI\resources\ComfyUI\custom_nodes\websocket_image_save.py
[2026-05-10 03:05:54.503] [SRV] 
[2026-05-10 03:05:54.503] [SRV] 
[2026-05-10 03:05:54.541] [SRV] [2026-05-10 03:05:54.541] [info]  Context impl SQLiteImpl.
[2026-05-10 03:05:54.541] [SRV] 
[2026-05-10 03:05:54.543] [SRV] [2026-05-10 03:05:54.543] [info]  Will assume non-transactional DDL.
[2026-05-10 03:05:54.543] [SRV] 
[2026-05-10 03:05:54.577] [SRV] [2026-05-10 03:05:54.577] [info]  Context impl SQLiteImpl.
[2026-05-10 03:05:54.577] [SRV] 
[2026-05-10 03:05:54.579] [SRV] [2026-05-10 03:05:54.579] [info]  Will assume non-transactional DDL.
[2026-05-10 03:05:54.579] [SRV] 
[2026-05-10 03:05:54.627] [SRV] [2026-05-10 03:05:54.627] [info]  Running upgrade  -> 0001_assets, Initial assets schema
[2026-05-10 03:05:54.627] [SRV] Revision ID: 0001_assets
[2026-05-10 03:05:54.627] [SRV] Revises: None
[2026-05-10 03:05:54.627] [SRV] Create Date: 2025-12-10 00:00:00
[2026-05-10 03:05:54.627] [SRV] 
[2026-05-10 03:05:55.593] [SRV] [2026-05-10 03:05:55.593] [info]  Running upgrade 0001_assets -> 0002_merge_to_asset_references, Merge AssetInfo and AssetCacheState into unified asset_references table.
[2026-05-10 03:05:55.593] [SRV] 
[2026-05-10 03:05:56.485] [SRV] [2026-05-10 03:05:56.485] [info]  Running upgrade 0002_merge_to_asset_references -> 0003_add_metadata_job_id, Add system_metadata and job_id columns to asset_references.
[2026-05-10 03:05:56.485] [SRV] Change preview_id FK from assets.id to asset_references.id.
[2026-05-10 03:05:56.485] [SRV] 
[2026-05-10 03:05:56.639] [SRV] [2026-05-10 03:05:56.639] [info]  Database upgraded from None to 0003_add_metadata_job_id
[2026-05-10 03:05:56.639] [SRV] 
[2026-05-10 03:05:56.760] [SRV] [2026-05-10 03:05:56.760] [info]  Starting server
[2026-05-10 03:05:56.760] [SRV] 
[2026-05-10 03:05:56.760] [SRV] 
[2026-05-10 03:05:56.761] [SRV] [2026-05-10 03:05:56.761] [info]  To see the GUI go to: http://127.0.0.1:8000
[2026-05-10 03:05:56.761] [SRV] 
[2026-05-10 03:07:27.306] [SRV] [2026-05-10 03:07:27.306] [info]  FETCH ComfyRegistry Data [DONE]
[2026-05-10 03:07:27.306] [SRV] 
[2026-05-10 03:07:27.642] [SRV] [2026-05-10 03:07:27.642] [info]  [ComfyUI-Manager] default cache updated: https://api.comfy.org/nodes
[2026-05-10 03:07:27.642] [SRV] 
[2026-05-10 03:07:27.677] [SRV] [2026-05-10 03:07:27.677] [info]  FETCH DATA from: C:\Users\runneradmin\Documents\ComfyUI\user\__manager\cache\1514988643_custom-node-list.json
[2026-05-10 03:07:27.691] [SRV] [2026-05-10 03:07:27.691] [info]   [DONE]
[2026-05-10 03:07:27.691] [SRV] 
[2026-05-10 03:07:27.749] [SRV] [2026-05-10 03:07:27.749] [info]  [ComfyUI-Manager] All startup tasks have been completed.
[2026-05-10 03:07:27.749] [SRV] 
[2026-05-10 03:07:45.948] [SRV] [2026-05-10 03:07:45.948] [info]  [ComfyUI-Manager] The ComfyRegistry cache update is still in progress, so an outdated cache is being used.
[2026-05-10 03:07:45.948] [SRV] 
[2026-05-10 03:07:47.190] [SRV] [2026-05-10 03:07:47.190] [error] 
[2026-05-10 03:07:47.190] [SRV]   0%|          | 0.00/14.1M [00:00<?, ?B/s]
[2026-05-10 03:07:47.289] [SRV] [2026-05-10 03:07:47.289] [error] 
[2026-05-10 03:07:47.289] [SRV]  27%|â–ˆâ–ˆâ–‹       | 3.80M/14.1M [00:00<00:00, 37.9MB/s]
[2026-05-10 03:07:47.465] [SRV] [2026-05-10 03:07:47.465] [error] 
[2026-05-10 03:07:47.465] [SRV]  89%|â–ˆâ–ˆâ–ˆâ–ˆâ–ˆâ–ˆâ–ˆâ–ˆâ–‰ | 12.6M/14.1M [00:00<00:00, 58.4MB/s]
[2026-05-10 03:07:47.465] [SRV] 100%|â–ˆâ–ˆâ–ˆâ–ˆâ–ˆâ–ˆâ–ˆâ–ˆâ–ˆâ–ˆ| 14.1M/14.1M [00:00<00:00, 58.9MB/s]
[2026-05-10 03:07:47.465] [SRV] 
[2026-05-10 03:07:47.571] [SRV] [2026-05-10 03:07:47.571] [info]  Extracted zip file to C:\Users\runneradmin\Documents\ComfyUI\custom_nodes\ComfyUI-SAM3DBody
[2026-05-10 03:07:47.571] [SRV] 
[2026-05-10 03:07:47.589] [SRV] [2026-05-10 03:07:47.589] [info]  Install: pip packages
[2026-05-10 03:07:47.591] [SRV] [2026-05-10 03:07:47.591] [info]  
[2026-05-10 03:07:47.591] [SRV] 
[2026-05-10 03:07:48.782] [SRV] [2026-05-10 03:07:48.782] [info]  [ComfyUI-Manager] Skipped fixing the 'comfyui-frontend-package' dependency because the ComfyUI is outdated.
[2026-05-10 03:07:48.782] [SRV] 
[2026-05-10 03:07:48.784] [SRV] [2026-05-10 03:07:48.784] [info]  Install: install script
[2026-05-10 03:07:48.784] [SRV] 
[2026-05-10 03:07:53.313] [SRV] [2026-05-10 03:07:53.313] [info]  
[2026-05-10 03:07:53.313] [SRV] After restarting ComfyUI, please refresh the browser.
[2026-05-10 03:07:53.313] [SRV] 
[2026-05-10 03:07:53.819] [SRV] [2026-05-10 03:07:53.819] [info]  
[2026-05-10 03:07:53.819] [SRV] Restarting... [Legacy Mode]
[2026-05-10 03:07:53.819] [SRV] 
[2026-05-10 03:07:53.819] [SRV] 
[2026-05-10 03:07:53.819] [SRV] Command: ['"C:\\Users\\runneradmin\\Documents\\ComfyUI\\.venv\\Scripts\\python.exe"', '"C:\\Users\\runneradmin\\.comfy-test-cache\\desktop\\ComfyUI\\resources\\ComfyUI\\main.py"', '--user-directory', 'C:\\Users\\runneradmin\\Documents\\ComfyUI\\user', '--input-directory', 'C:\\Users\\runneradmin\\Documents\\ComfyUI\\input', '--output-directory', 'C:\\Users\\runneradmin\\Documents\\ComfyUI\\output', '--front-end-root', 'C:\\Users\\runneradmin\\.comfy-test-cache\\desktop\\ComfyUI\\resources\\ComfyUI\\web_custom_versions\\desktop_app', '--base-directory', 'C:\\Users\\runneradmin\\Documents\\ComfyUI', '--database-url', 'sqlite:///C:/Users/runneradmin/Documents/ComfyUI/user/comfyui.db', '--extra-model-paths-config', 'C:\\Users\\runneradmin\\AppData\\Roaming\\ComfyUI\\extra_models_config.yaml', '--log-stdout', '--listen', '127.0.0.1', '--port', '8000', '--enable-manager', '--cpu']
[2026-05-10 03:07:53.819] [SRV] 
[2026-05-10 03:07:54.594] [SRV] [2026-05-10 03:07:54.594] [info]  setup plugin alembic.autogenerate.schemas
[2026-05-10 03:07:54.594] [SRV] setup plugin alembic.autogenerate.tables
[2026-05-10 03:07:54.594] [SRV] 
[2026-05-10 03:07:54.596] [SRV] [2026-05-10 03:07:54.596] [info]  setup plugin alembic.autogenerate.types
[2026-05-10 03:07:54.596] [SRV] setup plugin alembic.autogenerate.constraints
[2026-05-10 03:07:54.596] [SRV] setup plugin alembic.autogenerate.defaults
[2026-05-10 03:07:54.596] [SRV] setup plugin alembic.autogenerate.comments
[2026-05-10 03:07:54.596] [SRV] 
[2026-05-10 03:07:55.055] [SRV] [2026-05-10 03:07:55.055] [info]  Adding extra search path custom_nodes C:\Users\runneradmin\Documents\ComfyUI\custom_nodes
[2026-05-10 03:07:55.055] [SRV] Adding extra search path download_model_base C:\Users\runneradmin\Documents\ComfyUI\models
[2026-05-10 03:07:55.055] [SRV] Adding extra search path custom_nodes C:\Users\runneradmin\.comfy-test-cache\desktop\ComfyUI\resources\ComfyUI\custom_nodes
[2026-05-10 03:07:55.055] [SRV] 
[2026-05-10 03:07:55.056] [SRV] [2026-05-10 03:07:55.056] [info]  Setting output directory to: C:\Users\runneradmin\Documents\ComfyUI\output
[2026-05-10 03:07:55.056] [SRV] Setting input directory to: C:\Users\runneradmin\Documents\ComfyUI\input
[2026-05-10 03:07:55.056] [SRV] Setting user directory to: C:\Users\runneradmin\Documents\ComfyUI\user
[2026-05-10 03:07:55.056] [SRV] 
[2026-05-10 03:07:56.605] [SRV] [2026-05-10 03:07:56.605] [info]  [START] Security scan
[2026-05-10 03:07:56.605] [SRV] [DONE] Security scan
[2026-05-10 03:07:56.605] [SRV] ** ComfyUI startup time: 
[2026-05-10 03:07:56.607] [SRV] [2026-05-10 03:07:56.607] [info]  2026-05-10 03:07:56.605
[2026-05-10 03:07:56.607] [SRV] ** Platform: Windows
[2026-05-10 03:07:56.607] [SRV] ** Python version: 3.12.11 (main, Aug 18 2025, 19:17:54) [MSC v.1944 64 bit (AMD64)]
[2026-05-10 03:07:56.607] [SRV] ** Python executable: C:\Users\runneradmin\Documents\ComfyUI\.venv\Scripts\python.exe
[2026-05-10 03:07:56.607] [SRV] ** ComfyUI Path: C:\Users\runneradmin\.comfy-test-cache\desktop\ComfyUI\resources\ComfyUI
[2026-05-10 03:07:56.607] [SRV] ** ComfyUI Base Folder Path: C:\Users\runneradmin\.comfy-test-cache\desktop\ComfyUI\resources\ComfyUI
[2026-05-10 03:07:56.607] [SRV] 
[2026-05-10 03:07:56.612] [SRV] [2026-05-10 03:07:56.612] [info]  ** User directory: C:\Users\runneradmin\Documents\ComfyUI\user
[2026-05-10 03:07:56.614] [SRV] [2026-05-10 03:07:56.614] [info]  
[2026-05-10 03:07:56.614] [SRV] ** ComfyUI-Manager config path: C:\Users\runneradmin\Documents\ComfyUI\user\__manager\config.ini
[2026-05-10 03:07:56.614] [SRV] ** Log path: C:\Users\runneradmin\Documents\ComfyUI\user\comfyui.log
[2026-05-10 03:07:56.614] [SRV] 
[2026-05-10 03:07:57.165] [SRV] [2026-05-10 03:07:57.165] [info]  
[2026-05-10 03:07:57.165] [SRV] #######################################################################
[2026-05-10 03:07:57.165] [SRV] [ComfyUI-Manager] Starting dependency installation/(de)activation for the extension
[2026-05-10 03:07:57.165] [SRV] 
[2026-05-10 03:07:57.165] [SRV] 
[2026-05-10 03:07:57.167] [SRV] [2026-05-10 03:07:57.167] [info]  
[2026-05-10 03:07:57.167] [SRV] ## ComfyUI-Manager: EXECUTE => ['C:\\Users\\runneradmin\\Documents\\ComfyUI\\.venv\\Scripts\\python.exe', '-m', 'pip', 'install', 'comfy-env==0.3.78']
[2026-05-10 03:07:57.167] [SRV] 
[2026-05-10 03:07:57.167] [SRV] ## Execute management script for 'C:\Users\runneradmin\Documents\ComfyUI\custom_nodes\ComfyUI-SAM3DBody'
[2026-05-10 03:07:57.167] [SRV] 
[2026-05-10 03:07:59.178] [SRV] [2026-05-10 03:07:59.178] [info]   Collecting comfy-env==0.3.78
[2026-05-10 03:07:59.178] [SRV] 
[2026-05-10 03:07:59.218] [SRV] [2026-05-10 03:07:59.218] [info]     Downloading comfy_env-0.3.78-py3-none-any.whl.metadata (7.1 kB)
[2026-05-10 03:07:59.218] [SRV] 
[2026-05-10 03:07:59.274] [SRV] [2026-05-10 03:07:59.274] [info]   
[2026-05-10 03:07:59.275] [SRV] [2026-05-10 03:07:59.275] [info]   
[2026-05-10 03:07:59.366] [SRV] [2026-05-10 03:07:59.366] [info]   Collecting pre-commit (from comfy-env==0.3.78)
[2026-05-10 03:07:59.366] [SRV] 
[2026-05-10 03:07:59.375] [SRV] [2026-05-10 03:07:59.375] [info]     Downloading pre_commit-4.6.0-py2.py3-none-any.whl.metadata (1.2 kB)
[2026-05-10 03:07:59.375] [SRV] 
[2026-05-10 03:07:59.428] [SRV] [2026-05-10 03:07:59.428] [info]   
[2026-05-10 03:07:59.483] [SRV] [2026-05-10 03:07:59.483] [info]   Collecting tomli-w>=1.0.0 (from comfy-env==0.3.78)
[2026-05-10 03:07:59.483] [SRV] 
[2026-05-10 03:07:59.492] [SRV] [2026-05-10 03:07:59.492] [info]     Downloading tomli_w-1.2.0-py3-none-any.whl.metadata (5.7 kB)
[2026-05-10 03:07:59.492] [SRV] 
[2026-05-10 03:07:59.617] [SRV] [2026-05-10 03:07:59.617] [info]   Collecting tomli>=2.0.0 (from comfy-env==0.3.78)
[2026-05-10 03:07:59.617] [SRV] 
[2026-05-10 03:07:59.619] [SRV] [2026-05-10 03:07:59.619] [info]     Using cached tomli-2.4.1-cp312-cp312-win_amd64.whl.metadata (10 kB)
[2026-05-10 03:07:59.619] [SRV] 
[2026-05-10 03:07:59.625] [SRV] [2026-05-10 03:07:59.625] [info]   
[2026-05-10 03:07:59.689] [SRV] [2026-05-10 03:07:59.689] [info]   Collecting cfgv>=2.0.0 (from pre-commit->comfy-env==0.3.78)
[2026-05-10 03:07:59.689] [SRV] 
[2026-05-10 03:07:59.698] [SRV] [2026-05-10 03:07:59.698] [info]   
[2026-05-10 03:07:59.699] [SRV] [2026-05-10 03:07:59.699] [info]    Downloading cfgv-3.5.0-py2.py3-none-any.whl.metadata (8.9 kB)
[2026-05-10 03:07:59.699] [SRV] 
[2026-05-10 03:07:59.867] [SRV] [2026-05-10 03:07:59.867] [info]   Collecting identify>=1.0.0 (from pre-commit->comfy-env==0.3.78)
[2026-05-10 03:07:59.867] [SRV] 
[2026-05-10 03:07:59.876] [SRV] [2026-05-10 03:07:59.876] [info]     Downloading identify-2.6.19-py2.py3-none-any.whl.metadata (4.4 kB)
[2026-05-10 03:07:59.876] [SRV] 
[2026-05-10 03:07:59.994] [SRV] [2026-05-10 03:07:59.994] [info]   Collecting nodeenv>=0.11.1 (from pre-commit->comfy-env==0.3.78)
[2026-05-10 03:07:59.994] [SRV] 
[2026-05-10 03:08:00.003] [SRV] [2026-05-10 03:08:00.003] [info]     Downloading nodeenv-1.10.0-py2.py3-none-any.whl.metadata (24 kB)
[2026-05-10 03:08:00.003] [SRV] 
[2026-05-10 03:08:00.168] [SRV] [2026-05-10 03:08:00.168] [info]   Collecting virtualenv>=20.10.0 (from pre-commit->comfy-env==0.3.78)
[2026-05-10 03:08:00.168] [SRV] 
[2026-05-10 03:08:00.179] [SRV] [2026-05-10 03:08:00.179] [info]     Downloading virtualenv-21.3.1-py3-none-any.whl.metadata (3.5 kB)
[2026-05-10 03:08:00.179] [SRV] 
[2026-05-10 03:08:00.263] [SRV] [2026-05-10 03:08:00.263] [info]   
[2026-05-10 03:08:00.265] [SRV] [2026-05-10 03:08:00.265] [info]  Collecting distlib<1,>=0.3.7 (from virtualenv>=20.10.0->pre-commit->comfy-env==0.3.78)
[2026-05-10 03:08:00.265] [SRV] 
[2026-05-10 03:08:00.274] [SRV] [2026-05-10 03:08:00.274] [info]     Downloading distlib-0.4.0-py2.py3-none-any.whl.metadata (5.2 kB)
[2026-05-10 03:08:00.274] [SRV] 
[2026-05-10 03:08:00.382] [SRV] [2026-05-10 03:08:00.382] [info]   Collecting filelock<4,>=3.24.2 (from virtualenv>=20.10.0->pre-commit->comfy-env==0.3.78)
[2026-05-10 03:08:00.382] [SRV] 
[2026-05-10 03:08:00.391] [SRV] [2026-05-10 03:08:00.391] [info]     Downloading filelock-3.29.0-py3-none-any.whl.metadata (2.0 kB)
[2026-05-10 03:08:00.391] [SRV] 
[2026-05-10 03:08:00.493] [SRV] [2026-05-10 03:08:00.493] [info]   Collecting platformdirs<5,>=3.9.1 (from virtualenv>=20.10.0->pre-commit->comfy-env==0.3.78)
[2026-05-10 03:08:00.493] [SRV] 
[2026-05-10 03:08:00.502] [SRV] [2026-05-10 03:08:00.502] [info]     Downloading platformdirs-4.9.6-py3-none-any.whl.metadata (4.7 kB)
[2026-05-10 03:08:00.502] [SRV] 
[2026-05-10 03:08:00.587] [SRV] [2026-05-10 03:08:00.587] [info]   Collecting python-discovery>=1.2.2 (from virtualenv>=20.10.0->pre-commit->comfy-env==0.3.78)
[2026-05-10 03:08:00.587] [SRV] 
[2026-05-10 03:08:00.597] [SRV] [2026-05-10 03:08:00.597] [info]     Downloading python_discovery-1.3.0-py3-none-any.whl.metadata (5.5 kB)
[2026-05-10 03:08:00.597] [SRV] 
[2026-05-10 03:08:00.666] [SRV] [2026-05-10 03:08:00.666] [info]   Downloading comfy_env-0.3.78-py3-none-any.whl (121 kB)
[2026-05-10 03:08:00.666] [SRV] 
[2026-05-10 03:08:00.708] [SRV] [2026-05-10 03:08:00.708] [info]   Using cached tomli-2.4.1-cp312-cp312-win_amd64.whl (108 kB)
[2026-05-10 03:08:00.708] [SRV] 
[2026-05-10 03:08:00.717] [SRV] [2026-05-10 03:08:00.717] [info]   Downloading tomli_w-1.2.0-py3-none-any.whl (6.7 kB)
[2026-05-10 03:08:00.717] [SRV] 
[2026-05-10 03:08:00.770] [SRV] [2026-05-10 03:08:00.770] [info]   Downloading pre_commit-4.6.0-py2.py3-none-any.whl (226 kB)
[2026-05-10 03:08:00.770] [SRV] 
[2026-05-10 03:08:00.818] [SRV] [2026-05-10 03:08:00.818] [info]   Downloading cfgv-3.5.0-py2.py3-none-any.whl (7.4 kB)
[2026-05-10 03:08:00.818] [SRV] 
[2026-05-10 03:08:00.865] [SRV] [2026-05-10 03:08:00.865] [info]   Downloading identify-2.6.19-py2.py3-none-any.whl (99 kB)
[2026-05-10 03:08:00.865] [SRV] 
[2026-05-10 03:08:00.914] [SRV] [2026-05-10 03:08:00.914] [info]   Downloading nodeenv-1.10.0-py2.py3-none-any.whl (23 kB)
[2026-05-10 03:08:00.914] [SRV] 
[2026-05-10 03:08:00.959] [SRV] [2026-05-10 03:08:00.959] [info]   Downloading virtualenv-21.3.1-py3-none-any.whl (7.6 MB)
[2026-05-10 03:08:00.959] [SRV] 
[2026-05-10 03:08:01.060] [SRV] [2026-05-10 03:08:01.060] [info]      ---------------------------------------- 7.6/7.6 MB 78.8 MB/s eta 0:00:00
[2026-05-10 03:08:01.060] [SRV] 
[2026-05-10 03:08:01.069] [SRV] [2026-05-10 03:08:01.069] [info]   Downloading distlib-0.4.0-py2.py3-none-any.whl (469 kB)
[2026-05-10 03:08:01.069] [SRV] 
[2026-05-10 03:08:01.122] [SRV] [2026-05-10 03:08:01.122] [info]   Downloading filelock-3.29.0-py3-none-any.whl (39 kB)
[2026-05-10 03:08:01.122] [SRV] 
[2026-05-10 03:08:01.182] [SRV] [2026-05-10 03:08:01.182] [info]   Downloading platformdirs-4.9.6-py3-none-any.whl (21 kB)
[2026-05-10 03:08:01.182] [SRV] 
[2026-05-10 03:08:01.222] [SRV] [2026-05-10 03:08:01.222] [info]   Downloading python_discovery-1.3.0-py3-none-any.whl (33 kB)
[2026-05-10 03:08:01.222] [SRV] 
[2026-05-10 03:08:01.507] [SRV] [2026-05-10 03:08:01.507] [info]   Installing collected packages: distlib, tomli-w, tomli, platformdirs, nodeenv, identify, filelock, cfgv, python-discovery, virtualenv, pre-commit, comfy-env
[2026-05-10 03:08:01.507] [SRV] 
[2026-05-10 03:08:02.057] [SRV] [2026-05-10 03:08:02.057] [info]     Attempting uninstall: filelock
[2026-05-10 03:08:02.057] [SRV] 
[2026-05-10 03:08:02.064] [SRV] [2026-05-10 03:08:02.064] [info]       Found existing installation: filelock 3.20.3
[2026-05-10 03:08:02.064] [SRV] 
[2026-05-10 03:08:02.068] [SRV] [2026-05-10 03:08:02.068] [info]       Uninstalling filelock-3.20.3:
[2026-05-10 03:08:02.068] [SRV] 
[2026-05-10 03:08:02.078] [SRV] [2026-05-10 03:08:02.078] [info]         Successfully uninstalled filelock-3.20.3
[2026-05-10 03:08:02.078] [SRV] 
[2026-05-10 03:08:03.438] [SRV] [2026-05-10 03:08:03.438] [info]   Successfully installed cfgv-3.5.0 comfy-env-0.3.78 distlib-0.4.0 filelock-3.29.0 identify-2.6.19 nodeenv-1.10.0 platformdirs-4.9.6 pre-commit-4.6.0 python-discovery-1.3.0 tomli-2.4.1 tomli-w-1.2.0 virtualenv-21.3.1
[2026-05-10 03:08:03.438] [SRV] 
[2026-05-10 03:08:03.822] [SRV] [2026-05-10 03:08:03.822] [error] [!]
[2026-05-10 03:08:03.823] [SRV] [2026-05-10 03:08:03.823] [error]  
[2026-05-10 03:08:03.823] [SRV] [!] [notice] A new release of pip is available: 25.0.1 -> 26.1.1
[2026-05-10 03:08:03.823] [SRV] [!] [notice] To update, run: python.exe -m pip install --upgrade pip
[2026-05-10 03:08:03.823] [SRV] 
[2026-05-10 03:08:03.922] [SRV] [2026-05-10 03:08:03.922] [info]  
[2026-05-10 03:08:03.922] [SRV] ## ComfyUI-Manager: EXECUTE => ['C:\\Users\\runneradmin\\Documents\\ComfyUI\\.venv\\Scripts\\python.exe', '-m', 'pip', 'install', 'comfy-3d-viewers==0.2.44']
[2026-05-10 03:08:03.922] [SRV] 
[2026-05-10 03:08:03.924] [SRV] [2026-05-10 03:08:03.924] [info]  
[2026-05-10 03:08:03.924] [SRV] ## Execute management script for 'C:\Users\runneradmin\Documents\ComfyUI\custom_nodes\ComfyUI-SAM3DBody'
[2026-05-10 03:08:03.924] [SRV] 
[2026-05-10 03:08:07.102] [SRV] [2026-05-10 03:08:07.102] [info]   Collecting comfy-3d-viewers==0.2.44
[2026-05-10 03:08:07.102] [SRV] 
[2026-05-10 03:08:07.147] [SRV] [2026-05-10 03:08:07.147] [info]     Downloading comfy_3d_viewers-0.2.44-py3-none-any.whl.metadata (2.2 kB)
[2026-05-10 03:08:07.147] [SRV] 
[2026-05-10 03:08:07.201] [SRV] [2026-05-10 03:08:07.201] [info]   Downloading comfy_3d_viewers-0.2.44-py3-none-any.whl (1.3 MB)
[2026-05-10 03:08:07.201] [SRV] 
[2026-05-10 03:08:07.277] [SRV] [2026-05-10 03:08:07.277] [info]      ---------------------------------------- 1.3/1.3 MB 16.0 MB/s eta 0:00:00
[2026-05-10 03:08:07.277] [SRV] 
[2026-05-10 03:08:07.555] [SRV] [2026-05-10 03:08:07.555] [info]   Installing collected packages: comfy-3d-viewers
[2026-05-10 03:08:07.555] [SRV] 
[2026-05-10 03:08:07.736] [SRV] [2026-05-10 03:08:07.736] [info]   Successfully installed comfy-3d-viewers-0.2.44
[2026-05-10 03:08:07.736] [SRV] 
[2026-05-10 03:08:08.004] [SRV] [2026-05-10 03:08:08.004] [error] [!] 
[2026-05-10 03:08:08.005] [SRV] [2026-05-10 03:08:08.005] [error] 
[2026-05-10 03:08:08.005] [SRV] [!] [notice] A new release of pip is available: 25.0.1 -> 26.1.1
[2026-05-10 03:08:08.005] [SRV] [!] [notice] To update, run: python.exe -m pip install --upgrade pip
[2026-05-10 03:08:08.005] [SRV] 
[2026-05-10 03:08:08.073] [SRV] [2026-05-10 03:08:08.073] [info]  
[2026-05-10 03:08:08.073] [SRV] ## ComfyUI-Manager: EXECUTE => ['C:\\Users\\runneradmin\\Documents\\ComfyUI\\.venv\\Scripts\\python.exe', 'install.py']
[2026-05-10 03:08:08.073] [SRV] 
[2026-05-10 03:08:08.073] [SRV] ## Execute management script for 'C:\Users\runneradmin\Documents\ComfyUI\custom_nodes\ComfyUI-SAM3DBody'
[2026-05-10 03:08:08.073] [SRV] 
[2026-05-10 03:08:08.375] [SRV] [2026-05-10 03:08:08.375] [info]   [comfy-env] Enabled Windows long path support
[2026-05-10 03:08:08.375] [SRV] 
[2026-05-10 03:08:08.376] [SRV] [2026-05-10 03:08:08.376] [info]   
[2026-05-10 03:08:08.376] [SRV]  Installing 3 node dependencies...
[2026-05-10 03:08:08.376] [SRV]    Cloning ComfyUI-Multiband...
[2026-05-10 03:08:08.376] [SRV] 
[2026-05-10 03:08:08.926] [SRV] [2026-05-10 03:08:08.926] [info]     Installing requirements for ComfyUI-Multiband...
[2026-05-10 03:08:08.926] [SRV] 
[2026-05-10 03:08:09.330] [SRV] [2026-05-10 03:08:09.330] [info]     Cloning ComfyUI-DepthAnythingV3...
[2026-05-10 03:08:09.330] [SRV] 
[2026-05-10 03:08:10.311] [SRV] [2026-05-10 03:08:10.311] [info]     Installing requirements for ComfyUI-DepthAnythingV3...
[2026-05-10 03:08:10.311] [SRV] 
[2026-05-10 03:08:10.342] [SRV] [2026-05-10 03:08:10.342] [info]     Running install.py for ComfyUI-DepthAnythingV3...
[2026-05-10 03:08:10.342] [SRV] 
[2026-05-10 03:08:10.614] [SRV] [2026-05-10 03:08:10.614] [info]   [comfy-env] Enabled Windows long path support
[2026-05-10 03:08:10.614] [SRV] 
[2026-05-10 03:08:10.615] [SRV] [2026-05-10 03:08:10.615] [info]   
[2026-05-10 03:08:10.615] [SRV]  Installing 3 node dependencies...
[2026-05-10 03:08:10.615] [SRV]    Cloning ComfyUI-VideoHelperSuite...
[2026-05-10 03:08:10.615] [SRV] 
[2026-05-10 03:08:11.178] [SRV] [2026-05-10 03:08:11.178] [info]     Installing requirements for ComfyUI-VideoHelperSuite...
[2026-05-10 03:08:11.178] [SRV] 
[2026-05-10 03:08:12.182] [SRV] [2026-05-10 03:08:12.182] [info]     Cloning ComfyUI-KJNodes...
[2026-05-10 03:08:12.182] [SRV] 
[2026-05-10 03:08:13.632] [SRV] [2026-05-10 03:08:13.632] [info]     Installing requirements for ComfyUI-KJNodes...
[2026-05-10 03:08:13.632] [SRV] 
[2026-05-10 03:08:16.170] [SRV] [2026-05-10 03:08:16.170] [info]     Cloning ComfyUI-GeometryPack...
[2026-05-10 03:08:16.170] [SRV] 
[2026-05-10 03:08:18.888] [SRV] [2026-05-10 03:08:18.888] [info]     Installing requirements for ComfyUI-GeometryPack...
[2026-05-10 03:08:18.888] [SRV] 
[2026-05-10 03:08:21.732] [SRV] [2026-05-10 03:08:21.732] [info]     Running install.py for ComfyUI-GeometryPack...
[2026-05-10 03:08:21.732] [SRV] 
[2026-05-10 03:08:22.011] [SRV] [2026-05-10 03:08:22.011] [info]   [comfy-env] Enabled Windows long path support
[2026-05-10 03:08:22.011] [SRV] 
[2026-05-10 03:08:22.046] [SRV] [2026-05-10 03:08:22.046] [error] [!] 
[2026-05-10 03:08:22.047] [SRV] [2026-05-10 03:08:22.047] [error] [comfy-env] pixi not found, downloading...
[2026-05-10 03:08:22.047] [SRV] 
[2026-05-10 03:08:25.194] [SRV] [2026-05-10 03:08:25.194] [error] [!]
[2026-05-10 03:08:25.196] [SRV] [2026-05-10 03:08:25.196] [error]  [comfy-env] pixi installed: C:\Users\runneradmin\.pixi\bin\pixi.exe
[2026-05-10 03:08:25.196] [SRV] 
[2026-05-10 03:08:25.225] [SRV] [2026-05-10 03:08:25.225] [info]   [comfy-env] Workspace: C:\Users\runneradmin\Documents\ComfyUI\.ce
[2026-05-10 03:08:25.225] [SRV] 
[2026-05-10 03:08:25.226] [SRV] [2026-05-10 03:08:25.226] [info]   [comfy-env] ComfyUI: C:\Users\runneradmin\Documents\ComfyUI
[2026-05-10 03:08:25.226] [SRV]  [comfy-env] Found 3 node config(s):
[2026-05-10 03:08:25.226] [SRV]    - depthanythingv3-nodes <- custom_nodes\ComfyUI-DepthAnythingV3\nodes\comfy-env.toml (python=host)
[2026-05-10 03:08:25.226] [SRV]    - geometrypack-nodes <- custom_nodes\ComfyUI-GeometryPack\nodes\comfy-env.toml (python=host)
[2026-05-10 03:08:25.226] [SRV]    - sam3dbody-nodes <- custom_nodes\ComfyUI-SAM3DBody\nodes\comfy-env.toml (python=host)
[2026-05-10 03:08:25.226] [SRV] 
[2026-05-10 03:08:25.230] [SRV] [2026-05-10 03:08:25.230] [info]   [comfy-env] Bootstrap interpreter has python 3.12 + torch 2.10.0 (cpu). Looking for cuda-only wheels matching cpu/torch2.10/cp312.
[2026-05-10 03:08:25.230] [SRV] 
[2026-05-10 03:08:26.880] [SRV] [2026-05-10 03:08:26.880] [info]   [comfy-env] GPU: No GPU detected
[2026-05-10 03:08:26.880] [SRV] 
[2026-05-10 03:08:26.912] [SRV] [2026-05-10 03:08:26.912] [info]   [comfy-env] No CUDA detected -- pinning comfyui torch to CPU index
[2026-05-10 03:08:26.912] [SRV] 
[2026-05-10 03:08:26.914] [SRV] [2026-05-10 03:08:26.914] [info]   [comfy-env] Root conda deps from ComfyUI-DepthAnythingV3: ['av', 'ffmpeg']
[2026-05-10 03:08:26.914] [SRV]  [comfy-env] Root conda deps from ComfyUI-GeometryPack: ['av', 'ffmpeg']
[2026-05-10 03:08:26.914] [SRV]  [comfy-env] Root conda deps from ComfyUI-SAM3DBody: ['av', 'ffmpeg']
[2026-05-10 03:08:26.914] [SRV] 
[2026-05-10 03:08:26.916] [SRV] [2026-05-10 03:08:26.916] [info]   [comfy-env] Desktop app detected: source=C:\Users\runneradmin\.comfy-test-cache\desktop\ComfyUI\resources\ComfyUI, data=C:\Users\runneradmin\Documents\ComfyUI
[2026-05-10 03:08:26.916] [SRV] 
[2026-05-10 03:08:26.919] [SRV] [2026-05-10 03:08:26.919] [info]   [comfy-env] Comfyui feature pin: torch ==2.10.0, torchvision ==0.25.*, torchaudio ==2.10.*
[2026-05-10 03:08:26.919] [SRV] 
[2026-05-10 03:08:26.920] [SRV] [2026-05-10 03:08:26.920] [info]   [comfy-env] Root conda deps: ['av', 'ffmpeg']
[2026-05-10 03:08:26.920] [SRV] 
[2026-05-10 03:08:26.921] [SRV] [2026-05-10 03:08:26.921] [info]   [comfy-env] comfyui312: python 3.12, torch from https://download.pytorch.org/whl/cpu
[2026-05-10 03:08:26.921] [SRV] 
[2026-05-10 03:08:26.923] [SRV] [2026-05-10 03:08:26.923] [info]   Generated C:\Users\runneradmin\Documents\ComfyUI\.ce\pixi.toml
[2026-05-10 03:08:26.923] [SRV] 
[2026-05-10 03:08:26.924] [SRV] [2026-05-10 03:08:26.924] [info]   [comfy-env] Patched C:\Users\runneradmin\AppData\Roaming\uv\python\cpython-3.12.11-windows-x86_64-none\Lib\platform.py for conda-forge compat
[2026-05-10 03:08:26.924] [SRV] 
[2026-05-10 03:08:26.925] [SRV] [2026-05-10 03:08:26.925] [info]   [comfy-env] Installing 3 environment(s):
[2026-05-10 03:08:26.925] [SRV]    - depthanythingv3-nodes (python=host, 9 pypi deps, 2 cuda wheels)
[2026-05-10 03:08:26.925] [SRV]    - geometrypack-nodes (python=host, 13 pypi deps, 1 cuda wheels)
[2026-05-10 03:08:26.925] [SRV]    - sam3dbody-nodes (python=host, 11 pypi deps, 6 cuda wheels)
[2026-05-10 03:08:26.925] [SRV]  [comfy-env] Running `pixi install --all`...
[2026-05-10 03:08:26.925] [SRV] 
[2026-05-10 03:11:38.882] [SRV] [2026-05-10 03:11:38.882] [info]      WARN Skipped running the post-link scripts because `run-post-link-scripts` = `false`
[2026-05-10 03:11:38.882] [SRV] 
[2026-05-10 03:11:38.884] [SRV] [2026-05-10 03:11:38.884] [info]     	- Scripts/.librsvg-pre-unlink.bat
[2026-05-10 03:11:38.884] [SRV]    To enable them, run:
[2026-05-10 03:11:38.884] [SRV]    	pixi config set --local run-post-link-scripts insecure
[2026-05-10 03:11:38.884] [SRV]    More info:
[2026-05-10 03:11:38.884] [SRV]    	https://pixi.sh/latest/reference/pixi_configuration/#run-post-link-scripts
[2026-05-10 03:11:38.884] [SRV] 
[2026-05-10 03:11:50.730] [SRV] [2026-05-10 03:11:50.730] [info]      WARN The package `trimesh==4.12.2` does not have an extra named `easy`
[2026-05-10 03:11:50.730] [SRV] 
[2026-05-10 03:12:21.214] [SRV] [2026-05-10 03:12:21.214] [info]      WARN Skipped running the post-link scripts because `run-post-link-scripts` = `false`
[2026-05-10 03:12:21.214] [SRV]  
[2026-05-10 03:12:21.216] [SRV] [2026-05-10 03:12:21.216] [info]    	- Scripts/.librsvg-pre-unlink.bat
[2026-05-10 03:12:21.216] [SRV]    To enable them, run:
[2026-05-10 03:12:21.216] [SRV]    	pixi config set --local run-post-link-scripts insecure
[2026-05-10 03:12:21.216] [SRV]    More info:
[2026-05-10 03:12:21.216] [SRV]    	https://pixi.sh/latest/reference/pixi_configuration/#run-post-link-scripts
[2026-05-10 03:12:21.216] [SRV] 
[2026-05-10 03:13:03.007] [SRV] [2026-05-10 03:13:03.007] [info]      WARN Skipped running the post-link scripts because `run-post-link-scripts` = `false`
[2026-05-10 03:13:03.007] [SRV]    	- Scripts/.librsvg-pre-unlink.bat
[2026-05-10 03:13:03.007] [SRV] 
[2026-05-10 03:13:03.008] [SRV] [2026-05-10 03:13:03.008] [info]     To enable them, run:
[2026-05-10 03:13:03.008] [SRV]    	pixi config set --local run-post-link-scripts insecure
[2026-05-10 03:13:03.008] [SRV]    More info:
[2026-05-10 03:13:03.008] [SRV]    	https://pixi.sh/latest/reference/pixi_configuration/#run-post-link-scripts
[2026-05-10 03:13:03.008] [SRV] 
[2026-05-10 03:13:41.715] [SRV] [2026-05-10 03:13:41.715] [info]      WARN Skipped running the post-link scripts because `run-post-link-scripts` = `false`
[2026-05-10 03:13:41.715] [SRV]  
[2026-05-10 03:13:41.717] [SRV] [2026-05-10 03:13:41.717] [info]    	- Scripts/.librsvg-pre-unlink.bat
[2026-05-10 03:13:41.717] [SRV]    To enable them, run:
[2026-05-10 03:13:41.717] [SRV]    	pixi config set --local run-post-link-scripts insecure
[2026-05-10 03:13:41.717] [SRV]    More info:
[2026-05-10 03:13:41.717] [SRV]    	https://pixi.sh/latest/reference/pixi_configuration/#run-post-link-scripts
[2026-05-10 03:13:41.717] [SRV] 
[2026-05-10 03:15:17.226] [SRV] [2026-05-10 03:15:17.226] [info]     The following environments have been installed: default, comfyui, depthanythingv3-nodes, geometrypack-nodes, sam3dbody-nodes.
[2026-05-10 03:15:17.226] [SRV] 
[2026-05-10 03:15:17.296] [SRV] [2026-05-10 03:15:17.296] [info]   [comfy-env] Note: env `default` is on disk but no node declares it in this run. Leaving as-is. Remove via `pixi clean --environment default` if intended.
[2026-05-10 03:15:17.296] [SRV] 
[2026-05-10 03:15:17.298] [SRV] [2026-05-10 03:15:17.298] [info]   [comfy-env] Install log: C:\Users\runneradmin\Documents\ComfyUI\.ce\install.log
[2026-05-10 03:15:17.298] [SRV]  
[2026-05-10 03:15:17.298] [SRV]  Installation complete!
[2026-05-10 03:15:17.298] [SRV] 
[2026-05-10 03:15:17.662] [SRV] [2026-05-10 03:15:17.662] [info]   
[2026-05-10 03:15:17.664] [SRV] [2026-05-10 03:15:17.664] [info]  
[2026-05-10 03:15:17.664] [SRV]  [requirements] Re-installing main package requirements...
[2026-05-10 03:15:17.664] [SRV]    Installing requirements for ComfyUI-DepthAnythingV3...
[2026-05-10 03:15:17.664] [SRV] 
[2026-05-10 03:15:17.747] [SRV] [2026-05-10 03:15:17.747] [info]   [comfy-env] Workspace: C:\Users\runneradmin\Documents\ComfyUI\.ce
[2026-05-10 03:15:17.747] [SRV]  
[2026-05-10 03:15:17.748] [SRV] [2026-05-10 03:15:17.748] [info]  [comfy-env] ComfyUI: C:\Users\runneradmin\Documents\ComfyUI
[2026-05-10 03:15:17.748] [SRV]  [comfy-env] Found 3 node config(s):
[2026-05-10 03:15:17.748] [SRV]    - depthanythingv3-nodes <- custom_nodes\ComfyUI-DepthAnythingV3\nodes\comfy-env.toml (python=host)
[2026-05-10 03:15:17.748] [SRV]    - geometrypack-nodes <- custom_nodes\ComfyUI-GeometryPack\nodes\comfy-env.toml (python=host)
[2026-05-10 03:15:17.748] [SRV]    - sam3dbody-nodes <- custom_nodes\ComfyUI-SAM3DBody\nodes\comfy-env.toml (python=host)
[2026-05-10 03:15:17.748] [SRV] 
[2026-05-10 03:15:17.752] [SRV] [2026-05-10 03:15:17.752] [info]   [comfy-env] Bootstrap interpreter has python 3.12 + torch 2.10.0 (cpu). Looking for cuda-only wheels matching cpu/torch2.10/cp312.
[2026-05-10 03:15:17.752] [SRV] 
[2026-05-10 03:15:19.345] [SRV] [2026-05-10 03:15:19.345] [info]   [comfy-env] GPU: No GPU detected
[2026-05-10 03:15:19.345] [SRV] 
[2026-05-10 03:15:19.374] [SRV] [2026-05-10 03:15:19.374] [info]   [comfy-env] No CUDA detected -- pinning comfyui torch to CPU index
[2026-05-10 03:15:19.374] [SRV] 
[2026-05-10 03:15:19.376] [SRV] [2026-05-10 03:15:19.376] [info]   [comfy-env] Root conda deps from ComfyUI-DepthAnythingV3: ['av', 'ffmpeg']
[2026-05-10 03:15:19.376] [SRV]  [comfy-env] Root conda deps from ComfyUI-GeometryPack: ['av', 'ffmpeg']
[2026-05-10 03:15:19.376] [SRV]  [comfy-env] Root conda deps from ComfyUI-SAM3DBody: ['av', 'ffmpeg']
[2026-05-10 03:15:19.376] [SRV] 
[2026-05-10 03:15:19.379] [SRV] [2026-05-10 03:15:19.379] [info]   [comfy-env] Desktop app detected: source=C:\Users\runneradmin\.comfy-test-cache\desktop\ComfyUI\resources\ComfyUI, data=C:\Users\runneradmin\Documents\ComfyUI
[2026-05-10 03:15:19.379] [SRV] 
[2026-05-10 03:15:19.381] [SRV] [2026-05-10 03:15:19.381] [info]   [comfy-env] Comfyui feature pin: torch ==2.10.0, torchvision ==0.25.*, torchaudio ==2.10.*
[2026-05-10 03:15:19.381] [SRV] 
[2026-05-10 03:15:19.382] [SRV] [2026-05-10 03:15:19.382] [info]   [comfy-env] Root conda deps: ['av', 'ffmpeg']
[2026-05-10 03:15:19.382] [SRV] 
[2026-05-10 03:15:19.383] [SRV] [2026-05-10 03:15:19.383] [info]   [comfy-env] comfyui312: python 3.12, torch from https://download.pytorch.org/whl/cpu
[2026-05-10 03:15:19.383] [SRV] 
[2026-05-10 03:15:19.384] [SRV] [2026-05-10 03:15:19.384] [info]   Generated C:\Users\runneradmin\Documents\ComfyUI\.ce\pixi.toml
[2026-05-10 03:15:19.384] [SRV] 
[2026-05-10 03:15:19.385] [SRV] [2026-05-10 03:15:19.385] [info]   [comfy-env] Patched C:\Users\runneradmin\AppData\Roaming\uv\python\cpython-3.12.11-windows-x86_64-none\Lib\platform.py for conda-forge compat
[2026-05-10 03:15:19.385] [SRV]  [comfy-env] Installing 3 environment(s):
[2026-05-10 03:15:19.385] [SRV] 
[2026-05-10 03:15:19.386] [SRV] [2026-05-10 03:15:19.386] [info]     - depthanythingv3-nodes (python=host, 9 pypi deps, 2 cuda wheels)
[2026-05-10 03:15:19.386] [SRV]    - geometrypack-nodes (python=host, 13 pypi deps, 1 cuda wheels)
[2026-05-10 03:15:19.386] [SRV]    - sam3dbody-nodes (python=host, 11 pypi deps, 6 cuda wheels)
[2026-05-10 03:15:19.386] [SRV]  [comfy-env] Running `pixi install --all`...
[2026-05-10 03:15:19.386] [SRV] 
[2026-05-10 03:15:19.576] [SRV] [2026-05-10 03:15:19.576] [info]     The following environments have been installed: default, comfyui, depthanythingv3-nodes, geometrypack-nodes, sam3dbody-nodes.
[2026-05-10 03:15:19.576] [SRV] 
[2026-05-10 03:15:19.584] [SRV] [2026-05-10 03:15:19.584] [info]   [comfy-env] Note: env `default` is on disk but no node declares it in this run. Leaving as-is. Remove via `pixi clean --environment default` if intended.
[2026-05-10 03:15:19.584] [SRV] 
[2026-05-10 03:15:19.585] [SRV] [2026-05-10 03:15:19.585] [info]   [comfy-env] Install log: C:\Users\runneradmin\Documents\ComfyUI\.ce\install.log
[2026-05-10 03:15:19.585] [SRV]  
[2026-05-10 03:15:19.585] [SRV]  Installation complete!
[2026-05-10 03:15:19.585] [SRV] 
[2026-05-10 03:15:19.886] [SRV] [2026-05-10 03:15:19.886] [info]     ComfyUI-VideoHelperSuite: exists
[2026-05-10 03:15:19.886] [SRV]  
[2026-05-10 03:15:19.887] [SRV] [2026-05-10 03:15:19.887] [info]    ComfyUI-KJNodes: exists
[2026-05-10 03:15:19.887] [SRV]    ComfyUI-GeometryPack: exists
[2026-05-10 03:15:19.887] [SRV]    Cloning ComfyUI-CameraPack...
[2026-05-10 03:15:19.887] [SRV] 
[2026-05-10 03:15:20.433] [SRV] [2026-05-10 03:15:20.433] [info]   
[2026-05-10 03:15:20.433] [SRV] 
[2026-05-10 03:15:20.434] [SRV] [2026-05-10 03:15:20.434] [info]   [requirements] Re-installing main package requirements...
[2026-05-10 03:15:20.434] [SRV]    Installing requirements for ComfyUI-SAM3DBody...
[2026-05-10 03:15:20.434] [SRV] 
[2026-05-10 03:15:20.505] [SRV] [2026-05-10 03:15:20.505] [info]   [comfy-env] Workspace: C:\Users\runneradmin\Documents\ComfyUI\.ce
[2026-05-10 03:15:20.505] [SRV]  
[2026-05-10 03:15:20.507] [SRV] [2026-05-10 03:15:20.507] [info]  [comfy-env] ComfyUI: C:\Users\runneradmin\Documents\ComfyUI
[2026-05-10 03:15:20.507] [SRV]  [comfy-env] Found 3 node config(s):
[2026-05-10 03:15:20.507] [SRV]    - depthanythingv3-nodes <- custom_nodes\ComfyUI-DepthAnythingV3\nodes\comfy-env.toml (python=host)
[2026-05-10 03:15:20.507] [SRV]    - geometrypack-nodes <- custom_nodes\ComfyUI-GeometryPack\nodes\comfy-env.toml (python=host)
[2026-05-10 03:15:20.507] [SRV]    - sam3dbody-nodes <- custom_nodes\ComfyUI-SAM3DBody\nodes\comfy-env.toml (python=host)
[2026-05-10 03:15:20.507] [SRV] 
[2026-05-10 03:15:20.513] [SRV] [2026-05-10 03:15:20.513] [info]   [comfy-env] Bootstrap interpreter has python 3.12 + torch 2.10.0 (cpu). Looking for cuda-only wheels matching cpu/torch2.10/cp312.
[2026-05-10 03:15:20.513] [SRV] 
[2026-05-10 03:15:22.123] [SRV] [2026-05-10 03:15:22.123] [info]   [comfy-env] GPU: No GPU detected
[2026-05-10 03:15:22.123] [SRV] 
[2026-05-10 03:15:22.153] [SRV] [2026-05-10 03:15:22.153] [info]   [comfy-env] No CUDA detected -- pinning comfyui torch to CPU index
[2026-05-10 03:15:22.153] [SRV] 
[2026-05-10 03:15:22.154] [SRV] [2026-05-10 03:15:22.154] [info]   [comfy-env] Root conda deps from ComfyUI-DepthAnythingV3: ['av', 'ffmpeg']
[2026-05-10 03:15:22.154] [SRV]  [comfy-env] Root conda deps from ComfyUI-GeometryPack: ['av', 'ffmpeg']
[2026-05-10 03:15:22.154] [SRV] 
[2026-05-10 03:15:22.155] [SRV] [2026-05-10 03:15:22.155] [info]   [comfy-env] Root conda deps from ComfyUI-SAM3DBody: ['av', 'ffmpeg']
[2026-05-10 03:15:22.155] [SRV] 
[2026-05-10 03:15:22.156] [SRV] [2026-05-10 03:15:22.156] [info]   [comfy-env] Desktop app detected: source=C:\Users\runneradmin\.comfy-test-cache\desktop\ComfyUI\resources\ComfyUI, data=C:\Users\runneradmin\Documents\ComfyUI
[2026-05-10 03:15:22.156] [SRV] 
[2026-05-10 03:15:22.159] [SRV] [2026-05-10 03:15:22.159] [info]   [comfy-env] Comfyui feature pin: torch ==2.10.0, torchvision ==0.25.*, torchaudio ==2.10.*
[2026-05-10 03:15:22.159] [SRV] 
[2026-05-10 03:15:22.160] [SRV] [2026-05-10 03:15:22.160] [info]   [comfy-env] Root conda deps: ['av', 'ffmpeg']
[2026-05-10 03:15:22.160] [SRV] 
[2026-05-10 03:15:22.161] [SRV] [2026-05-10 03:15:22.161] [info]   [comfy-env] comfyui312: python 3.12, torch from https://download.pytorch.org/whl/cpu
[2026-05-10 03:15:22.161] [SRV] 
[2026-05-10 03:15:22.162] [SRV] [2026-05-10 03:15:22.162] [info]   Generated C:\Users\runneradmin\Documents\ComfyUI\.ce\pixi.toml
[2026-05-10 03:15:22.162] [SRV] 
[2026-05-10 03:15:22.163] [SRV] [2026-05-10 03:15:22.163] [info]   [comfy-env] Installing 3 environment(s):
[2026-05-10 03:15:22.163] [SRV]    - depthanythingv3-nodes (python=host, 9 pypi deps, 2 cuda wheels)
[2026-05-10 03:15:22.163] [SRV]    - geometrypack-nodes (python=host, 13 pypi deps, 1 cuda wheels)
[2026-05-10 03:15:22.163] [SRV]    - sam3dbody-nodes (python=host, 11 pypi deps, 6 cuda wheels)
[2026-05-10 03:15:22.163] [SRV]  [comfy-env] Running `pixi install --all`...
[2026-05-10 03:15:22.163] [SRV] 
[2026-05-10 03:15:22.314] [SRV] [2026-05-10 03:15:22.314] [info]     The following environments have been installed: default, comfyui, depthanythingv3-nodes, geometrypack-nodes, sam3dbody-nodes.
[2026-05-10 03:15:22.314] [SRV] 
[2026-05-10 03:15:22.321] [SRV] [2026-05-10 03:15:22.321] [info]   [comfy-env] Note: env `default` is on disk but no node declares it in this run. Leaving as-is. Remove via `pixi clean --environment default` if intended.
[2026-05-10 03:15:22.321] [SRV] 
[2026-05-10 03:15:22.322] [SRV] [2026-05-10 03:15:22.322] [info]   [comfy-env] Install log: C:\Users\runneradmin\Documents\ComfyUI\.ce\install.log
[2026-05-10 03:15:22.322] [SRV]  
[2026-05-10 03:15:22.322] [SRV]  Installation complete!
[2026-05-10 03:15:22.322] [SRV] 
[2026-05-10 03:15:22.586] [SRV] [2026-05-10 03:15:22.586] [info]  
[2026-05-10 03:15:22.586] [SRV] [ComfyUI-Manager] Startup script completed.
[2026-05-10 03:15:22.586] [SRV] #######################################################################
[2026-05-10 03:15:22.586] [SRV] 
[2026-05-10 03:15:22.586] [SRV] 
[2026-05-10 03:15:23.189] [SRV] [2026-05-10 03:15:23.189] [info]  [ComfyUI-Manager] Skipped fixing the 'comfyui-frontend-package' dependency because the ComfyUI is outdated.
[2026-05-10 03:15:23.189] [SRV] 
[2026-05-10 03:15:23.191] [SRV] [2026-05-10 03:15:23.191] [info]  [ComfyUI-Manager] Restarting to reapply dependency installation.
[2026-05-10 03:15:23.191] [SRV] Command: ['"C:\\Users\\runneradmin\\Documents\\ComfyUI\\.venv\\Scripts\\python.exe"', '"C:\\Users\\runneradmin\\.comfy-test-cache\\desktop\\ComfyUI\\resources\\ComfyUI\\main.py"', '--user-directory', 'C:\\Users\\runneradmin\\Documents\\ComfyUI\\user', '--input-directory', 'C:\\Users\\runneradmin\\Documents\\ComfyUI\\input', '--output-directory', 'C:\\Users\\runneradmin\\Documents\\ComfyUI\\output', '--front-end-root', 'C:\\Users\\runneradmin\\.comfy-test-cache\\desktop\\ComfyUI\\resources\\ComfyUI\\web_custom_versions\\desktop_app', '--base-directory', 'C:\\Users\\runneradmin\\Documents\\ComfyUI', '--database-url', 'sqlite:///C:/Users/runneradmin/Documents/ComfyUI/user/comfyui.db', '--extra-model-paths-config', 'C:\\Users\\runneradmin\\AppData\\Roaming\\ComfyUI\\extra_models_config.yaml', '--log-stdout', '--listen', '127.0.0.1', '--port', '8000', '--enable-manager', '--cpu']
[2026-05-10 03:15:23.191] [SRV] --------------------------------------------------------------------------
[2026-05-10 03:15:23.191] [SRV] 
[2026-05-10 03:15:23.191] [SRV] 
[2026-05-10 03:15:23.775] [SRV] [2026-05-10 03:15:23.775] [info]  setup plugin alembic.autogenerate.schemas
[2026-05-10 03:15:23.775] [SRV] setup plugin alembic.autogenerate.tables
[2026-05-10 03:15:23.775] [SRV] 
[2026-05-10 03:15:23.777] [SRV] [2026-05-10 03:15:23.777] [info]  setup plugin alembic.autogenerate.types
[2026-05-10 03:15:23.777] [SRV] setup plugin alembic.autogenerate.constraints
[2026-05-10 03:15:23.777] [SRV] setup plugin alembic.autogenerate.defaults
[2026-05-10 03:15:23.777] [SRV] setup plugin alembic.autogenerate.comments
[2026-05-10 03:15:23.777] [SRV] 
[2026-05-10 03:15:24.230] [SRV] [2026-05-10 03:15:24.230] [info]  Adding extra search path custom_nodes C:\Users\runneradmin\Documents\ComfyUI\custom_nodes
[2026-05-10 03:15:24.230] [SRV] Adding extra search path download_model_base C:\Users\runneradmin\Documents\ComfyUI\models
[2026-05-10 03:15:24.230] [SRV] Adding extra search path custom_nodes C:\Users\runneradmin\.comfy-test-cache\desktop\ComfyUI\resources\ComfyUI\custom_nodes
[2026-05-10 03:15:24.230] [SRV] 
[2026-05-10 03:15:24.232] [SRV] [2026-05-10 03:15:24.232] [info]  Setting output directory to: C:\Users\runneradmin\Documents\ComfyUI\output
[2026-05-10 03:15:24.232] [SRV] Setting input directory to: C:\Users\runneradmin\Documents\ComfyUI\input
[2026-05-10 03:15:24.232] [SRV] Setting user directory to: C:\Users\runneradmin\Documents\ComfyUI\user
[2026-05-10 03:15:24.232] [SRV] 
[2026-05-10 03:15:25.829] [SRV] [2026-05-10 03:15:25.829] [info]  [START] Security scan
[2026-05-10 03:15:25.829] [SRV] [DONE] Security scan
[2026-05-10 03:15:25.829] [SRV] ** ComfyUI startup time: 
[2026-05-10 03:15:25.831] [SRV] [2026-05-10 03:15:25.831] [info]  2026-05-10 03:15:25.828
[2026-05-10 03:15:25.831] [SRV] ** Platform: Windows
[2026-05-10 03:15:25.831] [SRV] ** Python version: 3.12.11 (main, Aug 18 2025, 19:17:54) [MSC v.1944 64 bit (AMD64)]
[2026-05-10 03:15:25.831] [SRV] ** Python executable: C:\Users\runneradmin\Documents\ComfyUI\.venv\Scripts\python.exe
[2026-05-10 03:15:25.831] [SRV] ** ComfyUI Path: C:\Users\runneradmin\.comfy-test-cache\desktop\ComfyUI\resources\ComfyUI
[2026-05-10 03:15:25.831] [SRV] ** ComfyUI Base Folder Path: C:\Users\runneradmin\.comfy-test-cache\desktop\ComfyUI\resources\ComfyUI
[2026-05-10 03:15:25.831] [SRV] 
[2026-05-10 03:15:25.832] [SRV] [2026-05-10 03:15:25.832] [info]  ** User directory: C:\Users\runneradmin\Documents\ComfyUI\user
[2026-05-10 03:15:25.834] [SRV] [2026-05-10 03:15:25.834] [info]  
[2026-05-10 03:15:25.834] [SRV] ** ComfyUI-Manager config path: C:\Users\runneradmin\Documents\ComfyUI\user\__manager\config.ini
[2026-05-10 03:15:25.834] [SRV] ** Log path: C:\Users\runneradmin\Documents\ComfyUI\user\comfyui.log
[2026-05-10 03:15:25.834] [SRV] 
[2026-05-10 03:15:27.056] [SRV] [2026-05-10 03:15:27.056] [info]  [ComfyUI-Manager] Skipped fixing the 'comfyui-frontend-package' dependency because the ComfyUI is outdated.
[2026-05-10 03:15:27.056] [SRV] 
[2026-05-10 03:15:27.057] [SRV] [2026-05-10 03:15:27.057] [info]  [PRE] ComfyUI-Manager
[2026-05-10 03:15:27.057] [SRV] 
[2026-05-10 03:15:27.488] [SRV] [2026-05-10 03:15:27.488] [error] [comfy-env] ComfyUI-DepthAnythingV3: 1 isolation env(s):
[2026-05-10 03:15:27.490] [SRV] [2026-05-10 03:15:27.490] [error] 
[2026-05-10 03:15:27.490] [SRV] [comfy-env]   nodes -> C:\Users\runneradmin\Documents\ComfyUI\custom_nodes\ComfyUI-DepthAnythingV3\nodes
[2026-05-10 03:15:27.490] [SRV] 
[2026-05-10 03:15:27.491] [SRV] [2026-05-10 03:15:27.491] [error] [comfy-env] prestartup complete
[2026-05-10 03:15:27.491] [SRV] 
[2026-05-10 03:15:27.605] [SRV] [2026-05-10 03:15:27.605] [error] [comfy-env] ComfyUI-GeometryPack: 1 isolation env(s):
[2026-05-10 03:15:27.608] [SRV] [2026-05-10 03:15:27.608] [error] 
[2026-05-10 03:15:27.608] [SRV] [comfy-env]   nodes -> C:\Users\runneradmin\Documents\ComfyUI\custom_nodes\ComfyUI-GeometryPack\nodes
[2026-05-10 03:15:27.608] [SRV] [comfy-env] prestartup complete
[2026-05-10 03:15:27.608] [SRV] 
[2026-05-10 03:15:27.802] [SRV] [2026-05-10 03:15:27.802] [error] [comfy-env] ComfyUI-SAM3DBody: 1 isolation env(s):
[2026-05-10 03:15:27.803] [SRV] [2026-05-10 03:15:27.803] [error] 
[2026-05-10 03:15:27.803] [SRV] [comfy-env]   nodes -> C:\Users\runneradmin\Documents\ComfyUI\custom_nodes\ComfyUI-SAM3DBody\nodes
[2026-05-10 03:15:27.803] [SRV] [comfy-env] prestartup complete
[2026-05-10 03:15:27.803] [SRV] 
[2026-05-10 03:15:30.872] [SRV] [2026-05-10 03:15:30.872] [info]  Found comfy_kitchen backend cuda: {'available': False, 'disabled': True, 'unavailable_reason': 'CUDA not available on this system', 'capabilities': []}
[2026-05-10 03:15:30.872] [SRV] Found comfy_kitchen backend eager: {'available': True, 'disabled': False, 'unavailable_reason': None, 'capabilities': ['apply_rope', 'apply_rope1', 'dequantize_mxfp8', 'dequantize_nvfp4', 'dequantize_per_tensor_fp8', 'quantize_mxfp8', 'quantize_nvfp4', 'quantize_per_tensor_fp8', 'scaled_mm_mxfp8', 'scaled_mm_nvfp4']}
[2026-05-10 03:15:30.872] [SRV] 
[2026-05-10 03:15:30.873] [SRV] [2026-05-10 03:15:30.873] [info]  Found comfy_kitchen backend triton: {'available': False, 'disabled': True, 'unavailable_reason': "ImportError: No module named 'triton'", 'capabilities': []}
[2026-05-10 03:15:30.873] [SRV] 
[2026-05-10 03:15:30.882] [SRV] [2026-05-10 03:15:30.882] [info]  Checkpoint files will always be loaded safely.
[2026-05-10 03:15:30.882] [SRV] 
[2026-05-10 03:15:30.897] [SRV] [2026-05-10 03:15:30.897] [info]  Total VRAM 16379 MB, total RAM 16379 MB
[2026-05-10 03:15:30.897] [SRV] pytorch version: 2.10.0+cpu
[2026-05-10 03:15:30.897] [SRV] 
[2026-05-10 03:15:30.899] [SRV] [2026-05-10 03:15:30.899] [info]  Set vram state to: DISABLED
[2026-05-10 03:15:30.899] [SRV] Device: cpu
[2026-05-10 03:15:30.899] [SRV] 
[2026-05-10 03:15:31.167] [SRV] [2026-05-10 03:15:31.167] [info]  Using sub quadratic optimization for attention, if you have memory or speed issues try using: --use-split-cross-attention
[2026-05-10 03:15:31.167] [SRV] 
[2026-05-10 03:15:33.945] [SRV] [2026-05-10 03:15:33.945] [info]  Python version: 3.12.11 (main, Aug 18 2025, 19:17:54) [MSC v.1944 64 bit (AMD64)]
[2026-05-10 03:15:33.945] [SRV] ComfyUI version: 0.20.1
[2026-05-10 03:15:33.945] [SRV] 
[2026-05-10 03:15:33.947] [SRV] [2026-05-10 03:15:33.947] [info]  comfy-aimdo version: 0.2.14
[2026-05-10 03:15:33.947] [SRV] 
[2026-05-10 03:15:33.948] [SRV] [2026-05-10 03:15:33.948] [info]  comfy-kitchen version: 0.2.8
[2026-05-10 03:15:33.948] [SRV] 
[2026-05-10 03:15:33.950] [SRV] [2026-05-10 03:15:33.950] [info]  [Prompt Server] web root: C:\Users\runneradmin\.comfy-test-cache\desktop\ComfyUI\resources\ComfyUI\web_custom_versions\desktop_app
[2026-05-10 03:15:33.950] [SRV] 
[2026-05-10 03:15:33.952] [SRV] [2026-05-10 03:15:33.952] [info]  Asset seeder disabled
[2026-05-10 03:15:33.952] [SRV] 
[2026-05-10 03:15:33.953] [SRV] [2026-05-10 03:15:33.953] [info]  [START] ComfyUI-Manager
[2026-05-10 03:15:33.953] [SRV] 
[2026-05-10 03:15:34.071] [SRV] [2026-05-10 03:15:34.071] [info]  [ComfyUI-Manager] Using GitPython backend
[2026-05-10 03:15:34.071] [SRV] 
[2026-05-10 03:15:34.162] [SRV] [2026-05-10 03:15:34.162] [info]  [ComfyUI-Manager] network_mode: public
[2026-05-10 03:15:34.162] [SRV] [ComfyUI-Manager] The matrix sharing feature has been disabled because the `matrix-nio` dependency is not installed.
[2026-05-10 03:15:34.162] [SRV] 	To use this feature, please run the following command:
[2026-05-10 03:15:34.162] [SRV] 	C:\Users\runneradmin\Documents\ComfyUI\.venv\Scripts\python.exe -m pip install matrix-nio
[2026-05-10 03:15:34.162] [SRV] 
[2026-05-10 03:15:34.162] [SRV] 
[2026-05-10 03:15:35.861] [SRV] [2026-05-10 03:15:35.861] [error] [comfy-env] Version: 0.3.78
[2026-05-10 03:15:35.863] [SRV] [2026-05-10 03:15:35.863] [error] 
[2026-05-10 03:15:35.863] [SRV] 
[2026-05-10 03:15:37.614] [SRV] [2026-05-10 03:15:37.614] [error] [comfy-env] register_nodes: ComfyUI-DepthAnythingV3
[2026-05-10 03:15:37.616] [SRV] [2026-05-10 03:15:37.616] [error] 
[2026-05-10 03:15:37.616] [SRV] 
[2026-05-10 03:15:37.620] [SRV] [2026-05-10 03:15:37.620] [error] [comfy-env] ComfyUI source dir: C:\Users\runneradmin\.comfy-test-cache\desktop\ComfyUI\resources\ComfyUI
[2026-05-10 03:15:37.621] [SRV] [2026-05-10 03:15:37.621] [error] 
[2026-05-10 03:15:37.621] [SRV] 
[2026-05-10 03:15:37.623] [SRV] [2026-05-10 03:15:37.623] [error] [comfy-env] Scanning nodes metadata (isolation root)...
[2026-05-10 03:15:37.624] [SRV] [2026-05-10 03:15:37.624] [error] 
[2026-05-10 03:15:37.624] [SRV] 
[2026-05-10 03:15:54.523] [SRV] [2026-05-10 03:15:54.523] [error] [comfy-env] Scanned nodes: 15 nodes (16.9s)
[2026-05-10 03:15:54.524] [SRV] [2026-05-10 03:15:54.524] [error] 
[2026-05-10 03:15:54.524] [SRV] 
[2026-05-10 03:15:54.527] [SRV] [2026-05-10 03:15:54.527] [error] [comfy-env] Scanned nodes root: 15 nodes (16.9s)
[2026-05-10 03:15:54.529] [SRV] [2026-05-10 03:15:54.529] [error] 
[2026-05-10 03:15:54.529] [SRV] 
[2026-05-10 03:15:54.531] [SRV] [2026-05-10 03:15:54.531] [error] [comfy-env] Imported nodes root: 15 nodes (isolation)
[2026-05-10 03:15:54.532] [SRV] [2026-05-10 03:15:54.532] [error] 
[2026-05-10 03:15:54.532] [SRV] 
[2026-05-10 03:15:54.533] [SRV] [2026-05-10 03:15:54.533] [error] [comfy-env] Registered 15 total nodes
[2026-05-10 03:15:54.538] [SRV] [2026-05-10 03:15:54.538] [error] 
[2026-05-10 03:15:54.538] [SRV] 
[2026-05-10 03:15:54.542] [SRV] [2026-05-10 03:15:54.542] [info]  loading...
[2026-05-10 03:15:54.542] [SRV] 
[2026-05-10 03:15:54.543] [SRV] [2026-05-10 03:15:54.543] [info]  calling register_nodes
[2026-05-10 03:15:54.543] [SRV] 
[2026-05-10 03:15:54.545] [SRV] [2026-05-10 03:15:54.545] [error] [comfy-env] Version: 0.3.78
[2026-05-10 03:15:54.546] [SRV] [2026-05-10 03:15:54.546] [error] 
[2026-05-10 03:15:54.546] [SRV] 
[2026-05-10 03:15:54.586] [SRV] [2026-05-10 03:15:54.586] [error] [comfy-env] register_nodes: ComfyUI-GeometryPack
[2026-05-10 03:15:54.588] [SRV] [2026-05-10 03:15:54.588] [error] 
[2026-05-10 03:15:54.588] [SRV] 
[2026-05-10 03:15:54.626] [SRV] [2026-05-10 03:15:54.626] [error] [comfy-env] ComfyUI source dir: C:\Users\runneradmin\.comfy-test-cache\desktop\ComfyUI\resources\ComfyUI
[2026-05-10 03:15:54.628] [SRV] [2026-05-10 03:15:54.628] [error] 
[2026-05-10 03:15:54.628] [SRV] 
[2026-05-10 03:15:54.634] [SRV] [2026-05-10 03:15:54.634] [error] [comfy-env] Scanning nodes metadata (isolation root)...
[2026-05-10 03:15:54.635] [SRV] [2026-05-10 03:15:54.635] [error] 
[2026-05-10 03:15:54.635] [SRV] 
[2026-05-10 03:16:14.782] [SRV] [2026-05-10 03:16:14.782] [error] [comfy-env] Scanned nodes: 125 nodes (20.1s)
[2026-05-10 03:16:14.784] [SRV] [2026-05-10 03:16:14.784] [error] 
[2026-05-10 03:16:14.784] [SRV] 
[2026-05-10 03:16:14.785] [SRV] [2026-05-10 03:16:14.785] [error] [comfy-env] Scanned nodes root: 125 nodes (20.2s)
[2026-05-10 03:16:14.786] [SRV] [2026-05-10 03:16:14.786] [error] 
[2026-05-10 03:16:14.786] [SRV] 
[2026-05-10 03:16:15.005] [SRV] [2026-05-10 03:16:15.005] [error] [comfy-env] Imported nodes root: 125 nodes (isolation)
[2026-05-10 03:16:15.007] [SRV] [2026-05-10 03:16:15.007] [error] 
[2026-05-10 03:16:15.007] [SRV] 
[2026-05-10 03:16:15.008] [SRV] [2026-05-10 03:16:15.008] [error] [comfy-env] Registered 125 total nodes
[2026-05-10 03:16:15.008] [SRV] 
[2026-05-10 03:16:16.210] [SRV] [2026-05-10 03:16:16.210] [info]  ComfyUI-Multiband loaded: 15 nodes registered
[2026-05-10 03:16:16.210] [SRV] 
[2026-05-10 03:16:16.217] [SRV] [2026-05-10 03:16:16.217] [error] [comfy-env] Version: 0.3.78
[2026-05-10 03:16:16.218] [SRV] [2026-05-10 03:16:16.218] [error] 
[2026-05-10 03:16:16.218] [SRV] 
[2026-05-10 03:16:16.252] [SRV] [2026-05-10 03:16:16.252] [error] [comfy-env] register_nodes: ComfyUI-SAM3DBody
[2026-05-10 03:16:16.253] [SRV] [2026-05-10 03:16:16.253] [error] 
[2026-05-10 03:16:16.253] [SRV] 
[2026-05-10 03:16:16.256] [SRV] [2026-05-10 03:16:16.256] [error] [comfy-env] ComfyUI source dir: C:\Users\runneradmin\.comfy-test-cache\desktop\ComfyUI\resources\ComfyUI
[2026-05-10 03:16:16.257] [SRV] [2026-05-10 03:16:16.257] [error] 
[2026-05-10 03:16:16.257] [SRV] 
[2026-05-10 03:16:16.260] [SRV] [2026-05-10 03:16:16.260] [error] [comfy-env] Scanning nodes metadata (isolation root)...
[2026-05-10 03:16:16.261] [SRV] [2026-05-10 03:16:16.261] [error] 
[2026-05-10 03:16:16.261] [SRV] 
[2026-05-10 03:16:24.170] [SRV] [2026-05-10 03:16:24.170] [error] [comfy-env] Scanned nodes: 15 nodes (7.9s)
[2026-05-10 03:16:24.171] [SRV] [2026-05-10 03:16:24.171] [error] 
[2026-05-10 03:16:24.171] [SRV] 
[2026-05-10 03:16:24.172] [SRV] [2026-05-10 03:16:24.172] [error] [comfy-env] Scanned nodes root: 15 nodes (7.9s)
[2026-05-10 03:16:24.172] [SRV] 
[2026-05-10 03:16:24.173] [SRV] [2026-05-10 03:16:24.173] [error] [comfy-env] Imported nodes root: 15 nodes (isolation)
[2026-05-10 03:16:24.173] [SRV] 
[2026-05-10 03:16:24.174] [SRV] [2026-05-10 03:16:24.174] [error] [comfy-env] Registered 15 total nodes
[2026-05-10 03:16:24.174] [SRV] 
[2026-05-10 03:16:24.311] [SRV] [2026-05-10 03:16:24.311] [info]  
[2026-05-10 03:16:24.311] [SRV] Import times for custom nodes:
[2026-05-10 03:16:24.311] [SRV] 
[2026-05-10 03:16:24.313] [SRV] [2026-05-10 03:16:24.313] [info]     0.0 seconds: C:\Users\runneradmin\.comfy-test-cache\desktop\ComfyUI\resources\ComfyUI\custom_nodes\websocket_image_save.py
[2026-05-10 03:16:24.313] [SRV]    0.0 seconds: C:\Users\runneradmin\Documents\ComfyUI\custom_nodes\ComfyUI-CameraPack
[2026-05-10 03:16:24.313] [SRV]    0.1 seconds: C:\Users\runneradmin\Documents\ComfyUI\custom_nodes\ComfyUI-VideoHelperSuite
[2026-05-10 03:16:24.313] [SRV]    0.3 seconds: C:\Users\runneradmin\Documents\ComfyUI\custom_nodes\ComfyUI-KJNodes
[2026-05-10 03:16:24.313] [SRV]    0.9 seconds: C:\Users\runneradmin\Documents\ComfyUI\custom_nodes\ComfyUI-Multiband
[2026-05-10 03:16:24.313] [SRV]    8.0 seconds: C:\Users\runneradmin\Documents\ComfyUI\custom_nodes\ComfyUI-SAM3DBody
[2026-05-10 03:16:24.313] [SRV]   18.7 seconds: C:\Users\runneradmin\Documents\ComfyUI\custom_nodes\ComfyUI-DepthAnythingV3
[2026-05-10 03:16:24.313] [SRV]   20.5 seconds: C:\Users\runneradmin\Documents\ComfyUI\custom_nodes\ComfyUI-GeometryPack
[2026-05-10 03:16:24.313] [SRV] 
[2026-05-10 03:16:24.313] [SRV] 
[2026-05-10 03:16:24.315] [SRV] [2026-05-10 03:16:24.315] [info]  Context impl SQLiteImpl.
[2026-05-10 03:16:24.315] [SRV] 
[2026-05-10 03:16:24.316] [SRV] [2026-05-10 03:16:24.316] [info]  Will assume non-transactional DDL.
[2026-05-10 03:16:24.316] [SRV] 
[2026-05-10 03:16:24.407] [SRV] [2026-05-10 03:16:24.407] [info]  Starting server
[2026-05-10 03:16:24.407] [SRV] 
[2026-05-10 03:16:24.407] [SRV] 
[2026-05-10 03:16:24.408] [SRV] [2026-05-10 03:16:24.408] [info]  To see the GUI go to: http://127.0.0.1:8000
[2026-05-10 03:16:24.408] [SRV] 
[2026-05-10 03:16:32.098] [SRV] [2026-05-10 03:16:32.098] [info]  [ComfyUI-Manager] The ComfyRegistry cache update is still in progress, so an outdated cache is being used.
[2026-05-10 03:16:32.098] [SRV] 
[2026-05-10 03:16:32.229] [SRV] [2026-05-10 03:16:32.229] [info]  FETCH DATA from: C:\Users\runneradmin\Documents\ComfyUI\.venv\Lib\site-packages\comfyui_manager\custom-node-list.json
[2026-05-10 03:16:32.254] [SRV] [2026-05-10 03:16:32.254] [info]   [DONE]
[2026-05-10 03:16:32.254] [SRV] 
[2026-05-10 03:16:32.319] [SRV] [2026-05-10 03:16:32.319] [info]  [DEPRECATION WARNING] Detected import of deprecated legacy API: /extensions/core/widgetInputs.js. This is likely caused by a custom node extension using outdated APIs. Please update your extensions or contact the extension author for an updated version.
[2026-05-10 03:16:32.319] [SRV] 
[2026-05-10 03:16:38.375] [SRV] [2026-05-10 03:16:38.375] [info]  [ComfyUI-Manager] The ComfyRegistry cache update is still in progress, so an outdated cache is being used.
[2026-05-10 03:16:38.375] [SRV] 
[2026-05-10 03:16:38.491] [SRV] [2026-05-10 03:16:38.491] [info]  FETCH DATA from: C:\Users\runneradmin\Documents\ComfyUI\.venv\Lib\site-packages\comfyui_manager\custom-node-list.json
[2026-05-10 03:16:38.520] [SRV] [2026-05-10 03:16:38.520] [info]   [DONE]
[2026-05-10 03:16:38.520] [SRV] 
[2026-05-10 03:16:57.024] [SRV] [2026-05-10 03:16:57.024] [info]  got prompt
[2026-05-10 03:16:57.024] [SRV] 
[2026-05-10 03:16:57.049] [SRV] [2026-05-10 03:16:57.049] [info]  [ComfyUI-SAM3DBody] python: C:\Users\runneradmin\Documents\ComfyUI\.ce\.pixi\envs\sam3dbody-nodes\python.exe
[2026-05-10 03:16:57.051] [SRV] [2026-05-10 03:16:57.051] [info]  
[2026-05-10 03:16:57.051] [SRV] [ComfyUI-SAM3DBody] sys_path sent to worker: ['C:\\Users\\runneradmin\\.comfy-test-cache\\desktop\\ComfyUI\\resources\\ComfyUI', 'C:\\Users\\runneradmin\\Documents\\ComfyUI\\custom_nodes\\ComfyUI-SAM3DBody', 'C:\\Users\\runneradmin\\Documents\\ComfyUI\\.ce\\.pixi\\envs\\sam3dbody-nodes\\Lib\\site-packages', 'C:\\Users\\runneradmin\\Documents\\ComfyUI\\custom_nodes\\ComfyUI-SAM3DBody']
[2026-05-10 03:16:57.051] [SRV] 
[2026-05-10 03:17:08.086] [SRV] [2026-05-10 03:17:08.086] [info]  FETCH ComfyRegistry Data [DONE]
[2026-05-10 03:17:08.086] [SRV] 
[2026-05-10 03:17:08.500] [SRV] [2026-05-10 03:17:08.500] [info]  [ComfyUI-Manager] default cache updated: https://api.comfy.org/nodes
[2026-05-10 03:17:08.500] [SRV] 
[2026-05-10 03:17:08.561] [SRV] [2026-05-10 03:17:08.561] [info]  FETCH DATA from: C:\Users\runneradmin\Documents\ComfyUI\user\__manager\cache\1514988643_custom-node-list.json
[2026-05-10 03:17:08.578] [SRV] [2026-05-10 03:17:08.578] [info]   [DONE]
[2026-05-10 03:17:08.578] [SRV] 
[2026-05-10 03:17:09.134] [SRV] [2026-05-10 03:17:09.134] [info]  [ComfyUI-Manager] All startup tasks have been completed.
[2026-05-10 03:17:09.134] [SRV] 
[2026-05-10 03:17:15.450] [SRV] [2026-05-10 03:17:15.450] [error] [ComfyUI-SAM3DBody] Health check: ping (timeout=5.0s)...
[2026-05-10 03:17:15.452] [SRV] [2026-05-10 03:17:15.452] [error] 
[2026-05-10 03:17:15.452] [SRV] 
[2026-05-10 03:17:15.465] [SRV] [2026-05-10 03:17:15.465] [error] [ComfyUI-SAM3DBody] Health check: ok
[2026-05-10 03:17:15.466] [SRV] [2026-05-10 03:17:15.466] [error] 
[2026-05-10 03:17:15.466] [SRV] 
[2026-05-10 03:17:15.713] [SRV] [2026-05-10 03:17:15.713] [info]  Prompt executed in 18.69 seconds
[2026-05-10 03:17:15.713] [SRV] 