[00:00] Crash dump logging enabled: D:\a\comfy-gpu-ci\comfy-gpu-ci\comfy-test-logs\SAM3DBody-1123\windows-cpu\crash_dump.log
[00:00] 
[00:00] [1/3] REGISTRATION
[00:00] ----------------------------------------
[00:00] 
[DEBUG] server=None, server_url=http://127.0.0.1:8188, api=None
[00:00] 
Connecting to existing server at http://127.0.0.1:8188...
[00:00] Connecting to existing server at http://127.0.0.1:8188...
[00:00] Connected to server! (attempt 1, 0.0s)
[00:00] Checking for import errors in server logs...
[00:00] No import errors detected
[00:00] Found 1149 registered nodes
[00:00] [REGISTRATION] PASSED
[00:00] 
[00:00] [2/3] INSTANTIATION
[00:00] ----------------------------------------
[00:00] 
[DEBUG] server=<comfy_test.comfyui.server.ExternalComfyUIServer object at 0x00000182DC454EF0>, server_url=http://127.0.0.1:8188, api=<comfy_test.comfyui.api.ComfyUIAPI object at 0x00000182DC61C470>
[00:00] Testing node constructors...
[00:03] All 15 node(s) instantiated successfully!
[00:03] [INSTANTIATION] PASSED
[00:03] 
[00:03] [3/3] EXECUTION
[00:03] ----------------------------------------
[00:03] 
[DEBUG] server=<comfy_test.comfyui.server.ExternalComfyUIServer object at 0x00000182DC454EF0>, server_url=http://127.0.0.1:8188, api=<comfy_test.comfyui.api.ComfyUIAPI object at 0x00000182DC61C470>
[00:03] CPU runner - will execute 1 workflow(s)
[00:03] Running 5 workflow(s) (all with videos)...
[00:04] Starting headless browser...
[00:04]   Downloading Mesa llvmpipe for Windows...
[00:09]   Copied opengl32.dll to Chromium dir
[00:09]   Copied libgallium_wgl.dll to Chromium dir
[00:09]   Using Mesa llvmpipe (desktop GL) — multithreaded CPU rendering
[00:10]   [1/5] SKIPPED (not in cpu list) multiple_masks.json
[00:10]   [2/5] SKIPPED (not in cpu list) multiple_masks_depthcorrected.json
[00:10] Capturing execution frames: rigged_mesh_manipulation.json
[00:19]   Frame 1 saved (frame_000.jpg, t=0.0s)
[00:19]   Validating workflow...
[00:19]   Queuing workflow for execution...
[00:21]   Frame 2 saved (frame_001.jpg, t=2.4s)
[00:21]   [capture-periodic] freeze=6ms shot=144ms unfreeze=6ms saved=True
[00:23]   Frame 3 saved (frame_002.jpg, t=4.6s)
[00:23]   [capture-periodic] freeze=4ms shot=149ms unfreeze=6ms saved=True
[00:25]   [capture-loop] iter=50 t=6.4s state={'complete': False, 'error': None, 'executedCount': 0, 'wsState': 1} eval_ms=9 ram=5.7/16.0GB (36%) swap=0.3/2.9GB (10%) cpu=55% browser_rss=0.71GB
[00:32]   [capture-loop] iter=100 t=13.3s state={'complete': False, 'error': None, 'executedCount': 0, 'wsState': 1} eval_ms=14 ram=5.7/16.0GB (35%) swap=0.3/2.9GB (10%) cpu=88% browser_rss=0.71GB
[00:35]   Frame 4 saved (frame_003.jpg, t=15.8s)
[00:35]   [capture-periodic] freeze=6ms shot=190ms unfreeze=7ms saved=True
[00:35]   Node executed (1 total), capturing...
[00:37]   Frame 5 saved (frame_004.jpg, t=16.3s)
[00:37]   [capture-node] freeze=1489ms shot=251ms unfreeze=0ms saved=True
[00:37]   Execution complete (t=16.3s)
[00:37]   [3d-wait] Phase 1: Waiting for 'Loading 3D Model' text to disappear...
[00:37]   [3d-wait] Phase 1 done in 0.0s
[00:37]   [3d-wait] Phase 2: iframes=1
[00:37]   [3d-wait] iframe viewer_ready=True (matched 1 console logs)
[00:37]   [3d-wait] Unfrozen in 0.004s, rendering for 5s...
[00:42]   [3d-wait] JS halted via CDP after 5.1s
[00:43]   [3d-wait] Re-frozen in 6.1s
[00:43]   [3d-wait] Total 3D wait: 6.1s
[00:43]   Captured 5 unique frames over 24.14s
[00:43]   [debug] iframes: 1
[00:43]   [debug]   iframe[0]: src=http://127.0.0.1:8188/extensions/ComfyUI-GeometryPack/viewer_fbx.html?v=17782394, canvas=486x710, rafFrozen=True
[00:43]   [timing] trigger_3d_previews: 0.0s
[00:45]   Saved high-quality screenshot: rigged_mesh_manipulation_executed.png
[00:45]   [timing] final_screenshot: 0.2s
[00:45]   [4/5] SKIPPED (not in cpu list) rigging.json
[00:46]   [5/5] SKIPPED (not in cpu list) workflow.json
[00:46] Results saved to D:\a\comfy-gpu-ci\comfy-gpu-ci\comfy-test-logs\SAM3DBody-1123\windows-cpu\results.json
[00:46] Saved: D:\a\comfy-gpu-ci\comfy-gpu-ci\comfy-test-logs\SAM3DBody-1123\windows-cpu\index.html
[00:46] [EXECUTION] PASSED
[00:46] 
windows: PASSED
