setup plugin alembic.autogenerate.schemas
setup plugin alembic.autogenerate.tables
setup plugin alembic.autogenerate.types
setup plugin alembic.autogenerate.constraints
setup plugin alembic.autogenerate.defaults
setup plugin alembic.autogenerate.comments
[comfy-env] ComfyUI-DepthAnythingV3: 1 isolation env(s):
[comfy-env]   nodes -> D:\a\comfy-gpu-ci\comfy-gpu-ci\ComfyUI\custom_nodes\ComfyUI-DepthAnythingV3\nodes
[comfy-env] prestartup complete
[comfy-env] ComfyUI-GeometryPack: 3 isolation env(s):
[comfy-env]   blender -> D:\a\comfy-gpu-ci\comfy-gpu-ci\ComfyUI\custom_nodes\ComfyUI-GeometryPack\nodes\blender
[comfy-env]   gpu -> D:\a\comfy-gpu-ci\comfy-gpu-ci\ComfyUI\custom_nodes\ComfyUI-GeometryPack\nodes\gpu
[comfy-env]   main -> D:\a\comfy-gpu-ci\comfy-gpu-ci\ComfyUI\custom_nodes\ComfyUI-GeometryPack\nodes\main
[comfy-env] prestartup complete
[comfy-env] ComfyUI-SAM3DBody: 1 isolation env(s):
[comfy-env]   nodes -> D:\a\comfy-gpu-ci\comfy-gpu-ci\ComfyUI\custom_nodes\ComfyUI-SAM3DBody\nodes
[comfy-env] prestartup complete

Prestartup times for custom nodes:
   0.0 seconds: D:\a\comfy-gpu-ci\comfy-gpu-ci\ComfyUI\custom_nodes\ComfyUI-SAM3DBody
   0.2 seconds: D:\a\comfy-gpu-ci\comfy-gpu-ci\ComfyUI\custom_nodes\ComfyUI-GeometryPack
   0.3 seconds: D:\a\comfy-gpu-ci\comfy-gpu-ci\ComfyUI\custom_nodes\ComfyUI-DepthAnythingV3

Found comfy_kitchen backend triton: {'available': False, 'disabled': True, 'unavailable_reason': "ImportError: No module named 'triton'", 'capabilities': []}
Found comfy_kitchen backend cuda: {'available': False, 'disabled': True, 'unavailable_reason': 'CUDA not available on this system', 'capabilities': []}
Found comfy_kitchen backend eager: {'available': True, 'disabled': False, 'unavailable_reason': None, 'capabilities': ['apply_rope', 'apply_rope1', 'dequantize_mxfp8', 'dequantize_nvfp4', 'dequantize_per_tensor_fp8', 'quantize_mxfp8', 'quantize_nvfp4', 'quantize_per_tensor_fp8', 'scaled_mm_mxfp8', 'scaled_mm_nvfp4']}
Checkpoint files will always be loaded safely.
Total VRAM 16379 MB, total RAM 16379 MB
pytorch version: 2.11.0+cpu
Set vram state to: DISABLED
Device: cpu
Using sub quadratic optimization for attention, if you have memory or speed issues try using: --use-split-cross-attention
Python version: 3.12.10 (tags/v3.12.10:0cc8128, Apr  8 2025, 12:21:36) [MSC v.1943 64 bit (AMD64)]
ComfyUI version: 0.20.1
comfy-aimdo version: 0.3.0
comfy-kitchen version: 0.2.8
ComfyUI frontend version: 1.43.17
[Prompt Server] web root: D:\a\comfy-gpu-ci\comfy-gpu-ci\.venv\Lib\site-packages\comfyui_frontend_package\static
Asset seeder disabled
[comfy-env] Version: 0.3.75
[comfy-env] register_nodes: ComfyUI-DepthAnythingV3
[comfy-env] ComfyUI source dir: D:\a\comfy-gpu-ci\comfy-gpu-ci\ComfyUI
[comfy-env] Found 1 isolation env(s)
[comfy-env] Scanning nodes metadata (isolation root)...
[comfy-env] depthanythingv3-nodes: Library/bin has 234 DLLs
[comfy-env] Metadata scan: C:\Users\runneradmin\.pixi\bin\pixi.exe run --as-is --manifest-path D:\a\comfy-gpu-ci\comfy-gpu-ci\ComfyUI\.ce\pixi.toml -e depthanythingv3-nodes python C:\Users\RUNNER~1\AppData\Local\Temp\comfy_meta_0iav0xbq.py D:\a\comfy-gpu-ci\comfy-gpu-ci\ComfyUI\custom_nodes\ComfyUI-DepthAnythingV3 nodes
[comfy-env] Scan env PATH for nodes:
[comfy-env]   [0] D:\a\comfy-gpu-ci\comfy-gpu-ci\ComfyUI\.ce\.pixi\envs\depthanythingv3-nodes
[comfy-env]   [1] D:\a\comfy-gpu-ci\comfy-gpu-ci\ComfyUI\.ce\.pixi\envs\depthanythingv3-nodes\Library\bin
[comfy-env]   [2] D:\a\comfy-gpu-ci\comfy-gpu-ci\ComfyUI\.ce\.pixi\envs\depthanythingv3-nodes\Scripts
[comfy-env]   [3] D:\a\comfy-gpu-ci\comfy-gpu-ci\ComfyUI\.ce\.pixi\envs\depthanythingv3-nodes\Lib\site-packages\bpy
[comfy-env]   [4] C:\Windows\System32
[comfy-env]   [5] C:\Windows
[comfy-env]   [6] C:\Windows\System32\Wbem
[comfy-env] Metadata scan stderr for nodes:
[comfy-env]   [meta-scan] importing nodes from D:\a\comfy-gpu-ci\comfy-gpu-ci\ComfyUI\custom_nodes\ComfyUI-DepthAnythingV3
[comfy-env]   [meta-scan] import OK
[comfy-env] Scanned nodes: 15 nodes (18.8s)
[comfy-env] Scanned nodes root: 15 nodes (18.8s)
[comfy-env] Imported nodes root: 15 nodes (isolation)
[comfy-env] Registered 15 total nodes
loading...
calling register_nodes
[comfy-env] Version: 0.3.75
[comfy-env] register_nodes: ComfyUI-GeometryPack
[comfy-env] ComfyUI source dir: D:\a\comfy-gpu-ci\comfy-gpu-ci\ComfyUI
[comfy-env] Found 3 isolation env(s)
[comfy-env] Importing nodes (root)...
[comfy-env] Imported nodes root: 0 nodes
[comfy-env] Scanning blender metadata...
[comfy-env] Scanning gpu metadata...
[comfy-env] Scanning main metadata...
[comfy-env] geometrypack-gpu: Library/bin has 234 DLLs
[comfy-env] Metadata scan: C:\Users\runneradmin\.pixi\bin\pixi.exe run --as-is --manifest-path D:\a\comfy-gpu-ci\comfy-gpu-ci\ComfyUI\.ce\pixi.toml -e geometrypack-gpu python C:\Users\RUNNER~1\AppData\Local\Temp\comfy_meta_72c_l7e1.py D:\a\comfy-gpu-ci\comfy-gpu-ci\ComfyUI\custom_nodes\ComfyUI-GeometryPack nodes.gpu
[comfy-env] Scan env PATH for nodes.gpu:
[comfy-env]   [0] D:\a\comfy-gpu-ci\comfy-gpu-ci\ComfyUI\.ce\.pixi\envs\geometrypack-gpu
[comfy-env]   [1] D:\a\comfy-gpu-ci\comfy-gpu-ci\ComfyUI\.ce\.pixi\envs\geometrypack-gpu\Library\bin
[comfy-env]   [2] D:\a\comfy-gpu-ci\comfy-gpu-ci\ComfyUI\.ce\.pixi\envs\geometrypack-gpu\Scripts
[comfy-env]   [3] D:\a\comfy-gpu-ci\comfy-gpu-ci\ComfyUI\.ce\.pixi\envs\geometrypack-gpu\Lib\site-packages\bpy
[comfy-env]   [4] C:\Windows\System32
[comfy-env]   [5] C:\Windows
[comfy-env]   [6] C:\Windows\System32\Wbem
[comfy-env] geometrypack-blender: Library/bin has 234 DLLs
[comfy-env] Metadata scan: C:\Users\runneradmin\.pixi\bin\pixi.exe run --as-is --manifest-path D:\a\comfy-gpu-ci\comfy-gpu-ci\ComfyUI\.ce\pixi.toml -e geometrypack-blender python C:\Users\RUNNER~1\AppData\Local\Temp\comfy_meta__l9to_ro.py D:\a\comfy-gpu-ci\comfy-gpu-ci\ComfyUI\custom_nodes\ComfyUI-GeometryPack nodes.blender
[comfy-env] Scan env PATH for nodes.blender:
[comfy-env]   [0] D:\a\comfy-gpu-ci\comfy-gpu-ci\ComfyUI\.ce\.pixi\envs\geometrypack-blender
[comfy-env]   [1] D:\a\comfy-gpu-ci\comfy-gpu-ci\ComfyUI\.ce\.pixi\envs\geometrypack-blender\Library\bin
[comfy-env]   [2] D:\a\comfy-gpu-ci\comfy-gpu-ci\ComfyUI\.ce\.pixi\envs\geometrypack-blender\Scripts
[comfy-env]   [3] D:\a\comfy-gpu-ci\comfy-gpu-ci\ComfyUI\.ce\.pixi\envs\geometrypack-blender\Lib\site-packages\bpy
[comfy-env]   [4] C:\Windows\System32
[comfy-env]   [5] C:\Windows
[comfy-env]   [6] C:\Windows\System32\Wbem
[comfy-env] geometrypack-main: Library/bin has 609 DLLs
[comfy-env] Metadata scan: C:\Users\runneradmin\.pixi\bin\pixi.exe run --as-is --manifest-path D:\a\comfy-gpu-ci\comfy-gpu-ci\ComfyUI\.ce\pixi.toml -e geometrypack-main python C:\Users\RUNNER~1\AppData\Local\Temp\comfy_meta_nfws_wy8.py D:\a\comfy-gpu-ci\comfy-gpu-ci\ComfyUI\custom_nodes\ComfyUI-GeometryPack nodes.main
[comfy-env] Scan env PATH for nodes.main:
[comfy-env]   [0] D:\a\comfy-gpu-ci\comfy-gpu-ci\ComfyUI\.ce\.pixi\envs\geometrypack-main
[comfy-env]   [1] D:\a\comfy-gpu-ci\comfy-gpu-ci\ComfyUI\.ce\.pixi\envs\geometrypack-main\Library\bin
[comfy-env]   [2] D:\a\comfy-gpu-ci\comfy-gpu-ci\ComfyUI\.ce\.pixi\envs\geometrypack-main\Scripts
[comfy-env]   [3] D:\a\comfy-gpu-ci\comfy-gpu-ci\ComfyUI\.ce\.pixi\envs\geometrypack-main\Lib\site-packages\bpy
[comfy-env]   [4] C:\Windows\System32
[comfy-env]   [5] C:\Windows
[comfy-env]   [6] C:\Windows\System32\Wbem
[comfy-env] Metadata scan stderr for nodes.gpu:
[comfy-env]   [meta-scan] importing nodes.gpu from D:\a\comfy-gpu-ci\comfy-gpu-ci\ComfyUI\custom_nodes\ComfyUI-GeometryPack
[comfy-env]   [meta-scan] import OK
[comfy-env] Scanned nodes.gpu: 3 nodes (12.1s)
[comfy-env] Scanned gpu: 3 nodes (12.1s)
[comfy-env] Registered 3 isolation nodes from gpu
[comfy-env] Metadata scan stderr for nodes.blender:
[comfy-env]   [meta-scan] importing nodes.blender from D:\a\comfy-gpu-ci\comfy-gpu-ci\ComfyUI\custom_nodes\ComfyUI-GeometryPack
[comfy-env]   [meta-scan] import OK
[comfy-env] Scanned nodes.blender: 12 nodes (17.6s)
[comfy-env] Scanned blender: 12 nodes (17.7s)
[comfy-env] Registered 12 isolation nodes from blender
[comfy-env] Metadata scan stderr for nodes.main:
[comfy-env]   [meta-scan] importing nodes.main from D:\a\comfy-gpu-ci\comfy-gpu-ci\ComfyUI\custom_nodes\ComfyUI-GeometryPack
[comfy-env]   [meta-scan] import OK
[comfy-env] Scanned nodes.main: 110 nodes (22.6s)
[comfy-env] Scanned main: 110 nodes (22.7s)
[comfy-env] Registered 110 isolation nodes from main
[comfy-env] Registered 125 total nodes
ComfyUI-Multiband loaded: 15 nodes registered
[comfy-env] Version: 0.3.75
[comfy-env] register_nodes: ComfyUI-SAM3DBody
[comfy-env] ComfyUI source dir: D:\a\comfy-gpu-ci\comfy-gpu-ci\ComfyUI
[comfy-env] Found 1 isolation env(s)
[comfy-env] Scanning nodes metadata (isolation root)...
[comfy-env] sam3dbody-nodes: Library/bin has 234 DLLs
[comfy-env] Metadata scan: C:\Users\runneradmin\.pixi\bin\pixi.exe run --as-is --manifest-path D:\a\comfy-gpu-ci\comfy-gpu-ci\ComfyUI\.ce\pixi.toml -e sam3dbody-nodes python C:\Users\RUNNER~1\AppData\Local\Temp\comfy_meta_ubgenjoq.py D:\a\comfy-gpu-ci\comfy-gpu-ci\ComfyUI\custom_nodes\ComfyUI-SAM3DBody nodes
[comfy-env] Scan env PATH for nodes:
[comfy-env]   [0] D:\a\comfy-gpu-ci\comfy-gpu-ci\ComfyUI\.ce\.pixi\envs\sam3dbody-nodes
[comfy-env]   [1] D:\a\comfy-gpu-ci\comfy-gpu-ci\ComfyUI\.ce\.pixi\envs\sam3dbody-nodes\Library\bin
[comfy-env]   [2] D:\a\comfy-gpu-ci\comfy-gpu-ci\ComfyUI\.ce\.pixi\envs\sam3dbody-nodes\Scripts
[comfy-env]   [3] D:\a\comfy-gpu-ci\comfy-gpu-ci\ComfyUI\.ce\.pixi\envs\sam3dbody-nodes\Lib\site-packages\bpy
[comfy-env]   [4] C:\Windows\System32
[comfy-env]   [5] C:\Windows
[comfy-env]   [6] C:\Windows\System32\Wbem
[comfy-env] Metadata scan stderr for nodes:
[comfy-env]   [meta-scan] importing nodes from D:\a\comfy-gpu-ci\comfy-gpu-ci\ComfyUI\custom_nodes\ComfyUI-SAM3DBody
[comfy-env]   [meta-scan] import OK
[comfy-env] Scanned nodes: 15 nodes (6.3s)
[comfy-env] Scanned nodes root: 15 nodes (6.3s)
[comfy-env] Imported nodes root: 15 nodes (isolation)
[comfy-env] Registered 15 total nodes

Import times for custom nodes:
   0.0 seconds: D:\a\comfy-gpu-ci\comfy-gpu-ci\ComfyUI\custom_nodes\websocket_image_save.py
   0.0 seconds: D:\a\comfy-gpu-ci\comfy-gpu-ci\ComfyUI\custom_nodes\ComfyUI-validate-endpoint
   0.0 seconds: D:\a\comfy-gpu-ci\comfy-gpu-ci\ComfyUI\custom_nodes\ComfyUI-CameraPack
   0.0 seconds: D:\a\comfy-gpu-ci\comfy-gpu-ci\ComfyUI\custom_nodes\ComfyUI-Multiband
   0.2 seconds: D:\a\comfy-gpu-ci\comfy-gpu-ci\ComfyUI\custom_nodes\ComfyUI-VideoHelperSuite
   0.6 seconds: D:\a\comfy-gpu-ci\comfy-gpu-ci\ComfyUI\custom_nodes\ComfyUI-KJNodes
   6.3 seconds: D:\a\comfy-gpu-ci\comfy-gpu-ci\ComfyUI\custom_nodes\ComfyUI-SAM3DBody
  20.5 seconds: D:\a\comfy-gpu-ci\comfy-gpu-ci\ComfyUI\custom_nodes\ComfyUI-DepthAnythingV3
  22.7 seconds: D:\a\comfy-gpu-ci\comfy-gpu-ci\ComfyUI\custom_nodes\ComfyUI-GeometryPack

Context impl SQLiteImpl.
Will assume non-transactional DDL.
Starting server

To see the GUI go to: http://127.0.0.1:8188
[DEPRECATION WARNING] Detected import of deprecated legacy API: /extensions/core/widgetInputs.js. This is likely caused by a custom node extension using outdated APIs. Please update your extensions or contact the extension author for an updated version.
=== /validate endpoint called ===
Received JSON with keys: ['prompt']
Prompt has 2 nodes
  Node 2: SAM3DBodyPreviewRiggedMesh
    Inputs: {"fbx_output_path": ["4", 0], "preview": ""}
  Node 4: SAM3DBodySelectMesh
    Inputs: {"source_folder": "input", "file_path": "sam3d_rigged.fbx"}
Generated prompt_id: a49d097d-157c-4044-b749-3e33df94ac34
Calling execution.validate_prompt()...
Validation result: valid=True
=== Validation PASSED ===
got prompt
[comfy-env] Running SAM3DBodySelectMesh: source_folder: 'input', file_path: 'sam3d_rigged.fbx'
[comfy-env] SubprocessWorker: D:\a\comfy-gpu-ci\comfy-gpu-ci\ComfyUI\.ce\.pixi\envs\sam3dbody-nodes\python.exe
[comfy-env] env_vars: {'COMFYUI_BASE': 'D:\\a\\comfy-gpu-ci\\comfy-gpu-ci\\ComfyUI'}
[SubprocessWorker] call_method: nodes.load_mesh.SAM3DBodySelectMesh.EXECUTE_NORMALIZED
[SubprocessWorker] acquired lock, ensuring started...
[comfy-env] sam3dbody-nodes: Library/bin has 234 DLLs
[ComfyUI-SAM3DBody] python: D:\a\comfy-gpu-ci\comfy-gpu-ci\ComfyUI\.ce\.pixi\envs\sam3dbody-nodes\python.exe
[ComfyUI-SAM3DBody] sys_path sent to worker: ['D:\\a\\comfy-gpu-ci\\comfy-gpu-ci\\ComfyUI', 'D:\\a\\comfy-gpu-ci\\comfy-gpu-ci\\ComfyUI\\custom_nodes\\ComfyUI-SAM3DBody', 'D:\\a\\comfy-gpu-ci\\comfy-gpu-ci\\ComfyUI\\.ce\\.pixi\\envs\\sam3dbody-nodes\\Lib\\site-packages', 'D:\\a\\comfy-gpu-ci\\comfy-gpu-ci\\ComfyUI\\custom_nodes\\ComfyUI-SAM3DBody']
[SubprocessWorker] is_pixi=True, python=D:\a\comfy-gpu-ci\comfy-gpu-ci\ComfyUI\.ce\.pixi\envs\sam3dbody-nodes\python.exe
[SubprocessWorker] launching cmd=['C:\\Users\\runneradmin\\.pixi\\bin\\pixi.exe', 'run', '--as-is', '--manifest-path', 'D:\\a\\comfy-gpu-ci\\comfy-gpu-ci\\ComfyUI\\.ce\\pixi.toml', '-e', 'sam3dbody-nodes', 'python', 'C:\\Users\\RUNNER~1\\AppData\\Local\\Temp\\comfyui_pvenv_ky6ssbj7\\persistent_worker.py', 'tcp://127.0.0.1:56618']...
[SubprocessWorker] worker started/confirmed
[SubprocessWorker] serializing kwargs to shm...
[SubprocessWorker] created 0 shm blocks
[SubprocessWorker] sending request via socket...
[SubprocessWorker] call_id=1 sending call_method
[SubprocessWorker] got response: ok
[comfy-env] SAM3DBodySelectMesh done (15.41s): result: NodeOutput
[comfy-env] Running SAM3DBodyPreviewRiggedMesh: fbx_output_path: 'D:\\a\\comfy-gpu-ci\\comfy-gpu-ci\\ComfyUI\\input\\sam3d...
[SubprocessWorker] call_method: nodes.preview.SAM3DBodyPreviewRiggedMesh.EXECUTE_NORMALIZED
[SubprocessWorker] acquired lock, ensuring started...
[ComfyUI-SAM3DBody] Health check: ping (timeout=5.0s)...
[ComfyUI-SAM3DBody] Health check: ok
[SubprocessWorker] worker started/confirmed
[SubprocessWorker] serializing kwargs to shm...
[SubprocessWorker] created 0 shm blocks
[SubprocessWorker] sending request via socket...
[SubprocessWorker] call_id=2 sending call_method
[SubprocessWorker] got response: ok
[comfy-env] SAM3DBodyPreviewRiggedMesh done (0.07s): result: NodeOutput
Prompt executed in 15.50 seconds
