[00:00] Crash dump logging enabled: D:\a\comfy-gpu-ci\comfy-gpu-ci\comfy-test-logs\SAM3DBody-2146\dev\windows-cpu\crash_dump.log
[00:00] 
[00:00] [1/5] SYNTAX
[00:00] ----------------------------------------
[00:00] 
[DEBUG] server=None, server_url=None, api=None
[00:00] Found pyproject.toml (modern format)
[00:00] Found requirements.txt (legacy format)
[00:00] Unicode check: OK (all characters cp1252-safe)
[00:00] Forbidden patterns check: OK
[00:00] [SYNTAX] PASSED
[00:00] 
[00:00] [2/5] INSTALL
[00:00] ----------------------------------------
[00:00] 
[DEBUG] server=None, server_url=None, api=None
[00:00] 
Setting up ComfyUI...
[00:00] Creating virtual environment at D:\a\comfy-gpu-ci\comfy-gpu-ci\test_workspaces\SAM3DBody-2146\.venv...
[00:00] Running: uv venv D:\a\comfy-gpu-ci\comfy-gpu-ci\test_workspaces\SAM3DBody-2146\.venv --python 3.11
[00:00] Cloning ComfyUI (latest) to D:\a\comfy-gpu-ci\comfy-gpu-ci\test_workspaces\SAM3DBody-2146\ComfyUI...
[00:00] Running: git clone --depth 1 https://github.com/comfyanonymous/ComfyUI.git D:\a\comfy-gpu-ci\comfy-gpu-ci\test_workspaces\SAM3DBody-2146\ComfyUI
[00:01] Installing ComfyUI requirements into D:\a\comfy-gpu-ci\comfy-gpu-ci\test_workspaces\SAM3DBody-2146\.venv...
[00:01]     comfyui-frontend-package==1.43.18
[00:01]     comfyui-workflow-templates==0.9.73
[00:01]     comfyui-embedded-docs==0.4.4
[00:01]     torch
[00:01]     torchsde
[00:01]     torchvision
[00:01]     torchaudio
[00:01]     numpy>=1.25.0
[00:01]     einops
[00:01]     transformers>=4.50.3
[00:01]     tokenizers>=0.13.3
[00:01]     sentencepiece
[00:01]     safetensors>=0.4.2
[00:01]     aiohttp>=3.11.8
[00:01]     yarl>=1.18.0
[00:01]     pyyaml
[00:01]     Pillow
[00:01]     scipy
[00:01]     tqdm
[00:01]     psutil
[00:01]     alembic
[00:01]     SQLAlchemy>=2.0.0
[00:01]     filelock
[00:01]     av>=14.2.0
[00:01]     comfy-kitchen>=0.2.8
[00:01]     comfy-aimdo==0.3.0
[00:01]     requests
[00:01]     simpleeval>=1.0.0
[00:01]     blake3
[00:01]     
[00:01]     #non essential dependencies:
[00:01]     kornia>=0.7.1
[00:01]     spandrel
[00:01]     pydantic~=2.0
[00:01]     pydantic-settings~=2.0
[00:01]     PyOpenGL
[00:01]     glfw
[00:01] Running: uv pip install --python D:\a\comfy-gpu-ci\comfy-gpu-ci\test_workspaces\SAM3DBody-2146\.venv\Scripts\python.exe -r D:\a\comfy-gpu-ci\comfy-gpu-ci\test_workspaces\SAM3DBody-2146\ComfyUI\requirements.txt
[00:51] 
Installing custom node...
[00:51] Copying ComfyUI-SAM3DBody to D:\a\comfy-gpu-ci\comfy-gpu-ci\test_workspaces\SAM3DBody-2146\ComfyUI\custom_nodes\ComfyUI-SAM3DBody...
[00:51] Installing node requirements...
[00:51]     comfy-env==0.3.82
[00:51]     comfy-3d-viewers==0.2.44
[00:51] Running: uv pip install --python D:\a\comfy-gpu-ci\comfy-gpu-ci\test_workspaces\SAM3DBody-2146\.venv\Scripts\python.exe -r D:\a\comfy-gpu-ci\comfy-gpu-ci\test_workspaces\SAM3DBody-2146\ComfyUI\custom_nodes\ComfyUI-SAM3DBody\requirements.txt
[00:53] 
Running install.py...
[00:53] Running: D:\a\comfy-gpu-ci\comfy-gpu-ci\test_workspaces\SAM3DBody-2146\.venv\Scripts\python.exe D:\a\comfy-gpu-ci\comfy-gpu-ci\test_workspaces\SAM3DBody-2146\ComfyUI\custom_nodes\ComfyUI-SAM3DBody\install.py
[00:54]   [comfy-env] Enabled Windows long path support
[00:54]   
[00:54]   Installing 3 node dependencies...
[00:54]     Cloning ComfyUI-Multiband...
[00:54]     Installing requirements for ComfyUI-Multiband...
[00:54]     Cloning ComfyUI-DepthAnythingV3...
[00:55]     Installing requirements for ComfyUI-DepthAnythingV3...
[00:55]     Running install.py for ComfyUI-DepthAnythingV3...
[00:55]   [comfy-env] Enabled Windows long path support
[00:55]   
[00:55]   Installing 3 node dependencies...
[00:55]     Cloning ComfyUI-VideoHelperSuite...
[00:55]     Installing requirements for ComfyUI-VideoHelperSuite...
[00:56]     Cloning ComfyUI-KJNodes...
[00:57]     Installing requirements for ComfyUI-KJNodes...
[00:59]     Cloning ComfyUI-GeometryPack...
[01:01]     Installing requirements for ComfyUI-GeometryPack...
[01:02]     Running install.py for ComfyUI-GeometryPack...
[01:02]   [comfy-env] Enabled Windows long path support
[01:04]   [comfy-env] _discover: scanning D:\a\comfy-gpu-ci\comfy-gpu-ci\test_workspaces\SAM3DBody-2146\ComfyUI\custom_nodes
[01:04]   [comfy-env] _discover: ComfyUI-DepthAnythingV3 -> depthanythingv3-nodes (custom_nodes\ComfyUI-DepthAnythingV3\nodes\comfy-env.toml)
[01:04]   [comfy-env] _discover: ComfyUI-GeometryPack -> geometrypack-nodes (custom_nodes\ComfyUI-GeometryPack\nodes\comfy-env.toml)
[01:04]   [comfy-env] _discover: ComfyUI-KJNodes: no comfy-env.toml found
[01:04]   [comfy-env] _discover: ComfyUI-Multiband: no comfy-env.toml found
[01:04]   [comfy-env] _discover: ComfyUI-SAM3DBody -> sam3dbody-nodes (custom_nodes\ComfyUI-SAM3DBody\nodes\comfy-env.toml)
[01:04]   [comfy-env] _discover: ComfyUI-VideoHelperSuite: no comfy-env.toml found
[01:04]   [comfy-env] Workspace: C:\ce
[01:04]   [comfy-env] ComfyUI: D:\a\comfy-gpu-ci\comfy-gpu-ci\test_workspaces\SAM3DBody-2146\ComfyUI
[01:04]   [comfy-env] Found 3 node config(s):
[01:04]     - depthanythingv3-nodes <- custom_nodes\ComfyUI-DepthAnythingV3\nodes\comfy-env.toml (python=host)
[01:04]     - geometrypack-nodes <- custom_nodes\ComfyUI-GeometryPack\nodes\comfy-env.toml (python=host)
[01:04]     - sam3dbody-nodes <- custom_nodes\ComfyUI-SAM3DBody\nodes\comfy-env.toml (python=host)
[01:04]   [comfy-env] Bootstrap interpreter has python 3.11 + torch 2.11.0 (cpu). Looking for cuda-only wheels matching cpu/torch2.11/cp311.
[01:08]   [comfy-env] GPU: No GPU detected
[01:08]   [comfy-env] No CUDA detected -- pinning comfyui torch to CPU index
[01:08]   [comfy-env] Root conda deps from ComfyUI-DepthAnythingV3: ['av', 'ffmpeg']
[01:08]   Generated C:\ce\pixi.toml
[01:08]   [comfy-env] Installing 3 environment(s):
[01:08]     - depthanythingv3-nodes (python=host, 9 pypi deps, 2 cuda wheels)
[01:08]     - geometrypack-nodes (python=host, 14 pypi deps, 1 cuda wheels)
[01:08]     - sam3dbody-nodes (python=host, 11 pypi deps, 6 cuda wheels)
[01:08]   [comfy-env] Running `pixi install -e depthanythingv3-nodes -e geometrypack-nodes -e sam3dbody-nodes`...
[04:05]      WARN Skipped running the post-link scripts because `run-post-link-scripts` = `false`
[04:05]     	- Scripts/.librsvg-pre-unlink.bat
[04:05]     To enable them, run:
[04:05]     	pixi config set --local run-post-link-scripts insecure
[04:05]     More info:
[04:05]     	https://pixi.sh/latest/reference/pixi_configuration/#run-post-link-scripts
[04:30]      WARN Skipped running the post-link scripts because `run-post-link-scripts` = `false`
[04:30]     	- Scripts/.librsvg-pre-unlink.bat
[04:30]     To enable them, run:
[04:30]     	pixi config set --local run-post-link-scripts insecure
[04:30]     More info:
[04:30]     	https://pixi.sh/latest/reference/pixi_configuration/#run-post-link-scripts
[04:54]     The following environments have been installed: depthanythingv3-nodes, geometrypack-nodes, sam3dbody-nodes.
[04:54]   [comfy-env] Install log: C:\ce\install.log
[04:54]   
[04:54]   Installation complete!
[04:55]   
[04:55]   [requirements] Re-installing main package requirements...
[04:55]     Installing requirements for ComfyUI-DepthAnythingV3...
[04:55]   [comfy-env] _discover: scanning D:\a\comfy-gpu-ci\comfy-gpu-ci\test_workspaces\SAM3DBody-2146\ComfyUI\custom_nodes
[04:55]   [comfy-env] _discover: ComfyUI-DepthAnythingV3 -> depthanythingv3-nodes (custom_nodes\ComfyUI-DepthAnythingV3\nodes\comfy-env.toml)
[04:55]   [comfy-env] _discover: ComfyUI-GeometryPack -> geometrypack-nodes (custom_nodes\ComfyUI-GeometryPack\nodes\comfy-env.toml)
[04:55]   [comfy-env] _discover: ComfyUI-KJNodes: no comfy-env.toml found
[04:55]   [comfy-env] _discover: ComfyUI-Multiband: no comfy-env.toml found
[04:55]   [comfy-env] _discover: ComfyUI-SAM3DBody -> sam3dbody-nodes (custom_nodes\ComfyUI-SAM3DBody\nodes\comfy-env.toml)
[04:55]   [comfy-env] _discover: ComfyUI-VideoHelperSuite: no comfy-env.toml found
[04:55]   [comfy-env] Workspace: C:\ce
[04:55]   [comfy-env] ComfyUI: D:\a\comfy-gpu-ci\comfy-gpu-ci\test_workspaces\SAM3DBody-2146\ComfyUI
[04:55]   [comfy-env] Found 3 node config(s):
[04:55]     - depthanythingv3-nodes <- custom_nodes\ComfyUI-DepthAnythingV3\nodes\comfy-env.toml (python=host)
[04:55]     - geometrypack-nodes <- custom_nodes\ComfyUI-GeometryPack\nodes\comfy-env.toml (python=host)
[04:55]     - sam3dbody-nodes <- custom_nodes\ComfyUI-SAM3DBody\nodes\comfy-env.toml (python=host)
[04:55]   [comfy-env] Bootstrap interpreter has python 3.11 + torch 2.11.0 (cpu). Looking for cuda-only wheels matching cpu/torch2.11/cp311.
[04:56]   [comfy-env] GPU: No GPU detected
[04:56]   [comfy-env] No CUDA detected -- pinning comfyui torch to CPU index
[04:56]   [comfy-env] Root conda deps from ComfyUI-DepthAnythingV3: ['av', 'ffmpeg']
[04:56]   Generated C:\ce\pixi.toml
[04:56]   [comfy-env] Installing 3 environment(s):
[04:56]     - depthanythingv3-nodes (python=host, 9 pypi deps, 2 cuda wheels)
[04:56]     - geometrypack-nodes (python=host, 14 pypi deps, 1 cuda wheels)
[04:56]     - sam3dbody-nodes (python=host, 11 pypi deps, 6 cuda wheels)
[04:56]   [comfy-env] Running `pixi install -e depthanythingv3-nodes -e geometrypack-nodes -e sam3dbody-nodes`...
[04:56]     The following environments have been installed: depthanythingv3-nodes, geometrypack-nodes, sam3dbody-nodes.
[04:56]   [comfy-env] Install log: C:\ce\install.log
[04:56]   
[04:56]   Installation complete!
[04:57]     ComfyUI-VideoHelperSuite: exists
[04:57]     ComfyUI-KJNodes: exists
[04:57]     ComfyUI-GeometryPack: exists
[04:57]     Cloning ComfyUI-CameraPack...
[04:57]   
[04:57]   [requirements] Re-installing main package requirements...
[04:57]     Installing requirements for ComfyUI-SAM3DBody...
[04:57]   [comfy-env] _discover: scanning D:\a\comfy-gpu-ci\comfy-gpu-ci\test_workspaces\SAM3DBody-2146\ComfyUI\custom_nodes
[04:57]   [comfy-env] _discover: ComfyUI-CameraPack: no comfy-env.toml found
[04:57]   [comfy-env] _discover: ComfyUI-DepthAnythingV3 -> depthanythingv3-nodes (custom_nodes\ComfyUI-DepthAnythingV3\nodes\comfy-env.toml)
[04:57]   [comfy-env] _discover: ComfyUI-GeometryPack -> geometrypack-nodes (custom_nodes\ComfyUI-GeometryPack\nodes\comfy-env.toml)
[04:57]   [comfy-env] _discover: ComfyUI-KJNodes: no comfy-env.toml found
[04:57]   [comfy-env] _discover: ComfyUI-Multiband: no comfy-env.toml found
[04:57]   [comfy-env] _discover: ComfyUI-SAM3DBody -> sam3dbody-nodes (custom_nodes\ComfyUI-SAM3DBody\nodes\comfy-env.toml)
[04:57]   [comfy-env] _discover: ComfyUI-VideoHelperSuite: no comfy-env.toml found
[04:57]   [comfy-env] Workspace: C:\ce
[04:57]   [comfy-env] ComfyUI: D:\a\comfy-gpu-ci\comfy-gpu-ci\test_workspaces\SAM3DBody-2146\ComfyUI
[04:57]   [comfy-env] Found 3 node config(s):
[04:57]     - depthanythingv3-nodes <- custom_nodes\ComfyUI-DepthAnythingV3\nodes\comfy-env.toml (python=host)
[04:57]     - geometrypack-nodes <- custom_nodes\ComfyUI-GeometryPack\nodes\comfy-env.toml (python=host)
[04:57]     - sam3dbody-nodes <- custom_nodes\ComfyUI-SAM3DBody\nodes\comfy-env.toml (python=host)
[04:57]   [comfy-env] Bootstrap interpreter has python 3.11 + torch 2.11.0 (cpu). Looking for cuda-only wheels matching cpu/torch2.11/cp311.
[04:58]   [comfy-env] GPU: No GPU detected
[04:58]   [comfy-env] No CUDA detected -- pinning comfyui torch to CPU index
[04:58]   [comfy-env] Root conda deps from ComfyUI-DepthAnythingV3: ['av', 'ffmpeg']
[04:58]   Generated C:\ce\pixi.toml
[04:58]   [comfy-env] Installing 3 environment(s):
[04:58]     - depthanythingv3-nodes (python=host, 9 pypi deps, 2 cuda wheels)
[04:58]     - geometrypack-nodes (python=host, 14 pypi deps, 1 cuda wheels)
[04:58]     - sam3dbody-nodes (python=host, 11 pypi deps, 6 cuda wheels)
[04:58]   [comfy-env] Running `pixi install -e depthanythingv3-nodes -e geometrypack-nodes -e sam3dbody-nodes`...
[04:58]     The following environments have been installed: depthanythingv3-nodes, geometrypack-nodes, sam3dbody-nodes.
[04:58]   [comfy-env] Install log: C:\ce\install.log
[04:58]   
[04:58]   Installation complete!
[04:59] Installing 3 node dependency(ies)...
[04:59]   ComfyUI-Multiband from PozzettiAndrea/ComfyUI-Multiband
[04:59]   ComfyUI-Multiband already exists, skipping...
[04:59]   ComfyUI-DepthAnythingV3 from PozzettiAndrea/ComfyUI-DepthAnythingV3
[04:59]   ComfyUI-DepthAnythingV3 already exists, skipping...
[04:59]   ComfyUI-CameraPack from PozzettiAndrea/ComfyUI-CameraPack
[04:59]   ComfyUI-CameraPack already exists, skipping...
[04:59] Installing validation endpoint...
[04:59]   Cloning PozzettiAndrea/ComfyUI-validate-endpoint...
[04:59] Running: git clone --depth 1 https://github.com/PozzettiAndrea/ComfyUI-validate-endpoint.git D:\a\comfy-gpu-ci\comfy-gpu-ci\test_workspaces\SAM3DBody-2146\ComfyUI\custom_nodes\ComfyUI-validate-endpoint
[04:59] CUDA packages absent (will mock): detectron2, torch_scatter, torch_sparse, torch_cluster, flash_attn, sageattention
[04:59] [INSTALL] PASSED
[04:59] 
[04:59] [3/5] REGISTRATION
[04:59] ----------------------------------------
[04:59] 
[DEBUG] server=None, server_url=None, api=None
[04:59] 
Starting ComfyUI server...
[04:59] Starting ComfyUI server on port 41895...
[04:59] CUDA mock packages: detectron2, torch_scatter, torch_sparse, torch_cluster, flash_attn, sageattention
[04:59] Starting ComfyUI server on port 41895...
[04:59] Waiting for server to be ready (timeout: 600s)...
[05:00]   [ComfyUI] setup plugin alembic.autogenerate.schemas
[05:00]   [ComfyUI] setup plugin alembic.autogenerate.tables
[05:00]   [ComfyUI] setup plugin alembic.autogenerate.types
[05:00]   [ComfyUI] setup plugin alembic.autogenerate.constraints
[05:00]   [ComfyUI] setup plugin alembic.autogenerate.defaults
[05:00]   [ComfyUI] setup plugin alembic.autogenerate.comments
[05:01]   [ComfyUI] [comfy-env] ComfyUI-DepthAnythingV3: 1 isolation env(s):
[05:01]   [ComfyUI] [comfy-env]   nodes -> D:\a\comfy-gpu-ci\comfy-gpu-ci\test_workspaces\SAM3DBody-2146\ComfyUI\custom_nodes\ComfyUI-DepthAnythingV3\nodes
[05:01]   [ComfyUI] [comfy-env] prestartup complete
[05:01]   [ComfyUI] [comfy-env] ComfyUI-GeometryPack: 1 isolation env(s):
[05:01]   [ComfyUI] [comfy-env]   nodes -> D:\a\comfy-gpu-ci\comfy-gpu-ci\test_workspaces\SAM3DBody-2146\ComfyUI\custom_nodes\ComfyUI-GeometryPack\nodes
[05:01]   [ComfyUI] [comfy-env] prestartup complete
[05:01]   [ComfyUI] [comfy-env] ComfyUI-SAM3DBody: 1 isolation env(s):
[05:01]   [ComfyUI] [comfy-env]   nodes -> D:\a\comfy-gpu-ci\comfy-gpu-ci\test_workspaces\SAM3DBody-2146\ComfyUI\custom_nodes\ComfyUI-SAM3DBody\nodes
[05:01]   [ComfyUI] [comfy-env] prestartup complete
[05:01]   [ComfyUI] 
[05:01]   [ComfyUI] Prestartup times for custom nodes:
[05:01]   [ComfyUI]    0.0 seconds: D:\a\comfy-gpu-ci\comfy-gpu-ci\test_workspaces\SAM3DBody-2146\ComfyUI\custom_nodes\ComfyUI-SAM3DBody
[05:01]   [ComfyUI]    0.1 seconds: D:\a\comfy-gpu-ci\comfy-gpu-ci\test_workspaces\SAM3DBody-2146\ComfyUI\custom_nodes\ComfyUI-GeometryPack
[05:01]   [ComfyUI]    0.3 seconds: D:\a\comfy-gpu-ci\comfy-gpu-ci\test_workspaces\SAM3DBody-2146\ComfyUI\custom_nodes\ComfyUI-DepthAnythingV3
[05:01]   [ComfyUI] 
[05:06]   [ComfyUI] Found comfy_kitchen backend triton: {'available': False, 'disabled': True, 'unavailable_reason': "ImportError: No module named 'triton'", 'capabilities': []}
[05:06]   [ComfyUI] Found comfy_kitchen backend cuda: {'available': False, 'disabled': True, 'unavailable_reason': 'CUDA not available on this system', 'capabilities': []}
[05:06]   [ComfyUI] Found comfy_kitchen backend eager: {'available': True, 'disabled': False, 'unavailable_reason': None, 'capabilities': ['apply_rope', 'apply_rope1', 'dequantize_mxfp8', 'dequantize_nvfp4', 'dequantize_per_tensor_fp8', 'quantize_mxfp8', 'quantize_nvfp4', 'quantize_per_tensor_fp8', 'scaled_mm_mxfp8', 'scaled_mm_nvfp4']}
[05:06]   [ComfyUI] Checkpoint files will always be loaded safely.
[05:06]   [ComfyUI] Total VRAM 16379 MB, total RAM 16379 MB
[05:06]   [ComfyUI] pytorch version: 2.11.0+cpu
[05:06]   [ComfyUI] Set vram state to: DISABLED
[05:06]   [ComfyUI] Device: cpu
[05:07]   [ComfyUI] Using sub quadratic optimization for attention, if you have memory or speed issues try using: --use-split-cross-attention
[05:13]   [ComfyUI] Python version: 3.11.9 (tags/v3.11.9:de54cf5, Apr  2 2024, 10:12:12) [MSC v.1938 64 bit (AMD64)]
[05:13]   [ComfyUI] ComfyUI version: 0.20.1
[05:13]   [ComfyUI] comfy-aimdo version: 0.3.0
[05:13]   [ComfyUI] comfy-kitchen version: 0.2.8
[05:13]   [ComfyUI] ****** User settings have been changed to be stored on the server instead of browser storage. ******
[05:13]   [ComfyUI] ****** For multi-user setups add the --multi-user CLI argument to enable multiple user profiles. ******
[05:13]   [ComfyUI] ComfyUI frontend version: 1.43.18
[05:13]   [ComfyUI] [Prompt Server] web root: D:\a\comfy-gpu-ci\comfy-gpu-ci\test_workspaces\SAM3DBody-2146\.venv\Lib\site-packages\comfyui_frontend_package\static
[05:13]   [ComfyUI] Asset seeder disabled
[05:17]   [ComfyUI] [comfy-env] Version: 0.3.82
[05:19]   [ComfyUI] [comfy-env] register_nodes: ComfyUI-DepthAnythingV3
[05:19]   [ComfyUI] [comfy-env] ComfyUI source dir: D:\a\comfy-gpu-ci\comfy-gpu-ci\test_workspaces\SAM3DBody-2146\ComfyUI
[05:19]   [ComfyUI] [comfy-env] Found 1 isolation env(s)
[05:19]   [ComfyUI] [comfy-env] Scanning nodes metadata (isolation root)...
[05:19]   [ComfyUI] [comfy-env] depthanythingv3-nodes: Library/bin has 69 DLLs
[05:19]   [ComfyUI] [comfy-env] Metadata scan: C:\Users\runneradmin\.pixi\bin\pixi.exe run --as-is --manifest-path C:\ce\pixi.toml -e depthanythingv3-nodes python C:\Users\RUNNER~1\AppData\Local\Temp\comfy_meta_z89nh8w0.py D:\a\comfy-gpu-ci\comfy-gpu-ci\test_workspaces\SAM3DBody-2146\ComfyUI\custom_nodes\ComfyUI-DepthAnythingV3 nodes
[05:19]   [ComfyUI] [comfy-env] Scan env PATH for nodes:
[05:19]   [ComfyUI] [comfy-env]   [0] C:\ce\.pixi\envs\depthanythingv3-nodes
[05:19]   [ComfyUI] [comfy-env]   [1] C:\ce\.pixi\envs\depthanythingv3-nodes\Library\bin
[05:19]   [ComfyUI] [comfy-env]   [2] C:\ce\.pixi\envs\depthanythingv3-nodes\Scripts
[05:19]   [ComfyUI] [comfy-env]   [3] C:\ce\.pixi\envs\depthanythingv3-nodes\Lib\site-packages\bpy
[05:19]   [ComfyUI] [comfy-env]   [4] C:\Windows\System32
[05:19]   [ComfyUI] [comfy-env]   [5] C:\Windows
[05:19]   [ComfyUI] [comfy-env]   [6] C:\Windows\System32\Wbem
[05:26]   [ComfyUI] [comfy-env] Metadata scan stderr for nodes:
[05:26]   [ComfyUI] [comfy-env]   [meta-scan] importing nodes from D:\a\comfy-gpu-ci\comfy-gpu-ci\test_workspaces\SAM3DBody-2146\ComfyUI\custom_nodes\ComfyUI-DepthAnythingV3
[05:26]   [ComfyUI] [comfy-env]   Traceback (most recent call last):
[05:26]   [ComfyUI] [comfy-env]     File "C:\Users\RUNNER~1\AppData\Local\Temp\comfy_meta_z89nh8w0.py", line 65, in <module>
[05:26]   [ComfyUI] [comfy-env]       module = importlib.import_module(package_name)
[05:26]   [ComfyUI] [comfy-env]                ^^^^^^^^^^^^^^^^^^^^^^^^^^^^^^^^^^^^^
[05:26]   [ComfyUI] [comfy-env]     File "C:\ce\.pixi\envs\depthanythingv3-nodes\Lib\importlib\__init__.py", line 126, in import_module
[05:26]   [ComfyUI] [comfy-env]       return _bootstrap._gcd_import(name[level:], package, level)
[05:26]   [ComfyUI] [comfy-env]              ^^^^^^^^^^^^^^^^^^^^^^^^^^^^^^^^^^^^^^^^^^^^^^^^^^^^
[05:26]   [ComfyUI] [comfy-env]     File "<frozen importlib._bootstrap>", line 1204, in _gcd_import
[05:26]   [ComfyUI] [comfy-env]     File "<frozen importlib._bootstrap>", line 1176, in _find_and_load
[05:26]   [ComfyUI] [comfy-env]     File "<frozen importlib._bootstrap>", line 1147, in _find_and_load_unlocked
[05:26]   [ComfyUI] [comfy-env]     File "<frozen importlib._bootstrap>", line 690, in _load_unlocked
[05:26]   [ComfyUI] [comfy-env]     File "<frozen importlib._bootstrap_external>", line 940, in exec_module
[05:26]   [ComfyUI] [comfy-env]     File "<frozen importlib._bootstrap>", line 241, in _call_with_frames_removed
[05:26]   [ComfyUI] [comfy-env]     File "D:\a\comfy-gpu-ci\comfy-gpu-ci\test_workspaces\SAM3DBody-2146\ComfyUI\custom_nodes\ComfyUI-DepthAnythingV3\nodes\__init__.py", line 4, in <module>
[05:26]   [ComfyUI] [comfy-env]       from .load_model import (
[05:26]   [ComfyUI] [comfy-env]     File "D:\a\comfy-gpu-ci\comfy-gpu-ci\test_workspaces\SAM3DBody-2146\ComfyUI\custom_nodes\ComfyUI-DepthAnythingV3\nodes\load_model.py", line 11, in <module>
[05:26]   [ComfyUI] [comfy-env]       from comfy_api.latest import io
[05:26]   [ComfyUI] [comfy-env]     File "D:\a\comfy-gpu-ci\comfy-gpu-ci\test_workspaces\SAM3DBody-2146\ComfyUI\comfy_api\latest\__init__.py", line 8, in <module>
[05:26]   [ComfyUI] [comfy-env]       from ._input import ImageInput, AudioInput, MaskInput, LatentInput, VideoInput
[05:26]   [ComfyUI] [comfy-env]     File "D:\a\comfy-gpu-ci\comfy-gpu-ci\test_workspaces\SAM3DBody-2146\ComfyUI\comfy_api\latest\_input\__init__.py", line 4, in <module>
[05:26]   [ComfyUI] [comfy-env]       from .video_types import VideoInput
[05:26]   [ComfyUI] [comfy-env]     File "D:\a\comfy-gpu-ci\comfy-gpu-ci\test_workspaces\SAM3DBody-2146\ComfyUI\comfy_api\latest\_input\video_types.py", line 6, in <module>
[05:26]   [ComfyUI] [comfy-env]       import av
[05:26]   [ComfyUI] [comfy-env]   ModuleNotFoundError: No module named 'av'
[05:26]   [ComfyUI] [comfy-env] Metadata scan failed for nodes (exit 1, 6.9s):
[05:26]   [ComfyUI] [comfy-env]       from .load_model import (
[05:26]   [ComfyUI] [comfy-env]     File "D:\a\comfy-gpu-ci\comfy-gpu-ci\test_workspaces\SAM3DBody-2146\ComfyUI\custom_nodes\ComfyUI-DepthAnythingV3\nodes\load_model.py", line 11, in <module>
[05:26]   [ComfyUI] [comfy-env]       from comfy_api.latest import io
[05:26]   [ComfyUI] [comfy-env]     File "D:\a\comfy-gpu-ci\comfy-gpu-ci\test_workspaces\SAM3DBody-2146\ComfyUI\comfy_api\latest\__init__.py", line 8, in <module>
[05:26]   [ComfyUI] [comfy-env]       from ._input import ImageInput, AudioInput, MaskInput, LatentInput, VideoInput
[05:26]   [ComfyUI] [comfy-env]     File "D:\a\comfy-gpu-ci\comfy-gpu-ci\test_workspaces\SAM3DBody-2146\ComfyUI\comfy_api\latest\_input\__init__.py", line 4, in <module>
[05:26]   [ComfyUI] [comfy-env]       from .video_types import VideoInput
[05:26]   [ComfyUI] [comfy-env]     File "D:\a\comfy-gpu-ci\comfy-gpu-ci\test_workspaces\SAM3DBody-2146\ComfyUI\comfy_api\latest\_input\video_types.py", line 6, in <module>
[05:26]   [ComfyUI] [comfy-env]       import av
[05:26]   [ComfyUI] [comfy-env]   ModuleNotFoundError: No module named 'av'
[05:26]   [ComfyUI] [comfy-env] Scanned nodes root: 0 nodes (6.9s)
[05:26]   [ComfyUI] [comfy-env] Imported nodes root: 0 nodes (isolation)
[05:26]   [ComfyUI] [comfy-env] Registered 0 total nodes
[05:26]   [ComfyUI] loading...
[05:26]   [ComfyUI] calling register_nodes
[05:26]   [ComfyUI] [comfy-env] Version: 0.3.82
[05:26]   [ComfyUI] [comfy-env] register_nodes: ComfyUI-GeometryPack
[05:26]   [ComfyUI] [comfy-env] ComfyUI source dir: D:\a\comfy-gpu-ci\comfy-gpu-ci\test_workspaces\SAM3DBody-2146\ComfyUI
[05:26]   [ComfyUI] [comfy-env] Found 1 isolation env(s)
[05:26]   [ComfyUI] [comfy-env] Scanning nodes metadata (isolation root)...
[05:26]   [ComfyUI] [comfy-env] geometrypack-nodes: Library/bin has 609 DLLs
[05:26]   [ComfyUI] [comfy-env] Metadata scan: C:\Users\runneradmin\.pixi\bin\pixi.exe run --as-is --manifest-path C:\ce\pixi.toml -e geometrypack-nodes python C:\Users\RUNNER~1\AppData\Local\Temp\comfy_meta_fsh_pfi2.py D:\a\comfy-gpu-ci\comfy-gpu-ci\test_workspaces\SAM3DBody-2146\ComfyUI\custom_nodes\ComfyUI-GeometryPack nodes
[05:26]   [ComfyUI] [comfy-env] Scan env PATH for nodes:
[05:26]   [ComfyUI] [comfy-env]   [0] C:\ce\.pixi\envs\geometrypack-nodes
[05:26]   [ComfyUI] [comfy-env]   [1] C:\ce\.pixi\envs\geometrypack-nodes\Library\bin
[05:26]   [ComfyUI] [comfy-env]   [2] C:\ce\.pixi\envs\geometrypack-nodes\Scripts
[05:26]   [ComfyUI] [comfy-env]   [3] C:\ce\.pixi\envs\geometrypack-nodes\Lib\site-packages\bpy
[05:26]   [ComfyUI] [comfy-env]   [4] C:\Windows\System32
[05:26]   [ComfyUI] [comfy-env]   [5] C:\Windows
[05:26]   [ComfyUI] [comfy-env]   [6] C:\Windows\System32\Wbem
[05:36]   [ComfyUI] [comfy-env] Metadata scan stderr for nodes:
[05:36]   [ComfyUI] [comfy-env]   [meta-scan] importing nodes from D:\a\comfy-gpu-ci\comfy-gpu-ci\test_workspaces\SAM3DBody-2146\ComfyUI\custom_nodes\ComfyUI-GeometryPack
[05:36]   [ComfyUI] [comfy-env]   ERROR:root:Failed to import comfy_kitchen, Error: No module named 'comfy_kitchen', fp8 and fp4 support will not be available.
[05:36]   [ComfyUI] [comfy-env]   [meta-scan] import OK
[05:36]   [ComfyUI] [comfy-env] Scanned nodes: 125 nodes (10.4s)
[05:36]   [ComfyUI] [comfy-env] Scanned nodes root: 125 nodes (10.4s)
[05:36]   [ComfyUI] [comfy-env] Imported nodes root: 125 nodes (isolation)
[05:36]   [ComfyUI] [comfy-env] Registered 125 total nodes
[05:37]   [ComfyUI] ComfyUI-Multiband loaded: 15 nodes registered
[05:37]   [ComfyUI] [comfy-env] Version: 0.3.82
[05:37]   [ComfyUI] [comfy-env] register_nodes: ComfyUI-SAM3DBody
[05:37]   [ComfyUI] [comfy-env] ComfyUI source dir: D:\a\comfy-gpu-ci\comfy-gpu-ci\test_workspaces\SAM3DBody-2146\ComfyUI
[05:37]   [ComfyUI] [comfy-env] Found 1 isolation env(s)
[05:37]   [ComfyUI] [comfy-env] Scanning nodes metadata (isolation root)...
[05:37]   [ComfyUI] [comfy-env] sam3dbody-nodes: Library/bin has 234 DLLs
[05:37]   [ComfyUI] [comfy-env] Metadata scan: C:\Users\runneradmin\.pixi\bin\pixi.exe run --as-is --manifest-path C:\ce\pixi.toml -e sam3dbody-nodes python C:\Users\RUNNER~1\AppData\Local\Temp\comfy_meta_tc73v3o_.py D:\a\comfy-gpu-ci\comfy-gpu-ci\test_workspaces\SAM3DBody-2146\ComfyUI\custom_nodes\ComfyUI-SAM3DBody nodes
[05:37]   [ComfyUI] [comfy-env] Scan env PATH for nodes:
[05:37]   [ComfyUI] [comfy-env]   [0] C:\ce\.pixi\envs\sam3dbody-nodes
[05:37]   [ComfyUI] [comfy-env]   [1] C:\ce\.pixi\envs\sam3dbody-nodes\Library\bin
[05:37]   [ComfyUI] [comfy-env]   [2] C:\ce\.pixi\envs\sam3dbody-nodes\Scripts
[05:37]   [ComfyUI] [comfy-env]   [3] C:\ce\.pixi\envs\sam3dbody-nodes\Lib\site-packages\bpy
[05:37]   [ComfyUI] [comfy-env]   [4] C:\Windows\System32
[05:37]   [ComfyUI] [comfy-env]   [5] C:\Windows
[05:37]   [ComfyUI] [comfy-env]   [6] C:\Windows\System32\Wbem
[05:42]   [ComfyUI] [comfy-env] Metadata scan stderr for nodes:
[05:42]   [ComfyUI] [comfy-env]   [meta-scan] importing nodes from D:\a\comfy-gpu-ci\comfy-gpu-ci\test_workspaces\SAM3DBody-2146\ComfyUI\custom_nodes\ComfyUI-SAM3DBody
[05:42]   [ComfyUI] [comfy-env]   [meta-scan] import OK
[05:42]   [ComfyUI] [comfy-env] Scanned nodes: 15 nodes (5.2s)
[05:42]   [ComfyUI] [comfy-env] Scanned nodes root: 15 nodes (5.2s)
[05:42]   [ComfyUI] [comfy-env] Imported nodes root: 15 nodes (isolation)
[05:42]   [ComfyUI] [comfy-env] Registered 15 total nodes
[05:42]   [ComfyUI] 
[05:42]   [ComfyUI] Import times for custom nodes:
[05:42]   [ComfyUI]    0.0 seconds: D:\a\comfy-gpu-ci\comfy-gpu-ci\test_workspaces\SAM3DBody-2146\ComfyUI\custom_nodes\websocket_image_save.py
[05:42]   [ComfyUI]    0.0 seconds: D:\a\comfy-gpu-ci\comfy-gpu-ci\test_workspaces\SAM3DBody-2146\ComfyUI\custom_nodes\ComfyUI-validate-endpoint
[05:42]   [ComfyUI]    0.0 seconds: D:\a\comfy-gpu-ci\comfy-gpu-ci\test_workspaces\SAM3DBody-2146\ComfyUI\custom_nodes\ComfyUI-CameraPack
[05:42]   [ComfyUI]    0.1 seconds: D:\a\comfy-gpu-ci\comfy-gpu-ci\test_workspaces\SAM3DBody-2146\ComfyUI\custom_nodes\ComfyUI-VideoHelperSuite
[05:42]   [ComfyUI]    0.2 seconds: D:\a\comfy-gpu-ci\comfy-gpu-ci\test_workspaces\SAM3DBody-2146\ComfyUI\custom_nodes\ComfyUI-KJNodes
[05:42]   [ComfyUI]    0.2 seconds: D:\a\comfy-gpu-ci\comfy-gpu-ci\test_workspaces\SAM3DBody-2146\ComfyUI\custom_nodes\ComfyUI-Multiband
[05:42]   [ComfyUI]    5.3 seconds: D:\a\comfy-gpu-ci\comfy-gpu-ci\test_workspaces\SAM3DBody-2146\ComfyUI\custom_nodes\ComfyUI-SAM3DBody
[05:42]   [ComfyUI]    9.2 seconds: D:\a\comfy-gpu-ci\comfy-gpu-ci\test_workspaces\SAM3DBody-2146\ComfyUI\custom_nodes\ComfyUI-DepthAnythingV3
[05:42]   [ComfyUI]   10.4 seconds: D:\a\comfy-gpu-ci\comfy-gpu-ci\test_workspaces\SAM3DBody-2146\ComfyUI\custom_nodes\ComfyUI-GeometryPack
[05:42]   [ComfyUI] 
[05:42]   [ComfyUI] Context impl SQLiteImpl.
[05:42]   [ComfyUI] Will assume non-transactional DDL.
[05:42]   [ComfyUI] Context impl SQLiteImpl.
[05:42]   [ComfyUI] Will assume non-transactional DDL.
[05:42]   [ComfyUI] Running upgrade  -> 0001_assets, Initial assets schema
[05:42]   [ComfyUI] Revision ID: 0001_assets
[05:42]   [ComfyUI] Revises: None
[05:42]   [ComfyUI] Create Date: 2025-12-10 00:00:00
[05:42]   [ComfyUI] Running upgrade 0001_assets -> 0002_merge_to_asset_references, Merge AssetInfo and AssetCacheState into unified asset_references table.
[05:42]   [ComfyUI] Running upgrade 0002_merge_to_asset_references -> 0003_add_metadata_job_id, Add system_metadata and job_id columns to asset_references.
[05:42]   [ComfyUI] Change preview_id FK from assets.id to asset_references.id.
[05:42]   [ComfyUI] Database upgraded from None to 0003_add_metadata_job_id
[05:42]   [ComfyUI] Starting server
[05:42]   [ComfyUI] 
[05:42]   [ComfyUI] To see the GUI go to: http://127.0.0.1:41895
[05:43] Server responding, waiting for nodes to load...
[06:03] Server is ready!
[06:03] Checking for import errors in server logs...
[06:03] No import errors detected
[06:03] Found 1138 registered nodes
[06:03] [REGISTRATION] PASSED
[06:03] 
[06:03] [4/5] INSTANTIATION
[06:03] ----------------------------------------
[06:03] 
[DEBUG] server=<comfy_test.comfyui.server.ComfyUIServer object at 0x0000013377211410>, server_url=None, api=<comfy_test.comfyui.api.ComfyUIAPI object at 0x0000013377233290>
[06:03] Testing node constructors...
[06:06] All 15 node(s) instantiated successfully!
[06:06] [INSTANTIATION] PASSED
[06:06] 
[06:06] [5/5] EXECUTION
[06:06] ----------------------------------------
[06:06] 
[DEBUG] server=<comfy_test.comfyui.server.ComfyUIServer object at 0x0000013377211410>, server_url=None, api=<comfy_test.comfyui.api.ComfyUIAPI object at 0x0000013377233290>
[06:06] CPU runner - will execute 1 workflow(s)
[06:06] Running 5 workflow(s) (all with videos)...
[06:06] Installing screenshot dependencies (playwright, pillow)...
[06:08]   Packages installed, downloading chromium browser...
[06:23]   Screenshot dependencies installed successfully
[06:23] Starting headless browser...
[06:24]   Downloading Mesa llvmpipe for Windows...
[06:28]   Copied opengl32.dll to Chromium dir
[06:28]   Copied libgallium_wgl.dll to Chromium dir
[06:28]   Using Mesa llvmpipe (desktop GL) -- multithreaded CPU rendering
[06:28]   [1/5] SKIPPED (not in cpu list) multiple_masks.json
[06:28]   [2/5] SKIPPED (not in cpu list) multiple_masks_depthcorrected.json
[06:29] Capturing execution frames: rigged_mesh_manipulation.json
[06:31]   [ComfyUI] [DEPRECATION WARNING] Detected import of deprecated legacy API: /extensions/core/widgetInputs.js. This is likely caused by a custom node extension using outdated APIs. Please update your extensions or contact the extension author for an updated version.
[06:38]   Frame 1 saved (frame_000.jpg, t=0.0s)
[06:38]   Validating workflow...
[06:38]   [ComfyUI] === /validate endpoint called ===
[06:38]   [ComfyUI] Received JSON with keys: ['prompt']
[06:38]   [ComfyUI] Prompt has 2 nodes
[06:38]   [ComfyUI]   Node 2: SAM3DBodyPreviewRiggedMesh
[06:38]   [ComfyUI]     Inputs: {"fbx_output_path": ["4", 0], "preview": ""}
[06:38]   [ComfyUI]   Node 4: SAM3DBodySelectMesh
[06:38]   Queuing workflow for execution...
[06:38]   [ComfyUI]     Inputs: {"source_folder": "input", "file_path": "sam3d_rigged.fbx"}
[06:38]   [ComfyUI] Generated prompt_id: 4c3139d9-2d5e-4326-b245-2ab4b3ab6f2e
[06:38]   [ComfyUI] Calling execution.validate_prompt()...
[06:38]   [ComfyUI] Validation result: valid=True
[06:38]   [ComfyUI] === Validation PASSED ===
[06:38]   [ComfyUI] got prompt
[06:38]   [ComfyUI] [comfy-env] Running SAM3DBodySelectMesh: source_folder: 'input', file_path: 'sam3d_rigged.fbx'
[06:38]   [ComfyUI] [comfy-env] SubprocessWorker: C:\ce\.pixi\envs\sam3dbody-nodes\python.exe
[06:38]   [ComfyUI] [comfy-env] env_vars: {'COMFYUI_BASE': 'D:\\a\\comfy-gpu-ci\\comfy-gpu-ci\\test_workspaces\\SAM3DBody-2146\\ComfyUI'}
[06:38]   [ComfyUI] [SubprocessWorker] call_method: nodes.load_mesh.SAM3DBodySelectMesh.EXECUTE_NORMALIZED
[06:38]   [ComfyUI] [SubprocessWorker] acquired lock, ensuring started...
[06:38]   [ComfyUI] [comfy-env] sam3dbody-nodes: Library/bin has 234 DLLs
[06:38]   [ComfyUI] [ComfyUI-SAM3DBody] python: C:\ce\.pixi\envs\sam3dbody-nodes\python.exe
[06:38]   [ComfyUI] [ComfyUI-SAM3DBody] sys_path sent to worker: ['D:\\a\\comfy-gpu-ci\\comfy-gpu-ci\\test_workspaces\\SAM3DBody-2146\\ComfyUI', 'D:\\a\\comfy-gpu-ci\\comfy-gpu-ci\\test_workspaces\\SAM3DBody-2146\\ComfyUI\\custom_nodes\\ComfyUI-SAM3DBody', 'C:\\ce\\.pixi\\envs\\sam3dbody-nodes\\Lib\\site-packages', 'D:\\a\\comfy-gpu-ci\\comfy-gpu-ci\\test_workspaces\\SAM3DBody-2146\\ComfyUI\\custom_nodes\\ComfyUI-SAM3DBody']
[06:38]   [ComfyUI] [SubprocessWorker] is_pixi=True, python=C:\ce\.pixi\envs\sam3dbody-nodes\python.exe
[06:38]   [ComfyUI] [SubprocessWorker] launching cmd=['C:\\Users\\runneradmin\\.pixi\\bin\\pixi.exe', 'run', '--as-is', '--manifest-path', 'C:\\ce\\pixi.toml', '-e', 'sam3dbody-nodes', 'python', 'C:\\Users\\RUNNER~1\\AppData\\Local\\Temp\\comfyui_pvenv_33098x_2\\persistent_worker.py', 'tcp://127.0.0.1:56354']...
[06:40]   Frame 2 saved (frame_001.jpg, t=2.5s)
[06:40]   [capture-periodic] freeze=4ms shot=120ms unfreeze=7ms saved=True
[06:41]   [ComfyUI] [worker:ComfyUI-SAM3DBody] ERROR: Failed to import comfy_kitchen, Error: No module named 'comfy_kitchen', fp8 and fp4 support will not be available.
[06:41]   [ComfyUI] [SubprocessWorker] worker started/confirmed
[06:41]   [ComfyUI] [SubprocessWorker] serializing kwargs to shm...
[06:41]   [ComfyUI] [SubprocessWorker] created 0 shm blocks
[06:41]   [ComfyUI] [SubprocessWorker] sending request via socket...
[06:41]   [ComfyUI] [SubprocessWorker] call_id=1 sending call_method
[06:42]   [ComfyUI] [SubprocessWorker] got response: ok
[06:42]   [ComfyUI] [comfy-env] SAM3DBodySelectMesh done (3.61s): result: NodeOutput
[06:42]   [ComfyUI] [comfy-env] Running SAM3DBodyPreviewRiggedMesh: fbx_output_path: 'D:\\a\\comfy-gpu-ci\\comfy-gpu-ci\\test_workspaces\\SAM3...
[06:42]   [ComfyUI] [SubprocessWorker] call_method: nodes.preview.SAM3DBodyPreviewRiggedMesh.EXECUTE_NORMALIZED
[06:42]   [ComfyUI] [SubprocessWorker] acquired lock, ensuring started...
[06:42]   [ComfyUI] [ComfyUI-SAM3DBody] Health check: ping (timeout=5.0s)...
[06:42]   [ComfyUI] [ComfyUI-SAM3DBody] Health check: ok
[06:42]   [ComfyUI] [SubprocessWorker] worker started/confirmed
[06:42]   [ComfyUI] [SubprocessWorker] serializing kwargs to shm...
[06:42]   [ComfyUI] [SubprocessWorker] created 0 shm blocks
[06:42]   [ComfyUI] [SubprocessWorker] sending request via socket...
[06:42]   [ComfyUI] [SubprocessWorker] call_id=2 sending call_method
[06:42]   [ComfyUI] [SubprocessWorker] got response: ok
[06:42]   [ComfyUI] [comfy-env] SAM3DBodyPreviewRiggedMesh done (0.11s): result: NodeOutput
[06:42]   [ComfyUI] Prompt executed in 3.73 seconds
[06:42]   Node executed (1 total), capturing...
[06:42]   Frame 3 saved (frame_002.jpg, t=4.3s)
[06:42]   [capture-node] freeze=7ms shot=141ms unfreeze=0ms saved=True
[06:42]   Execution complete (t=4.3s)
[06:43]   [3d-wait] Phase 1: Waiting for 'Loading 3D Model' text to disappear...
[06:43]   [3d-wait] Phase 1 done in 0.0s
[06:43]   [3d-wait] Phase 2: iframes=1
[06:43]   [3d-wait] iframe viewer_ready=True (matched 1 console logs)
[06:43]   [3d-wait] Unfrozen in 0.004s, rendering for 5s...
[06:48]   [3d-wait] JS halted via CDP after 5.1s
[06:49]   [3d-wait] Re-frozen in 6.1s
[06:49]   [3d-wait] Total 3D wait: 6.1s
[06:49]   Captured 3 unique frames over 11.36s
[06:49]   [debug] iframes: 1
[06:49]   [debug]   iframe[0]: src=http://127.0.0.1:41895/extensions/ComfyUI-GeometryPack/viewer_fbx.html?v=1778449, canvas=486x710, rafFrozen=True
[06:49]   [timing] trigger_3d_previews: 0.0s
[06:51]   Saved high-quality screenshot: rigged_mesh_manipulation_executed.png
[06:51]   [timing] final_screenshot: 0.2s
[06:52]   [4/5] SKIPPED (not in cpu list) rigging.json
[06:52]   [5/5] SKIPPED (not in cpu list) workflow.json
[06:52] Results saved to D:\a\comfy-gpu-ci\comfy-gpu-ci\comfy-test-logs\SAM3DBody-2146\dev\windows-cpu\results.json
[06:52] Saved: D:\a\comfy-gpu-ci\comfy-gpu-ci\comfy-test-logs\SAM3DBody-2146\dev\windows-cpu\index.html
[06:52] [EXECUTION] PASSED
[06:52] 
windows: PASSED
[06:52] Stopping ComfyUI server...
