  [ComfyUI] [comfy-env] [VRAM] Before offload 'SAM3DBody_1' (3143 MB) -> cpu: 1042 / 12287 MB
Capturing execution frames: multiple_masks_depthcorrected.json
  [ComfyUI] [ComfyUI-SAM3DBody] Health check: ping (timeout=5.0s)...
  [ComfyUI] [ComfyUI-SAM3DBody] Health check: failed
  [ComfyUI] [ComfyUI-SAM3DBody] Socket unhealthy, restarting worker...
  [ComfyUI] [comfy-env] Invalidated 1 stale model patchers (will be cleaned up during next unload)
  [ComfyUI] [ComfyUI-SAM3DBody] python: C:\ce\.pixi\envs\sam3dbody-nodes\python.exe
  [ComfyUI] [comfy-env] sam3dbody-nodes: Library/bin has 234 DLLs
  [ComfyUI] [ComfyUI-SAM3DBody] sys_path sent to worker: ['C:\\workspaces\\SAM3DBody-2346\\ComfyUI', 'C:\\workspaces\\SAM3DBody-2346\\ComfyUI\\custom_nodes\\ComfyUI-SAM3DBody', 'C:\\ce\\.pixi\\envs\\sam3dbody-nodes\\Lib\\site-packages', 'C:\\workspaces\\SAM3DBody-2346\\ComfyUI\\custom_nodes\\ComfyUI-SAM3DBody']
  [ComfyUI] [SubprocessWorker] is_pixi=True, python=C:\ce\.pixi\envs\sam3dbody-nodes\python.exe
  [ComfyUI] [SubprocessWorker] launching cmd=['C:\\Users\\ContainerAdministrator\\.pixi\\bin\\pixi.exe', 'run', '--as-is', '--manifest-path', 'C:\\ce\\pixi.toml', '-e', 'sam3dbody-nodes', 'python', 'C:\\Users\\ContainerAdministrator\\AppData\\Local\\Temp\\comfyui_pvenv_y99ukr6l\\persistent_worker.py', 'tcp://127.0.0.1:56270']...
  [ComfyUI] [worker:ComfyUI-SAM3DBody] ERROR: Failed to import comfy_kitchen, Error: No module named 'comfy_kitchen', fp8 and fp4 support will not be available.
  [ComfyUI] [SubprocessWorker] call_id=4 sending model_to_device
  [ComfyUI] Model 'SAM3DBody_1' gone from worker (restarted?), treating as offloaded
  [ComfyUI] [comfy-env] [VRAM] After offload 'SAM3DBody_1' (3143 MB): 1042 / 12287 MB
  Frame 1 saved (frame_000.jpg, t=0.0s)
  Validating workflow...
  Validation failed: graphToPrompt produced nodes without class_type: graphToPrompt: 16 nodes, missing class_type: [40,41], sample: {"inputs":{"images":["16",1]},"class_type":"PreviewImage","_meta":{"title":"Preview Image"}}
    Status: FAILED
    Error: Workflow validation failed
    Details: graphToPrompt produced nodes without class_type: graphToPrompt: 16 nodes, missing class_type: [40,41], sample: {"inputs":{"images":["16",1]},"class_type":"PreviewImage","_meta":{"title":"Preview Image"}}