Capturing execution frames: workflow.json
  [ComfyUI] [comfy-env] [VRAM] Before offload 'SAM3DBody_1' (3143 MB) -> cpu: 1042 / 12287 MB
  [ComfyUI] [comfy-env] [VRAM] Before offload 'SAM3DBody_1' (3143 MB) -> cpu: 1042 / 12287 MB
  [ComfyUI] [ComfyUI-SAM3DBody] Health check: ping (timeout=5.0s)...
  [ComfyUI] [ComfyUI-SAM3DBody] Health check: ping (timeout=5.0s)...
  [ComfyUI] [ComfyUI-SAM3DBody] Health check: failed
  [ComfyUI] [ComfyUI-SAM3DBody] Health check: failed
  [ComfyUI] [ComfyUI-SAM3DBody] Socket unhealthy, restarting worker...
  [ComfyUI] [ComfyUI-SAM3DBody] Socket unhealthy, restarting worker...
  [ComfyUI] [comfy-env] Invalidated 1 stale model patchers (will be cleaned up during next unload)
  [ComfyUI] [comfy-env] Invalidated 1 stale model patchers (will be cleaned up during next unload)
  [ComfyUI] [ComfyUI-SAM3DBody] python: C:\ce\.pixi\envs\sam3dbody-nodes\python.exe
  [ComfyUI] [ComfyUI-SAM3DBody] python: C:\ce\.pixi\envs\sam3dbody-nodes\python.exe
  [ComfyUI] [comfy-env] sam3dbody-nodes: Library/bin has 234 DLLs
  [ComfyUI] [comfy-env] sam3dbody-nodes: Library/bin has 234 DLLs
  [ComfyUI] [ComfyUI-SAM3DBody] sys_path sent to worker: ['C:\\workspaces\\SAM3DBody-2346\\ComfyUI', 'C:\\workspaces\\SAM3DBody-2346\\ComfyUI\\custom_nodes\\ComfyUI-SAM3DBody', 'C:\\ce\\.pixi\\envs\\sam3dbody-nodes\\Lib\\site-packages', 'C:\\workspaces\\SAM3DBody-2346\\ComfyUI\\custom_nodes\\ComfyUI-SAM3DBody']
  [ComfyUI] [ComfyUI-SAM3DBody] sys_path sent to worker: ['C:\\workspaces\\SAM3DBody-2346\\ComfyUI', 'C:\\workspaces\\SAM3DBody-2346\\ComfyUI\\custom_nodes\\ComfyUI-SAM3DBody', 'C:\\ce\\.pixi\\envs\\sam3dbody-nodes\\Lib\\site-packages', 'C:\\workspaces\\SAM3DBody-2346\\ComfyUI\\custom_nodes\\ComfyUI-SAM3DBody']
  [ComfyUI] [SubprocessWorker] is_pixi=True, python=C:\ce\.pixi\envs\sam3dbody-nodes\python.exe
  [ComfyUI] [SubprocessWorker] is_pixi=True, python=C:\ce\.pixi\envs\sam3dbody-nodes\python.exe
  [ComfyUI] [SubprocessWorker] launching cmd=['C:\\Users\\ContainerAdministrator\\.pixi\\bin\\pixi.exe', 'run', '--as-is', '--manifest-path', 'C:\\ce\\pixi.toml', '-e', 'sam3dbody-nodes', 'python', 'C:\\Users\\ContainerAdministrator\\AppData\\Local\\Temp\\comfyui_pvenv_y99ukr6l\\persistent_worker.py', 'tcp://127.0.0.1:55764']...
  [ComfyUI] [SubprocessWorker] launching cmd=['C:\\Users\\ContainerAdministrator\\.pixi\\bin\\pixi.exe', 'run', '--as-is', '--manifest-path', 'C:\\ce\\pixi.toml', '-e', 'sam3dbody-nodes', 'python', 'C:\\Users\\ContainerAdministrator\\AppData\\Local\\Temp\\comfyui_pvenv_y99ukr6l\\persistent_worker.py', 'tcp://127.0.0.1:55764']...
  [ComfyUI] [worker:ComfyUI-SAM3DBody] ERROR: Failed to import comfy_kitchen, Error: No module named 'comfy_kitchen', fp8 and fp4 support will not be available.
  [ComfyUI] [worker:ComfyUI-SAM3DBody] ERROR: Failed to import comfy_kitchen, Error: No module named 'comfy_kitchen', fp8 and fp4 support will not be available.
  [ComfyUI] [SubprocessWorker] call_id=10 sending model_to_device
  [ComfyUI] [SubprocessWorker] call_id=10 sending model_to_device
  [ComfyUI] Model 'SAM3DBody_1' gone from worker (restarted?), treating as offloaded
  [ComfyUI] Model 'SAM3DBody_1' gone from worker (restarted?), treating as offloaded
  [ComfyUI] [comfy-env] [VRAM] After offload 'SAM3DBody_1' (3143 MB): 1042 / 12287 MB
  [ComfyUI] [comfy-env] [VRAM] After offload 'SAM3DBody_1' (3143 MB): 1042 / 12287 MB
  Frame 1 saved (frame_000.jpg, t=0.0s)
  Validating workflow...
  [ComfyUI] === /validate endpoint called ===
  [ComfyUI] === /validate endpoint called ===
  Queuing workflow for execution...
  [ComfyUI] Received JSON with keys: ['prompt']
  [ComfyUI] Received JSON with keys: ['prompt']
  [ComfyUI] Prompt has 6 nodes
  [ComfyUI] Prompt has 6 nodes
  [ComfyUI]   Node 3: LoadImage
  [ComfyUI]   Node 3: LoadImage
  [ComfyUI]     Inputs: {"image": "masked_dancing.png"}
  [ComfyUI]     Inputs: {"image": "masked_dancing.png"}
  [ComfyUI]   Node 4: PreviewImage
  [ComfyUI]   Node 4: PreviewImage
  [ComfyUI]     Inputs: {"images": ["13", 2]}
  [ComfyUI]     Inputs: {"images": ["13", 2]}
  [ComfyUI]   Node 10: Preview3D
  [ComfyUI]   Node 10: Preview3D
  [ComfyUI]     Inputs: {"model_file": ["15", 0], "image": ""}
  [ComfyUI]     Inputs: {"model_file": ["15", 0], "image": ""}
  [ComfyUI]   Node 12: LoadSAM3DBodyModel
  [ComfyUI]   Node 12: LoadSAM3DBodyModel
  [ComfyUI]     Inputs: {"precision": "auto"}
  [ComfyUI]     Inputs: {"precision": "auto"}
  [ComfyUI]   Node 13: SAM3DBodyProcess
  [ComfyUI]   Node 13: SAM3DBodyProcess
  [ComfyUI]     Inputs: {"bbox_threshold": 0.8, "inference_type": "full", "model": ["12", 0], "image": ["3", 0], "mask": ["3", 1]}
  [ComfyUI]     Inputs: {"bbox_threshold": 0.8, "inference_type": "full", "model": ["12", 0], "image": ["3", 0], "mask": ["3", 1]}
  [ComfyUI]   Node 15: SAM3DBodyExportMesh
  [ComfyUI]   Node 15: SAM3DBodyExportMesh
  [ComfyUI]     Inputs: {"filename": "output_mesh.stl", "mesh_data": ["13", 0]}
  [ComfyUI]     Inputs: {"filename": "output_mesh.stl", "mesh_data": ["13", 0]}
  [ComfyUI] Generated prompt_id: feb3ec93-2506-431e-adb2-29f0c0f44962
  [ComfyUI] Generated prompt_id: feb3ec93-2506-431e-adb2-29f0c0f44962
  [ComfyUI] Calling execution.validate_prompt()...
  [ComfyUI] Calling execution.validate_prompt()...
  [ComfyUI] Validation result: valid=True
  [ComfyUI] Validation result: valid=True
  [ComfyUI] === Validation PASSED ===
  [ComfyUI] === Validation PASSED ===
  [ComfyUI] got prompt
  [ComfyUI] got prompt
  [ComfyUI] [comfy-env] Running LoadSAM3DBodyModel: precision: 'auto'
  [ComfyUI] [comfy-env] Running LoadSAM3DBodyModel: precision: 'auto'
  [ComfyUI] [VRAM] Before LoadSAM3DBodyModel: 1042 / 12287 MB
  [ComfyUI] [VRAM] Before LoadSAM3DBodyModel: 1042 / 12287 MB
  [ComfyUI] [SubprocessWorker] call_method: nodes.load_model.LoadSAM3DBodyModel.EXECUTE_NORMALIZED
  [ComfyUI] [SubprocessWorker] call_method: nodes.load_model.LoadSAM3DBodyModel.EXECUTE_NORMALIZED
  [ComfyUI] [SubprocessWorker] acquired lock, ensuring started...
  [ComfyUI] [SubprocessWorker] acquired lock, ensuring started...
  [ComfyUI] [ComfyUI-SAM3DBody] Health check: ping (timeout=5.0s)...
  [ComfyUI] [ComfyUI-SAM3DBody] Health check: ping (timeout=5.0s)...
  [ComfyUI] [ComfyUI-SAM3DBody] Health check: ok
  [ComfyUI] [ComfyUI-SAM3DBody] Health check: ok
  [ComfyUI] [SubprocessWorker] worker started/confirmed
  [ComfyUI] [SubprocessWorker] worker started/confirmed
  [ComfyUI] [SubprocessWorker] serializing kwargs to shm...
  [ComfyUI] [SubprocessWorker] serializing kwargs to shm...
  [ComfyUI] [SubprocessWorker] created 0 shm blocks
  [ComfyUI] [SubprocessWorker] created 0 shm blocks
  [ComfyUI] [SubprocessWorker] sending request via socket...
  [ComfyUI] [SubprocessWorker] sending request via socket...
  [ComfyUI] [SubprocessWorker] call_id=11 sending call_method
  [ComfyUI] [SubprocessWorker] call_id=11 sending call_method
  [ComfyUI] [SubprocessWorker] got response: ok
  [ComfyUI] [SubprocessWorker] got response: ok
  [ComfyUI] [comfy-env] [VRAM] Before offload 'SAM3DBody_1' (3143 MB) -> cpu: 1042 / 12287 MB
  [ComfyUI] [comfy-env] [VRAM] Before offload 'SAM3DBody_1' (3143 MB) -> cpu: 1042 / 12287 MB
  [ComfyUI] [ComfyUI-SAM3DBody] Health check: ping (timeout=5.0s)...
  [ComfyUI] [ComfyUI-SAM3DBody] Health check: ping (timeout=5.0s)...
  [ComfyUI] [ComfyUI-SAM3DBody] Health check: ok
  [ComfyUI] [ComfyUI-SAM3DBody] Health check: ok
  [ComfyUI] [SubprocessWorker] call_id=12 sending model_to_device
  [ComfyUI] [SubprocessWorker] call_id=12 sending model_to_device
  [ComfyUI] Model 'SAM3DBody_1' gone from worker (restarted?), treating as offloaded
  [ComfyUI] Model 'SAM3DBody_1' gone from worker (restarted?), treating as offloaded
  [ComfyUI] [comfy-env] [VRAM] After offload 'SAM3DBody_1' (3143 MB): 1042 / 12287 MB
  [ComfyUI] [comfy-env] [VRAM] After offload 'SAM3DBody_1' (3143 MB): 1042 / 12287 MB
  [ComfyUI] [comfy-env] LoadSAM3DBodyModel done (0.35s): result: NodeOutput
  [ComfyUI] [comfy-env] LoadSAM3DBodyModel done (0.35s): result: NodeOutput
  [ComfyUI] [VRAM] After LoadSAM3DBodyModel: 1042 / 12287 MB
  [ComfyUI] [VRAM] After LoadSAM3DBodyModel: 1042 / 12287 MB
  [ComfyUI] [comfy-env] Running SAM3DBodyProcess: bbox_threshold: 0.8, inference_type: 'full', model: dict, image: torch.float32 [1,1500,2250,3] cpu, mask: torch.float32 [1,1500,2250] cpu
  [ComfyUI] [comfy-env] Running SAM3DBodyProcess: bbox_threshold: 0.8, inference_type: 'full', model: dict, image: torch.float32 [1,1500,2250,3] cpu, mask: torch.float32 [1,1500,2250] cpu
  [ComfyUI] [VRAM] Before SAM3DBodyProcess: 1042 / 12287 MB
  [ComfyUI] [VRAM] Before SAM3DBodyProcess: 1042 / 12287 MB
  [ComfyUI] [SubprocessWorker] call_method: nodes.process.SAM3DBodyProcess.EXECUTE_NORMALIZED
  [ComfyUI] [SubprocessWorker] call_method: nodes.process.SAM3DBodyProcess.EXECUTE_NORMALIZED
  [ComfyUI] [SubprocessWorker] acquired lock, ensuring started...
  [ComfyUI] [SubprocessWorker] acquired lock, ensuring started...
  [ComfyUI] [ComfyUI-SAM3DBody] Health check: ping (timeout=5.0s)...
  [ComfyUI] [ComfyUI-SAM3DBody] Health check: ping (timeout=5.0s)...
  [ComfyUI] [ComfyUI-SAM3DBody] Health check: ok
  [ComfyUI] [ComfyUI-SAM3DBody] Health check: ok
  [ComfyUI] [SubprocessWorker] worker started/confirmed
  [ComfyUI] [SubprocessWorker] worker started/confirmed
  [ComfyUI] [comfy-env] PRE-SERIALIZE 'image' shape: torch.Size([1, 1500, 2250, 3])
  [ComfyUI] [comfy-env] PRE-SERIALIZE 'image' shape: torch.Size([1, 1500, 2250, 3])
  [ComfyUI] [comfy-env] PRE-SERIALIZE 'mask' shape: torch.Size([1, 1500, 2250])
  [ComfyUI] [comfy-env] PRE-SERIALIZE 'mask' shape: torch.Size([1, 1500, 2250])
  [ComfyUI] [SubprocessWorker] serializing kwargs to shm...
  [ComfyUI] [SubprocessWorker] serializing kwargs to shm...
  [ComfyUI] [SubprocessWorker] created 0 shm blocks
  [ComfyUI] [SubprocessWorker] created 0 shm blocks
  [ComfyUI] [SubprocessWorker] sending request via socket...
  [ComfyUI] [SubprocessWorker] sending request via socket...
  [ComfyUI] [SubprocessWorker] call_id=13 sending call_method
  [ComfyUI] [SubprocessWorker] call_id=13 sending call_method
  [ComfyUI] [worker:ComfyUI-SAM3DBody] [comfy-env] _from_shm got dict with keys: ['__type__', 'strategy', 'manager_path', 'storage_key', 'storage_size']
  [ComfyUI] [worker:ComfyUI-SAM3DBody] [comfy-env] _from_shm got dict with keys: ['__type__', 'strategy', 'manager_path', 'storage_key', 'storage_size']
  [ComfyUI] [worker:ComfyUI-SAM3DBody] [comfy-env] DESERIALIZE TensorRef: tensor_size=[1, 1500, 2250, 3]
  [ComfyUI] [worker:ComfyUI-SAM3DBody] [comfy-env] DESERIALIZE TensorRef: tensor_size=[1, 1500, 2250, 3]
  [ComfyUI] [worker:ComfyUI-SAM3DBody] [comfy-env] DESERIALIZED tensor shape: torch.Size([1, 1500, 2250, 3])
  [ComfyUI] [worker:ComfyUI-SAM3DBody] [comfy-env] DESERIALIZED tensor shape: torch.Size([1, 1500, 2250, 3])
  [ComfyUI] [worker:ComfyUI-SAM3DBody] [comfy-env] _from_shm got dict with keys: ['__type__', 'strategy', 'manager_path', 'storage_key', 'storage_size']
  [ComfyUI] [worker:ComfyUI-SAM3DBody] [comfy-env] _from_shm got dict with keys: ['__type__', 'strategy', 'manager_path', 'storage_key', 'storage_size']
  [ComfyUI] [worker:ComfyUI-SAM3DBody] [comfy-env] DESERIALIZE TensorRef: tensor_size=[1, 1500, 2250]
  [ComfyUI] [worker:ComfyUI-SAM3DBody] [comfy-env] DESERIALIZE TensorRef: tensor_size=[1, 1500, 2250]
  [ComfyUI] [worker:ComfyUI-SAM3DBody] [comfy-env] DESERIALIZED tensor shape: torch.Size([1, 1500, 2250])
  [ComfyUI] [worker:ComfyUI-SAM3DBody] [comfy-env] DESERIALIZED tensor shape: torch.Size([1, 1500, 2250])
  Frame 2 saved (frame_001.jpg, t=2.3s)
  [capture-periodic] freeze=4ms shot=115ms unfreeze=5ms saved=True
  [ComfyUI] C:\workspaces\SAM3DBody-2346\ComfyUI\custom_nodes\ComfyUI-SAM3DBody\nodes\sam_3d_body\heads.py:40: UserWarning: Momentum is not enabled
  [ComfyUI] C:\workspaces\SAM3DBody-2346\ComfyUI\custom_nodes\ComfyUI-SAM3DBody\nodes\sam_3d_body\heads.py:40: UserWarning: Momentum is not enabled
  [ComfyUI]   warnings.warn("Momentum is not enabled")
  [ComfyUI]   warnings.warn("Momentum is not enabled")
  [ComfyUI] [worker:ComfyUI-SAM3DBody] WARNING: No comfy kitchen, using old apply_rope functions.
  [ComfyUI] [worker:ComfyUI-SAM3DBody] WARNING: No comfy kitchen, using old apply_rope functions.
  Frame 3 saved (frame_002.jpg, t=4.5s)
  [capture-periodic] freeze=4ms shot=128ms unfreeze=5ms saved=True
  [ComfyUI] [SubprocessWorker] callback 'request_vram_budget' from call_id=13
  [ComfyUI] [SubprocessWorker] callback 'request_vram_budget' from call_id=13
  [ComfyUI] [comfy-env] VRAM request: 3.30GB, free before eviction: 11.79GB
  [ComfyUI] [comfy-env] VRAM request: 3.30GB, free before eviction: 11.79GB
  [ComfyUI] [comfy-env] VRAM after eviction: 11.79GB
  [ComfyUI] [comfy-env] VRAM after eviction: 11.79GB
  [ComfyUI] [worker:ComfyUI-SAM3DBody] [VRAM] +633MB (now 633MB) reserved=640MB peak=633MB
  [ComfyUI] [worker:ComfyUI-SAM3DBody] [VRAM] +633MB (now 633MB) reserved=640MB peak=633MB
  [capture-loop] iter=50 t=6.3s state={'complete': False, 'error': None, 'executedCount': 0, 'wsState': 1} eval_ms=5 ram=10.4/31.9GB (33%) swap=1.0/10.5GB (9%) cpu=15% browser_rss=0.89GB
  [ComfyUI] [worker:ComfyUI-SAM3DBody] [VRAM] +1646MB (now 2279MB) reserved=2304MB peak=2279MB
  [ComfyUI] [worker:ComfyUI-SAM3DBody] [VRAM] +1646MB (now 2279MB) reserved=2304MB peak=2279MB
  [ComfyUI] [worker:ComfyUI-SAM3DBody] [VRAM] +863MB (now 3143MB) reserved=3168MB peak=3143MB
  [ComfyUI] [worker:ComfyUI-SAM3DBody] [VRAM] +863MB (now 3143MB) reserved=3168MB peak=3143MB
  [capture-loop] iter=100 t=12.5s state={'complete': False, 'error': None, 'executedCount': 0, 'wsState': 1} eval_ms=3 ram=10.3/31.9GB (32%) swap=1.0/10.5GB (9%) cpu=10% browser_rss=0.80GB
  [ComfyUI] [SubprocessWorker] got response: ok
  [ComfyUI] [SubprocessWorker] got response: ok
  [ComfyUI] [comfy-env] Created 1 model patchers: ['SAM3DBody_1']
  [ComfyUI] [comfy-env] Created 1 model patchers: ['SAM3DBody_1']
  [ComfyUI] [comfy-env] SAM3DBodyProcess done (12.51s): result: NodeOutput
  [ComfyUI] [comfy-env] SAM3DBodyProcess done (12.51s): result: NodeOutput
  [ComfyUI] [VRAM] After SAM3DBodyProcess: 1042 / 12287 MB
  [ComfyUI] [VRAM] After SAM3DBodyProcess: 1042 / 12287 MB
  [ComfyUI] [VRAM] Loaded: SubprocessModel (3143 MB)
  [ComfyUI] [VRAM] Loaded: SubprocessModel (3143 MB)
  [ComfyUI] [comfy-env] Running SAM3DBodyExportMesh: filename: 'output_mesh.stl', mesh_data: dict
  [ComfyUI] [comfy-env] Running SAM3DBodyExportMesh: filename: 'output_mesh.stl', mesh_data: dict
  [ComfyUI] [VRAM] Before SAM3DBodyExportMesh: 1042 / 12287 MB
  [ComfyUI] [VRAM] Before SAM3DBodyExportMesh: 1042 / 12287 MB
  [ComfyUI] [VRAM] Loaded: SubprocessModel (3143 MB)
  [ComfyUI] [VRAM] Loaded: SubprocessModel (3143 MB)
  [ComfyUI] [SubprocessWorker] call_method: nodes.visualize.SAM3DBodyExportMesh.EXECUTE_NORMALIZED
  [ComfyUI] [SubprocessWorker] call_method: nodes.visualize.SAM3DBodyExportMesh.EXECUTE_NORMALIZED
  [ComfyUI] [SubprocessWorker] acquired lock, ensuring started...
  [ComfyUI] [SubprocessWorker] acquired lock, ensuring started...
  [ComfyUI] [ComfyUI-SAM3DBody] Health check: ping (timeout=5.0s)...
  [ComfyUI] [ComfyUI-SAM3DBody] Health check: ping (timeout=5.0s)...
  [ComfyUI] [ComfyUI-SAM3DBody] Health check: ok
  [ComfyUI] [ComfyUI-SAM3DBody] Health check: ok
  [ComfyUI] [SubprocessWorker] worker started/confirmed
  [ComfyUI] [SubprocessWorker] worker started/confirmed
  [ComfyUI] [SubprocessWorker] serializing kwargs to shm...
  [ComfyUI] [SubprocessWorker] serializing kwargs to shm...
  [ComfyUI] [SubprocessWorker] created 0 shm blocks
  [ComfyUI] [SubprocessWorker] created 0 shm blocks
  [ComfyUI] [SubprocessWorker] sending request via socket...
  [ComfyUI] [SubprocessWorker] sending request via socket...
  [ComfyUI] [SubprocessWorker] call_id=14 sending call_method
  [ComfyUI] [SubprocessWorker] call_id=14 sending call_method
  [ComfyUI] [worker:ComfyUI-SAM3DBody] [comfy-env] _from_shm got dict with keys: ['__type__', 'strategy', 'manager_path', 'storage_key', 'storage_size']
  [ComfyUI] [worker:ComfyUI-SAM3DBody] [comfy-env] _from_shm got dict with keys: ['__type__', 'strategy', 'manager_path', 'storage_key', 'storage_size']
  [ComfyUI] [worker:ComfyUI-SAM3DBody] [comfy-env] DESERIALIZE TensorRef: tensor_size=[18439, 3]
  [ComfyUI] [worker:ComfyUI-SAM3DBody] [comfy-env] DESERIALIZE TensorRef: tensor_size=[18439, 3]
  [ComfyUI] [worker:ComfyUI-SAM3DBody] [comfy-env] DESERIALIZED tensor shape: torch.Size([18439, 3])
  [ComfyUI] [worker:ComfyUI-SAM3DBody] [comfy-env] DESERIALIZED tensor shape: torch.Size([18439, 3])
  [ComfyUI] [worker:ComfyUI-SAM3DBody] [comfy-env] _from_shm got dict with keys: ['__type__', 'strategy', 'manager_path', 'storage_key', 'storage_size']
  [ComfyUI] [worker:ComfyUI-SAM3DBody] [comfy-env] _from_shm got dict with keys: ['__type__', 'strategy', 'manager_path', 'storage_key', 'storage_size']
  [ComfyUI] [worker:ComfyUI-SAM3DBody] [comfy-env] DESERIALIZE TensorRef: tensor_size=[36874, 3]
  [ComfyUI] [worker:ComfyUI-SAM3DBody] [comfy-env] DESERIALIZE TensorRef: tensor_size=[36874, 3]
  Frame 4 saved (frame_003.jpg, t=13.4s)
  [ComfyUI] [worker:ComfyUI-SAM3DBody] [comfy-env] DESERIALIZED tensor shape: torch.Size([36874, 3])
  [ComfyUI] [worker:ComfyUI-SAM3DBody] [comfy-env] DESERIALIZED tensor shape: torch.Size([36874, 3])
  [capture-periodic] freeze=5ms shot=145ms unfreeze=4ms saved=True
  [ComfyUI] [worker:ComfyUI-SAM3DBody] [comfy-env] _from_shm got dict with keys: ['__type__', 'strategy', 'manager_path', 'storage_key', 'storage_size']
  [ComfyUI] [worker:ComfyUI-SAM3DBody] [comfy-env] _from_shm got dict with keys: ['__type__', 'strategy', 'manager_path', 'storage_key', 'storage_size']
  [ComfyUI] [worker:ComfyUI-SAM3DBody] [comfy-env] DESERIALIZE TensorRef: tensor_size=[70, 3]
  [ComfyUI] [worker:ComfyUI-SAM3DBody] [comfy-env] DESERIALIZE TensorRef: tensor_size=[70, 3]
  [ComfyUI] [worker:ComfyUI-SAM3DBody] [comfy-env] DESERIALIZED tensor shape: torch.Size([70, 3])
  [ComfyUI] [worker:ComfyUI-SAM3DBody] [comfy-env] DESERIALIZED tensor shape: torch.Size([70, 3])
  [ComfyUI] [worker:ComfyUI-SAM3DBody] [comfy-env] _from_shm got dict with keys: ['__type__', 'strategy', 'manager_path', 'storage_key', 'storage_size']
  [ComfyUI] [worker:ComfyUI-SAM3DBody] [comfy-env] _from_shm got dict with keys: ['__type__', 'strategy', 'manager_path', 'storage_key', 'storage_size']
  [ComfyUI] [worker:ComfyUI-SAM3DBody] [comfy-env] DESERIALIZE TensorRef: tensor_size=[127, 3]
  [ComfyUI] [worker:ComfyUI-SAM3DBody] [comfy-env] DESERIALIZE TensorRef: tensor_size=[127, 3]
  [ComfyUI] [worker:ComfyUI-SAM3DBody] [comfy-env] DESERIALIZED tensor shape: torch.Size([127, 3])
  [ComfyUI] [worker:ComfyUI-SAM3DBody] [comfy-env] DESERIALIZED tensor shape: torch.Size([127, 3])
  [ComfyUI] [worker:ComfyUI-SAM3DBody] [comfy-env] _from_shm got dict with keys: ['__type__', 'strategy', 'manager_path', 'storage_key', 'storage_size']
  [ComfyUI] [worker:ComfyUI-SAM3DBody] [comfy-env] _from_shm got dict with keys: ['__type__', 'strategy', 'manager_path', 'storage_key', 'storage_size']
  [ComfyUI] [worker:ComfyUI-SAM3DBody] [comfy-env] DESERIALIZE TensorRef: tensor_size=[127, 3, 3]
  [ComfyUI] [worker:ComfyUI-SAM3DBody] [comfy-env] DESERIALIZE TensorRef: tensor_size=[127, 3, 3]
  [ComfyUI] [worker:ComfyUI-SAM3DBody] [comfy-env] DESERIALIZED tensor shape: torch.Size([127, 3, 3])
  [ComfyUI] [worker:ComfyUI-SAM3DBody] [comfy-env] DESERIALIZED tensor shape: torch.Size([127, 3, 3])
  [ComfyUI] [worker:ComfyUI-SAM3DBody] [comfy-env] _from_shm got dict with keys: ['__type__', 'strategy', 'manager_path', 'storage_key', 'storage_size']
  [ComfyUI] [worker:ComfyUI-SAM3DBody] [comfy-env] _from_shm got dict with keys: ['__type__', 'strategy', 'manager_path', 'storage_key', 'storage_size']
  [ComfyUI] [worker:ComfyUI-SAM3DBody] [comfy-env] DESERIALIZE TensorRef: tensor_size=[3]
  [ComfyUI] [worker:ComfyUI-SAM3DBody] [comfy-env] DESERIALIZE TensorRef: tensor_size=[3]
  [ComfyUI] [worker:ComfyUI-SAM3DBody] [comfy-env] DESERIALIZED tensor shape: torch.Size([3])
  [ComfyUI] [worker:ComfyUI-SAM3DBody] [comfy-env] DESERIALIZED tensor shape: torch.Size([3])
  [ComfyUI] [worker:ComfyUI-SAM3DBody] [comfy-env] _from_shm got dict with keys: ['__type__', 'strategy', 'manager_path', 'storage_key', 'storage_size']
  [ComfyUI] [worker:ComfyUI-SAM3DBody] [comfy-env] _from_shm got dict with keys: ['__type__', 'strategy', 'manager_path', 'storage_key', 'storage_size']
  [ComfyUI] [worker:ComfyUI-SAM3DBody] [comfy-env] DESERIALIZE TensorRef: tensor_size=[4]
  [ComfyUI] [worker:ComfyUI-SAM3DBody] [comfy-env] DESERIALIZE TensorRef: tensor_size=[4]
  [ComfyUI] [worker:ComfyUI-SAM3DBody] [comfy-env] DESERIALIZED tensor shape: torch.Size([4])
  [ComfyUI] [worker:ComfyUI-SAM3DBody] [comfy-env] DESERIALIZED tensor shape: torch.Size([4])
  [ComfyUI] [worker:ComfyUI-SAM3DBody] [comfy-env] _from_shm got dict with keys: ['__type__', 'strategy', 'manager_path', 'storage_key', 'storage_size']
  [ComfyUI] [worker:ComfyUI-SAM3DBody] [comfy-env] _from_shm got dict with keys: ['__type__', 'strategy', 'manager_path', 'storage_key', 'storage_size']
  [ComfyUI] [worker:ComfyUI-SAM3DBody] [comfy-env] DESERIALIZE TensorRef: tensor_size=[133]
  [ComfyUI] [worker:ComfyUI-SAM3DBody] [comfy-env] DESERIALIZE TensorRef: tensor_size=[133]
  [ComfyUI] [worker:ComfyUI-SAM3DBody] [comfy-env] DESERIALIZED tensor shape: torch.Size([133])
  [ComfyUI] [worker:ComfyUI-SAM3DBody] [comfy-env] DESERIALIZED tensor shape: torch.Size([133])
  Node executed (1 total), capturing...
  [ComfyUI] [worker:ComfyUI-SAM3DBody] [comfy-env] _from_shm got dict with keys: ['__type__', 'strategy', 'manager_path', 'storage_key', 'storage_size']
  [ComfyUI] [worker:ComfyUI-SAM3DBody] [comfy-env] _from_shm got dict with keys: ['__type__', 'strategy', 'manager_path', 'storage_key', 'storage_size']
  [ComfyUI] [worker:ComfyUI-SAM3DBody] [comfy-env] DESERIALIZE TensorRef: tensor_size=[108]
  [ComfyUI] [worker:ComfyUI-SAM3DBody] [comfy-env] DESERIALIZE TensorRef: tensor_size=[108]
  [ComfyUI] [worker:ComfyUI-SAM3DBody] [comfy-env] DESERIALIZED tensor shape: torch.Size([108])
  [ComfyUI] [worker:ComfyUI-SAM3DBody] [comfy-env] DESERIALIZED tensor shape: torch.Size([108])
  [ComfyUI] [worker:ComfyUI-SAM3DBody] [comfy-env] _from_shm got dict with keys: ['__type__', 'strategy', 'manager_path', 'storage_key', 'storage_size']
  [ComfyUI] [worker:ComfyUI-SAM3DBody] [comfy-env] _from_shm got dict with keys: ['__type__', 'strategy', 'manager_path', 'storage_key', 'storage_size']
  [ComfyUI] [worker:ComfyUI-SAM3DBody] [comfy-env] DESERIALIZE TensorRef: tensor_size=[3]
  [ComfyUI] [worker:ComfyUI-SAM3DBody] [comfy-env] DESERIALIZE TensorRef: tensor_size=[3]
  [ComfyUI] [worker:ComfyUI-SAM3DBody] [comfy-env] DESERIALIZED tensor shape: torch.Size([3])
  [ComfyUI] [worker:ComfyUI-SAM3DBody] [comfy-env] DESERIALIZED tensor shape: torch.Size([3])
  [ComfyUI] [worker:ComfyUI-SAM3DBody] [comfy-env] _from_shm got dict with keys: ['__type__', 'strategy', 'manager_path', 'storage_key', 'storage_size']
  [ComfyUI] [worker:ComfyUI-SAM3DBody] [comfy-env] _from_shm got dict with keys: ['__type__', 'strategy', 'manager_path', 'storage_key', 'storage_size']
  [ComfyUI] [worker:ComfyUI-SAM3DBody] [comfy-env] DESERIALIZE TensorRef: tensor_size=[45]
  [ComfyUI] [worker:ComfyUI-SAM3DBody] [comfy-env] DESERIALIZE TensorRef: tensor_size=[45]
  [ComfyUI] [worker:ComfyUI-SAM3DBody] [comfy-env] DESERIALIZED tensor shape: torch.Size([45])
  [ComfyUI] [worker:ComfyUI-SAM3DBody] [comfy-env] DESERIALIZED tensor shape: torch.Size([45])
  [ComfyUI] [worker:ComfyUI-SAM3DBody] [comfy-env] _from_shm got dict with keys: ['__type__', 'strategy', 'manager_path', 'storage_key', 'storage_size']
  [ComfyUI] [worker:ComfyUI-SAM3DBody] [comfy-env] _from_shm got dict with keys: ['__type__', 'strategy', 'manager_path', 'storage_key', 'storage_size']
  [ComfyUI] [worker:ComfyUI-SAM3DBody] [comfy-env] DESERIALIZE TensorRef: tensor_size=[28]
  [ComfyUI] [worker:ComfyUI-SAM3DBody] [comfy-env] DESERIALIZE TensorRef: tensor_size=[28]
  [ComfyUI] [worker:ComfyUI-SAM3DBody] [comfy-env] DESERIALIZED tensor shape: torch.Size([28])
  [ComfyUI] [worker:ComfyUI-SAM3DBody] [comfy-env] DESERIALIZED tensor shape: torch.Size([28])
  [ComfyUI] [worker:ComfyUI-SAM3DBody] [comfy-env] _from_shm got dict with keys: ['__type__', 'strategy', 'manager_path', 'storage_key', 'storage_size']
  [ComfyUI] [worker:ComfyUI-SAM3DBody] [comfy-env] _from_shm got dict with keys: ['__type__', 'strategy', 'manager_path', 'storage_key', 'storage_size']
  [ComfyUI] [worker:ComfyUI-SAM3DBody] [comfy-env] DESERIALIZE TensorRef: tensor_size=[72]
  [ComfyUI] [worker:ComfyUI-SAM3DBody] [comfy-env] DESERIALIZE TensorRef: tensor_size=[72]
  [ComfyUI] [worker:ComfyUI-SAM3DBody] [comfy-env] DESERIALIZED tensor shape: torch.Size([72])
  [ComfyUI] [worker:ComfyUI-SAM3DBody] [comfy-env] DESERIALIZED tensor shape: torch.Size([72])
  [ComfyUI] [worker:ComfyUI-SAM3DBody] [comfy-env] _from_shm got dict with keys: ['__type__', 'strategy', 'manager_path', 'storage_key', 'storage_size']
  [ComfyUI] [worker:ComfyUI-SAM3DBody] [comfy-env] _from_shm got dict with keys: ['__type__', 'strategy', 'manager_path', 'storage_key', 'storage_size']
  [ComfyUI] [worker:ComfyUI-SAM3DBody] [comfy-env] DESERIALIZE TensorRef: tensor_size=[4]
  [ComfyUI] [worker:ComfyUI-SAM3DBody] [comfy-env] DESERIALIZE TensorRef: tensor_size=[4]
  [ComfyUI] [worker:ComfyUI-SAM3DBody] [comfy-env] DESERIALIZED tensor shape: torch.Size([4])
  [ComfyUI] [worker:ComfyUI-SAM3DBody] [comfy-env] DESERIALIZED tensor shape: torch.Size([4])
  [ComfyUI] [worker:ComfyUI-SAM3DBody] [comfy-env] _from_shm got dict with keys: ['__type__', 'strategy', 'manager_path', 'storage_key', 'storage_size']
  [ComfyUI] [worker:ComfyUI-SAM3DBody] [comfy-env] _from_shm got dict with keys: ['__type__', 'strategy', 'manager_path', 'storage_key', 'storage_size']
  [ComfyUI] [worker:ComfyUI-SAM3DBody] [comfy-env] DESERIALIZE TensorRef: tensor_size=[70, 3]
  [ComfyUI] [worker:ComfyUI-SAM3DBody] [comfy-env] DESERIALIZE TensorRef: tensor_size=[70, 3]
  [ComfyUI] [worker:ComfyUI-SAM3DBody] [comfy-env] DESERIALIZED tensor shape: torch.Size([70, 3])
  [ComfyUI] [worker:ComfyUI-SAM3DBody] [comfy-env] DESERIALIZED tensor shape: torch.Size([70, 3])
  [ComfyUI] [worker:ComfyUI-SAM3DBody] [comfy-env] _from_shm got dict with keys: ['__type__', 'strategy', 'manager_path', 'storage_key', 'storage_size']
  [ComfyUI] [worker:ComfyUI-SAM3DBody] [comfy-env] _from_shm got dict with keys: ['__type__', 'strategy', 'manager_path', 'storage_key', 'storage_size']
  [ComfyUI] [worker:ComfyUI-SAM3DBody] [comfy-env] DESERIALIZE TensorRef: tensor_size=[70, 2]
  [ComfyUI] [worker:ComfyUI-SAM3DBody] [comfy-env] DESERIALIZE TensorRef: tensor_size=[70, 2]
  [ComfyUI] [worker:ComfyUI-SAM3DBody] [comfy-env] DESERIALIZED tensor shape: torch.Size([70, 2])
  [ComfyUI] [worker:ComfyUI-SAM3DBody] [comfy-env] DESERIALIZED tensor shape: torch.Size([70, 2])
  [ComfyUI] [worker:ComfyUI-SAM3DBody] [comfy-env] _from_shm got dict with keys: ['__type__', 'strategy', 'manager_path', 'storage_key', 'storage_size']
  [ComfyUI] [worker:ComfyUI-SAM3DBody] [comfy-env] _from_shm got dict with keys: ['__type__', 'strategy', 'manager_path', 'storage_key', 'storage_size']
  [ComfyUI] [worker:ComfyUI-SAM3DBody] [comfy-env] DESERIALIZE TensorRef: tensor_size=[18439, 3]
  [ComfyUI] [worker:ComfyUI-SAM3DBody] [comfy-env] DESERIALIZE TensorRef: tensor_size=[18439, 3]
  [ComfyUI] [worker:ComfyUI-SAM3DBody] [comfy-env] DESERIALIZED tensor shape: torch.Size([18439, 3])
  [ComfyUI] [worker:ComfyUI-SAM3DBody] [comfy-env] DESERIALIZED tensor shape: torch.Size([18439, 3])
  [ComfyUI] [worker:ComfyUI-SAM3DBody] [comfy-env] _from_shm got dict with keys: ['__type__', 'strategy', 'manager_path', 'storage_key', 'storage_size']
  [ComfyUI] [worker:ComfyUI-SAM3DBody] [comfy-env] _from_shm got dict with keys: ['__type__', 'strategy', 'manager_path', 'storage_key', 'storage_size']
  [ComfyUI] [worker:ComfyUI-SAM3DBody] [comfy-env] DESERIALIZE TensorRef: tensor_size=[3]
  [ComfyUI] [worker:ComfyUI-SAM3DBody] [comfy-env] DESERIALIZE TensorRef: tensor_size=[3]
  [ComfyUI] [worker:ComfyUI-SAM3DBody] [comfy-env] DESERIALIZED tensor shape: torch.Size([3])
  [ComfyUI] [worker:ComfyUI-SAM3DBody] [comfy-env] DESERIALIZED tensor shape: torch.Size([3])
  [ComfyUI] [worker:ComfyUI-SAM3DBody] [comfy-env] _from_shm got dict with keys: ['__type__', 'strategy', 'manager_path', 'storage_key', 'storage_size']
  [ComfyUI] [worker:ComfyUI-SAM3DBody] [comfy-env] _from_shm got dict with keys: ['__type__', 'strategy', 'manager_path', 'storage_key', 'storage_size']
  [ComfyUI] [worker:ComfyUI-SAM3DBody] [comfy-env] DESERIALIZE TensorRef: tensor_size=[266]
  [ComfyUI] [worker:ComfyUI-SAM3DBody] [comfy-env] DESERIALIZE TensorRef: tensor_size=[266]
  [ComfyUI] [worker:ComfyUI-SAM3DBody] [comfy-env] DESERIALIZED tensor shape: torch.Size([266])
  [ComfyUI] [worker:ComfyUI-SAM3DBody] [comfy-env] DESERIALIZED tensor shape: torch.Size([266])
  [ComfyUI] [worker:ComfyUI-SAM3DBody] [comfy-env] _from_shm got dict with keys: ['__type__', 'strategy', 'manager_path', 'storage_key', 'storage_size']
  [ComfyUI] [worker:ComfyUI-SAM3DBody] [comfy-env] _from_shm got dict with keys: ['__type__', 'strategy', 'manager_path', 'storage_key', 'storage_size']
  [ComfyUI] [worker:ComfyUI-SAM3DBody] [comfy-env] DESERIALIZE TensorRef: tensor_size=[3]
  [ComfyUI] [worker:ComfyUI-SAM3DBody] [comfy-env] DESERIALIZE TensorRef: tensor_size=[3]
  [ComfyUI] [worker:ComfyUI-SAM3DBody] [comfy-env] DESERIALIZED tensor shape: torch.Size([3])
  [ComfyUI] [worker:ComfyUI-SAM3DBody] [comfy-env] DESERIALIZED tensor shape: torch.Size([3])
  [ComfyUI] [worker:ComfyUI-SAM3DBody] [comfy-env] _from_shm got dict with keys: ['__type__', 'strategy', 'manager_path', 'storage_key', 'storage_size']
  [ComfyUI] [worker:ComfyUI-SAM3DBody] [comfy-env] _from_shm got dict with keys: ['__type__', 'strategy', 'manager_path', 'storage_key', 'storage_size']
  [ComfyUI] [worker:ComfyUI-SAM3DBody] [comfy-env] DESERIALIZE TensorRef: tensor_size=[133]
  [ComfyUI] [worker:ComfyUI-SAM3DBody] [comfy-env] DESERIALIZE TensorRef: tensor_size=[133]
  [ComfyUI] [worker:ComfyUI-SAM3DBody] [comfy-env] DESERIALIZED tensor shape: torch.Size([133])
  [ComfyUI] [worker:ComfyUI-SAM3DBody] [comfy-env] DESERIALIZED tensor shape: torch.Size([133])
  [ComfyUI] [worker:ComfyUI-SAM3DBody] [comfy-env] _from_shm got dict with keys: ['__type__', 'strategy', 'manager_path', 'storage_key', 'storage_size']
  [ComfyUI] [worker:ComfyUI-SAM3DBody] [comfy-env] _from_shm got dict with keys: ['__type__', 'strategy', 'manager_path', 'storage_key', 'storage_size']
  [ComfyUI] [worker:ComfyUI-SAM3DBody] [comfy-env] DESERIALIZE TensorRef: tensor_size=[108]
  [ComfyUI] [worker:ComfyUI-SAM3DBody] [comfy-env] DESERIALIZE TensorRef: tensor_size=[108]
  [ComfyUI] [worker:ComfyUI-SAM3DBody] [comfy-env] DESERIALIZED tensor shape: torch.Size([108])
  [ComfyUI] [worker:ComfyUI-SAM3DBody] [comfy-env] DESERIALIZED tensor shape: torch.Size([108])
  [ComfyUI] [worker:ComfyUI-SAM3DBody] [comfy-env] _from_shm got dict with keys: ['__type__', 'strategy', 'manager_path', 'storage_key', 'storage_size']
  [ComfyUI] [worker:ComfyUI-SAM3DBody] [comfy-env] _from_shm got dict with keys: ['__type__', 'strategy', 'manager_path', 'storage_key', 'storage_size']
  [ComfyUI] [worker:ComfyUI-SAM3DBody] [comfy-env] DESERIALIZE TensorRef: tensor_size=[28]
  [ComfyUI] [worker:ComfyUI-SAM3DBody] [comfy-env] DESERIALIZE TensorRef: tensor_size=[28]
  [ComfyUI] [worker:ComfyUI-SAM3DBody] [comfy-env] DESERIALIZED tensor shape: torch.Size([28])
  [ComfyUI] [worker:ComfyUI-SAM3DBody] [comfy-env] DESERIALIZED tensor shape: torch.Size([28])
  [ComfyUI] [worker:ComfyUI-SAM3DBody] [comfy-env] _from_shm got dict with keys: ['__type__', 'strategy', 'manager_path', 'storage_key', 'storage_size']
  [ComfyUI] [worker:ComfyUI-SAM3DBody] [comfy-env] _from_shm got dict with keys: ['__type__', 'strategy', 'manager_path', 'storage_key', 'storage_size']
  [ComfyUI] [worker:ComfyUI-SAM3DBody] [comfy-env] DESERIALIZE TensorRef: tensor_size=[45]
  [ComfyUI] [worker:ComfyUI-SAM3DBody] [comfy-env] DESERIALIZE TensorRef: tensor_size=[45]
  [ComfyUI] [worker:ComfyUI-SAM3DBody] [comfy-env] DESERIALIZED tensor shape: torch.Size([45])
  [ComfyUI] [worker:ComfyUI-SAM3DBody] [comfy-env] DESERIALIZED tensor shape: torch.Size([45])
  [ComfyUI] [worker:ComfyUI-SAM3DBody] [comfy-env] _from_shm got dict with keys: ['__type__', 'strategy', 'manager_path', 'storage_key', 'storage_size']
  [ComfyUI] [worker:ComfyUI-SAM3DBody] [comfy-env] _from_shm got dict with keys: ['__type__', 'strategy', 'manager_path', 'storage_key', 'storage_size']
  [ComfyUI] [worker:ComfyUI-SAM3DBody] [comfy-env] DESERIALIZE TensorRef: tensor_size=[72]
  [ComfyUI] [worker:ComfyUI-SAM3DBody] [comfy-env] DESERIALIZE TensorRef: tensor_size=[72]
  [ComfyUI] [worker:ComfyUI-SAM3DBody] [comfy-env] DESERIALIZED tensor shape: torch.Size([72])
  [ComfyUI] [worker:ComfyUI-SAM3DBody] [comfy-env] DESERIALIZED tensor shape: torch.Size([72])
  [ComfyUI] [worker:ComfyUI-SAM3DBody] [comfy-env] _from_shm got dict with keys: ['__type__', 'strategy', 'manager_path', 'storage_key', 'storage_size']
  [ComfyUI] [worker:ComfyUI-SAM3DBody] [comfy-env] _from_shm got dict with keys: ['__type__', 'strategy', 'manager_path', 'storage_key', 'storage_size']
  [ComfyUI] [worker:ComfyUI-SAM3DBody] [comfy-env] DESERIALIZE TensorRef: tensor_size=[1500, 2250, 1]
  [ComfyUI] [worker:ComfyUI-SAM3DBody] [comfy-env] DESERIALIZE TensorRef: tensor_size=[1500, 2250, 1]
  [ComfyUI] [worker:ComfyUI-SAM3DBody] [comfy-env] DESERIALIZED tensor shape: torch.Size([1500, 2250, 1])
  [ComfyUI] [worker:ComfyUI-SAM3DBody] [comfy-env] DESERIALIZED tensor shape: torch.Size([1500, 2250, 1])
  [ComfyUI] [worker:ComfyUI-SAM3DBody] [comfy-env] _from_shm got dict with keys: ['__type__', 'strategy', 'manager_path', 'storage_key', 'storage_size']
  [ComfyUI] [worker:ComfyUI-SAM3DBody] [comfy-env] _from_shm got dict with keys: ['__type__', 'strategy', 'manager_path', 'storage_key', 'storage_size']
  [ComfyUI] [worker:ComfyUI-SAM3DBody] [comfy-env] DESERIALIZE TensorRef: tensor_size=[127, 3]
  [ComfyUI] [worker:ComfyUI-SAM3DBody] [comfy-env] DESERIALIZE TensorRef: tensor_size=[127, 3]
  [ComfyUI] [worker:ComfyUI-SAM3DBody] [comfy-env] DESERIALIZED tensor shape: torch.Size([127, 3])
  [ComfyUI] [worker:ComfyUI-SAM3DBody] [comfy-env] DESERIALIZED tensor shape: torch.Size([127, 3])
  [ComfyUI] [worker:ComfyUI-SAM3DBody] [comfy-env] _from_shm got dict with keys: ['__type__', 'strategy', 'manager_path', 'storage_key', 'storage_size']
  [ComfyUI] [worker:ComfyUI-SAM3DBody] [comfy-env] _from_shm got dict with keys: ['__type__', 'strategy', 'manager_path', 'storage_key', 'storage_size']
  [ComfyUI] [worker:ComfyUI-SAM3DBody] [comfy-env] DESERIALIZE TensorRef: tensor_size=[127, 3, 3]
  [ComfyUI] [worker:ComfyUI-SAM3DBody] [comfy-env] DESERIALIZE TensorRef: tensor_size=[127, 3, 3]
  Frame 5 saved (frame_004.jpg, t=13.9s)
  [capture-node] freeze=4ms shot=139ms unfreeze=5ms saved=True
  [ComfyUI] [worker:ComfyUI-SAM3DBody] [comfy-env] DESERIALIZED tensor shape: torch.Size([127, 3, 3])
  [ComfyUI] [worker:ComfyUI-SAM3DBody] [comfy-env] DESERIALIZED tensor shape: torch.Size([127, 3, 3])
  [ComfyUI] [worker:ComfyUI-SAM3DBody] [comfy-env] _from_shm got dict with keys: ['__type__', 'strategy', 'manager_path', 'storage_key', 'storage_size']
  [ComfyUI] [worker:ComfyUI-SAM3DBody] [comfy-env] _from_shm got dict with keys: ['__type__', 'strategy', 'manager_path', 'storage_key', 'storage_size']
  [ComfyUI] [worker:ComfyUI-SAM3DBody] [comfy-env] DESERIALIZE TensorRef: tensor_size=[4]
  [ComfyUI] [worker:ComfyUI-SAM3DBody] [comfy-env] DESERIALIZE TensorRef: tensor_size=[4]
  [ComfyUI] [worker:ComfyUI-SAM3DBody] [comfy-env] DESERIALIZED tensor shape: torch.Size([4])
  [ComfyUI] [worker:ComfyUI-SAM3DBody] [comfy-env] DESERIALIZED tensor shape: torch.Size([4])
  [ComfyUI] [worker:ComfyUI-SAM3DBody] [comfy-env] _from_shm got dict with keys: ['__type__', 'strategy', 'manager_path', 'storage_key', 'storage_size']
  [ComfyUI] [worker:ComfyUI-SAM3DBody] [comfy-env] _from_shm got dict with keys: ['__type__', 'strategy', 'manager_path', 'storage_key', 'storage_size']
  [ComfyUI] [worker:ComfyUI-SAM3DBody] [comfy-env] DESERIALIZE TensorRef: tensor_size=[4]
  [ComfyUI] [worker:ComfyUI-SAM3DBody] [comfy-env] DESERIALIZE TensorRef: tensor_size=[4]
  [ComfyUI] [worker:ComfyUI-SAM3DBody] [comfy-env] DESERIALIZED tensor shape: torch.Size([4])
  [ComfyUI] [worker:ComfyUI-SAM3DBody] [comfy-env] DESERIALIZED tensor shape: torch.Size([4])
  [ComfyUI] [worker:ComfyUI-SAM3DBody] [comfy-env] _from_shm got dict with keys: ['__type__', 'strategy', 'manager_path', 'storage_key', 'storage_size']
  [ComfyUI] [worker:ComfyUI-SAM3DBody] [comfy-env] _from_shm got dict with keys: ['__type__', 'strategy', 'manager_path', 'storage_key', 'storage_size']
  [ComfyUI] [worker:ComfyUI-SAM3DBody] [comfy-env] DESERIALIZE TensorRef: tensor_size=[4]
  [ComfyUI] [worker:ComfyUI-SAM3DBody] [comfy-env] DESERIALIZE TensorRef: tensor_size=[4]
  [ComfyUI] [worker:ComfyUI-SAM3DBody] [comfy-env] DESERIALIZED tensor shape: torch.Size([4])
  [ComfyUI] [worker:ComfyUI-SAM3DBody] [comfy-env] DESERIALIZED tensor shape: torch.Size([4])
  [ComfyUI] [worker:ComfyUI-SAM3DBody] [comfy-env] _from_shm got dict with keys: ['__type__', 'strategy', 'manager_path', 'storage_key', 'storage_size']
  [ComfyUI] [worker:ComfyUI-SAM3DBody] [comfy-env] _from_shm got dict with keys: ['__type__', 'strategy', 'manager_path', 'storage_key', 'storage_size']
  [ComfyUI] [worker:ComfyUI-SAM3DBody] [comfy-env] DESERIALIZE TensorRef: tensor_size=[70, 3]
  [ComfyUI] [worker:ComfyUI-SAM3DBody] [comfy-env] DESERIALIZE TensorRef: tensor_size=[70, 3]
  [ComfyUI] [worker:ComfyUI-SAM3DBody] [comfy-env] DESERIALIZED tensor shape: torch.Size([70, 3])
  [ComfyUI] [worker:ComfyUI-SAM3DBody] [comfy-env] DESERIALIZED tensor shape: torch.Size([70, 3])
  [ComfyUI] [worker:ComfyUI-SAM3DBody] [comfy-env] _from_shm got dict with keys: ['__type__', 'strategy', 'manager_path', 'storage_key', 'storage_size']
  [ComfyUI] [worker:ComfyUI-SAM3DBody] [comfy-env] _from_shm got dict with keys: ['__type__', 'strategy', 'manager_path', 'storage_key', 'storage_size']
  [ComfyUI] [worker:ComfyUI-SAM3DBody] [comfy-env] DESERIALIZE TensorRef: tensor_size=[70, 2]
  [ComfyUI] [worker:ComfyUI-SAM3DBody] [comfy-env] DESERIALIZE TensorRef: tensor_size=[70, 2]
  [ComfyUI] [worker:ComfyUI-SAM3DBody] [comfy-env] DESERIALIZED tensor shape: torch.Size([70, 2])
  [ComfyUI] [worker:ComfyUI-SAM3DBody] [comfy-env] DESERIALIZED tensor shape: torch.Size([70, 2])
  [ComfyUI] [worker:ComfyUI-SAM3DBody] [comfy-env] _from_shm got dict with keys: ['__type__', 'strategy', 'manager_path', 'storage_key', 'storage_size']
  [ComfyUI] [worker:ComfyUI-SAM3DBody] [comfy-env] _from_shm got dict with keys: ['__type__', 'strategy', 'manager_path', 'storage_key', 'storage_size']
  [ComfyUI] [worker:ComfyUI-SAM3DBody] [comfy-env] DESERIALIZE TensorRef: tensor_size=[18439, 3]
  [ComfyUI] [worker:ComfyUI-SAM3DBody] [comfy-env] DESERIALIZE TensorRef: tensor_size=[18439, 3]
  [ComfyUI] [worker:ComfyUI-SAM3DBody] [comfy-env] DESERIALIZED tensor shape: torch.Size([18439, 3])
  [ComfyUI] [worker:ComfyUI-SAM3DBody] [comfy-env] DESERIALIZED tensor shape: torch.Size([18439, 3])
  [ComfyUI] [worker:ComfyUI-SAM3DBody] [comfy-env] _from_shm got dict with keys: ['__type__', 'strategy', 'manager_path', 'storage_key', 'storage_size']
  [ComfyUI] [worker:ComfyUI-SAM3DBody] [comfy-env] _from_shm got dict with keys: ['__type__', 'strategy', 'manager_path', 'storage_key', 'storage_size']
  [ComfyUI] [worker:ComfyUI-SAM3DBody] [comfy-env] DESERIALIZE TensorRef: tensor_size=[3]
  [ComfyUI] [worker:ComfyUI-SAM3DBody] [comfy-env] DESERIALIZE TensorRef: tensor_size=[3]
  [ComfyUI] [worker:ComfyUI-SAM3DBody] [comfy-env] DESERIALIZED tensor shape: torch.Size([3])
  [ComfyUI] [worker:ComfyUI-SAM3DBody] [comfy-env] DESERIALIZED tensor shape: torch.Size([3])
  [ComfyUI] [worker:ComfyUI-SAM3DBody] [comfy-env] _from_shm got dict with keys: ['__type__', 'strategy', 'manager_path', 'storage_key', 'storage_size']
  [ComfyUI] [worker:ComfyUI-SAM3DBody] [comfy-env] _from_shm got dict with keys: ['__type__', 'strategy', 'manager_path', 'storage_key', 'storage_size']
  [ComfyUI] [worker:ComfyUI-SAM3DBody] [comfy-env] DESERIALIZE TensorRef: tensor_size=[266]
  [ComfyUI] [worker:ComfyUI-SAM3DBody] [comfy-env] DESERIALIZE TensorRef: tensor_size=[266]
  [ComfyUI] [worker:ComfyUI-SAM3DBody] [comfy-env] DESERIALIZED tensor shape: torch.Size([266])
  [ComfyUI] [worker:ComfyUI-SAM3DBody] [comfy-env] DESERIALIZED tensor shape: torch.Size([266])
  [ComfyUI] [worker:ComfyUI-SAM3DBody] [comfy-env] _from_shm got dict with keys: ['__type__', 'strategy', 'manager_path', 'storage_key', 'storage_size']
  [ComfyUI] [worker:ComfyUI-SAM3DBody] [comfy-env] _from_shm got dict with keys: ['__type__', 'strategy', 'manager_path', 'storage_key', 'storage_size']
  [ComfyUI] [worker:ComfyUI-SAM3DBody] [comfy-env] DESERIALIZE TensorRef: tensor_size=[3]
  [ComfyUI] [worker:ComfyUI-SAM3DBody] [comfy-env] DESERIALIZE TensorRef: tensor_size=[3]
  [ComfyUI] [worker:ComfyUI-SAM3DBody] [comfy-env] DESERIALIZED tensor shape: torch.Size([3])
  [ComfyUI] [worker:ComfyUI-SAM3DBody] [comfy-env] DESERIALIZED tensor shape: torch.Size([3])
  [ComfyUI] [worker:ComfyUI-SAM3DBody] [comfy-env] _from_shm got dict with keys: ['__type__', 'strategy', 'manager_path', 'storage_key', 'storage_size']
  [ComfyUI] [worker:ComfyUI-SAM3DBody] [comfy-env] _from_shm got dict with keys: ['__type__', 'strategy', 'manager_path', 'storage_key', 'storage_size']
  [ComfyUI] [worker:ComfyUI-SAM3DBody] [comfy-env] DESERIALIZE TensorRef: tensor_size=[133]
  [ComfyUI] [worker:ComfyUI-SAM3DBody] [comfy-env] DESERIALIZE TensorRef: tensor_size=[133]
  [ComfyUI] [worker:ComfyUI-SAM3DBody] [comfy-env] DESERIALIZED tensor shape: torch.Size([133])
  [ComfyUI] [worker:ComfyUI-SAM3DBody] [comfy-env] DESERIALIZED tensor shape: torch.Size([133])
  [ComfyUI] [worker:ComfyUI-SAM3DBody] [comfy-env] _from_shm got dict with keys: ['__type__', 'strategy', 'manager_path', 'storage_key', 'storage_size']
  [ComfyUI] [worker:ComfyUI-SAM3DBody] [comfy-env] _from_shm got dict with keys: ['__type__', 'strategy', 'manager_path', 'storage_key', 'storage_size']
  [ComfyUI] [worker:ComfyUI-SAM3DBody] [comfy-env] DESERIALIZE TensorRef: tensor_size=[108]
  [ComfyUI] [worker:ComfyUI-SAM3DBody] [comfy-env] DESERIALIZE TensorRef: tensor_size=[108]
  [ComfyUI] [worker:ComfyUI-SAM3DBody] [comfy-env] DESERIALIZED tensor shape: torch.Size([108])
  [ComfyUI] [worker:ComfyUI-SAM3DBody] [comfy-env] DESERIALIZED tensor shape: torch.Size([108])
  [ComfyUI] [worker:ComfyUI-SAM3DBody] [comfy-env] _from_shm got dict with keys: ['__type__', 'strategy', 'manager_path', 'storage_key', 'storage_size']
  [ComfyUI] [worker:ComfyUI-SAM3DBody] [comfy-env] _from_shm got dict with keys: ['__type__', 'strategy', 'manager_path', 'storage_key', 'storage_size']
  [ComfyUI] [worker:ComfyUI-SAM3DBody] [comfy-env] DESERIALIZE TensorRef: tensor_size=[28]
  [ComfyUI] [worker:ComfyUI-SAM3DBody] [comfy-env] DESERIALIZE TensorRef: tensor_size=[28]
  [ComfyUI] [worker:ComfyUI-SAM3DBody] [comfy-env] DESERIALIZED tensor shape: torch.Size([28])
  [ComfyUI] [worker:ComfyUI-SAM3DBody] [comfy-env] DESERIALIZED tensor shape: torch.Size([28])
  [ComfyUI] [worker:ComfyUI-SAM3DBody] [comfy-env] _from_shm got dict with keys: ['__type__', 'strategy', 'manager_path', 'storage_key', 'storage_size']
  [ComfyUI] [worker:ComfyUI-SAM3DBody] [comfy-env] _from_shm got dict with keys: ['__type__', 'strategy', 'manager_path', 'storage_key', 'storage_size']
  [ComfyUI] [worker:ComfyUI-SAM3DBody] [comfy-env] DESERIALIZE TensorRef: tensor_size=[45]
  [ComfyUI] [worker:ComfyUI-SAM3DBody] [comfy-env] DESERIALIZE TensorRef: tensor_size=[45]
  [ComfyUI] [worker:ComfyUI-SAM3DBody] [comfy-env] DESERIALIZED tensor shape: torch.Size([45])
  [ComfyUI] [worker:ComfyUI-SAM3DBody] [comfy-env] DESERIALIZED tensor shape: torch.Size([45])
  [ComfyUI] [worker:ComfyUI-SAM3DBody] [comfy-env] _from_shm got dict with keys: ['__type__', 'strategy', 'manager_path', 'storage_key', 'storage_size']
  [ComfyUI] [worker:ComfyUI-SAM3DBody] [comfy-env] _from_shm got dict with keys: ['__type__', 'strategy', 'manager_path', 'storage_key', 'storage_size']
  [ComfyUI] [worker:ComfyUI-SAM3DBody] [comfy-env] DESERIALIZE TensorRef: tensor_size=[72]
  [ComfyUI] [worker:ComfyUI-SAM3DBody] [comfy-env] DESERIALIZE TensorRef: tensor_size=[72]
  [ComfyUI] [worker:ComfyUI-SAM3DBody] [comfy-env] DESERIALIZED tensor shape: torch.Size([72])
  [ComfyUI] [worker:ComfyUI-SAM3DBody] [comfy-env] DESERIALIZED tensor shape: torch.Size([72])
  [ComfyUI] [worker:ComfyUI-SAM3DBody] [comfy-env] _from_shm got dict with keys: ['__type__', 'strategy', 'manager_path', 'storage_key', 'storage_size']
  [ComfyUI] [worker:ComfyUI-SAM3DBody] [comfy-env] _from_shm got dict with keys: ['__type__', 'strategy', 'manager_path', 'storage_key', 'storage_size']
  [ComfyUI] [worker:ComfyUI-SAM3DBody] [comfy-env] DESERIALIZE TensorRef: tensor_size=[1500, 2250, 1]
  [ComfyUI] [worker:ComfyUI-SAM3DBody] [comfy-env] DESERIALIZE TensorRef: tensor_size=[1500, 2250, 1]
  [ComfyUI] [worker:ComfyUI-SAM3DBody] [comfy-env] DESERIALIZED tensor shape: torch.Size([1500, 2250, 1])
  [ComfyUI] [worker:ComfyUI-SAM3DBody] [comfy-env] DESERIALIZED tensor shape: torch.Size([1500, 2250, 1])
  [ComfyUI] [worker:ComfyUI-SAM3DBody] [comfy-env] _from_shm got dict with keys: ['__type__', 'strategy', 'manager_path', 'storage_key', 'storage_size']
  [ComfyUI] [worker:ComfyUI-SAM3DBody] [comfy-env] _from_shm got dict with keys: ['__type__', 'strategy', 'manager_path', 'storage_key', 'storage_size']
  [ComfyUI] [worker:ComfyUI-SAM3DBody] [comfy-env] DESERIALIZE TensorRef: tensor_size=[127, 3]
  [ComfyUI] [worker:ComfyUI-SAM3DBody] [comfy-env] DESERIALIZE TensorRef: tensor_size=[127, 3]
  [ComfyUI] [worker:ComfyUI-SAM3DBody] [comfy-env] DESERIALIZED tensor shape: torch.Size([127, 3])
  [ComfyUI] [worker:ComfyUI-SAM3DBody] [comfy-env] DESERIALIZED tensor shape: torch.Size([127, 3])
  [ComfyUI] [worker:ComfyUI-SAM3DBody] [comfy-env] _from_shm got dict with keys: ['__type__', 'strategy', 'manager_path', 'storage_key', 'storage_size']
  [ComfyUI] [worker:ComfyUI-SAM3DBody] [comfy-env] _from_shm got dict with keys: ['__type__', 'strategy', 'manager_path', 'storage_key', 'storage_size']
  [ComfyUI] [worker:ComfyUI-SAM3DBody] [comfy-env] DESERIALIZE TensorRef: tensor_size=[127, 3, 3]
  [ComfyUI] [worker:ComfyUI-SAM3DBody] [comfy-env] DESERIALIZE TensorRef: tensor_size=[127, 3, 3]
  [ComfyUI] [worker:ComfyUI-SAM3DBody] [comfy-env] DESERIALIZED tensor shape: torch.Size([127, 3, 3])
  [ComfyUI] [worker:ComfyUI-SAM3DBody] [comfy-env] DESERIALIZED tensor shape: torch.Size([127, 3, 3])
  [ComfyUI] [worker:ComfyUI-SAM3DBody] [comfy-env] _from_shm got dict with keys: ['__type__', 'strategy', 'manager_path', 'storage_key', 'storage_size']
  [ComfyUI] [worker:ComfyUI-SAM3DBody] [comfy-env] _from_shm got dict with keys: ['__type__', 'strategy', 'manager_path', 'storage_key', 'storage_size']
  [ComfyUI] [worker:ComfyUI-SAM3DBody] [comfy-env] DESERIALIZE TensorRef: tensor_size=[4]
  [ComfyUI] [worker:ComfyUI-SAM3DBody] [comfy-env] DESERIALIZE TensorRef: tensor_size=[4]
  [ComfyUI] [worker:ComfyUI-SAM3DBody] [comfy-env] DESERIALIZED tensor shape: torch.Size([4])
  [ComfyUI] [worker:ComfyUI-SAM3DBody] [comfy-env] DESERIALIZED tensor shape: torch.Size([4])
  [ComfyUI] [worker:ComfyUI-SAM3DBody] [comfy-env] _from_shm got dict with keys: ['__type__', 'strategy', 'manager_path', 'storage_key', 'storage_size']
  [ComfyUI] [worker:ComfyUI-SAM3DBody] [comfy-env] _from_shm got dict with keys: ['__type__', 'strategy', 'manager_path', 'storage_key', 'storage_size']
  [ComfyUI] [worker:ComfyUI-SAM3DBody] [comfy-env] DESERIALIZE TensorRef: tensor_size=[4]
  [ComfyUI] [worker:ComfyUI-SAM3DBody] [comfy-env] DESERIALIZE TensorRef: tensor_size=[4]
  [ComfyUI] [worker:ComfyUI-SAM3DBody] [comfy-env] DESERIALIZED tensor shape: torch.Size([4])
  [ComfyUI] [worker:ComfyUI-SAM3DBody] [comfy-env] DESERIALIZED tensor shape: torch.Size([4])
  [ComfyUI] [SubprocessWorker] callback 'report_progress' from call_id=14
  [ComfyUI] [SubprocessWorker] callback 'report_progress' from call_id=14
  [ComfyUI] [SubprocessWorker] callback 'report_progress' from call_id=14
  [ComfyUI] [SubprocessWorker] callback 'report_progress' from call_id=14
  [ComfyUI] [SubprocessWorker] callback 'report_progress' from call_id=14
  [ComfyUI] [SubprocessWorker] callback 'report_progress' from call_id=14
  [ComfyUI] [SubprocessWorker] callback 'report_progress' from call_id=14
  [ComfyUI] [SubprocessWorker] callback 'report_progress' from call_id=14
  [ComfyUI] [SubprocessWorker] callback 'report_progress' from call_id=14
  [ComfyUI] [SubprocessWorker] callback 'report_progress' from call_id=14
  [ComfyUI] [SubprocessWorker] callback 'report_progress' from call_id=14
  [ComfyUI] [SubprocessWorker] callback 'report_progress' from call_id=14
  [ComfyUI] [SubprocessWorker] callback 'report_progress' from call_id=14
  [ComfyUI] [SubprocessWorker] callback 'report_progress' from call_id=14
  [ComfyUI] [SubprocessWorker] callback 'report_progress' from call_id=14
  [ComfyUI] [SubprocessWorker] callback 'report_progress' from call_id=14
  [ComfyUI] [SubprocessWorker] callback 'report_progress' from call_id=14
  [ComfyUI] [SubprocessWorker] callback 'report_progress' from call_id=14
  [ComfyUI] [SubprocessWorker] callback 'report_progress' from call_id=14
  [ComfyUI] [SubprocessWorker] callback 'report_progress' from call_id=14
  [ComfyUI] [SubprocessWorker] callback 'report_progress' from call_id=14
  [ComfyUI] [SubprocessWorker] callback 'report_progress' from call_id=14
  [ComfyUI] [SubprocessWorker] callback 'report_progress' from call_id=14
  [ComfyUI] [SubprocessWorker] callback 'report_progress' from call_id=14
  [ComfyUI] [SubprocessWorker] callback 'report_progress' from call_id=14
  [ComfyUI] [SubprocessWorker] callback 'report_progress' from call_id=14
  [ComfyUI] [SubprocessWorker] callback 'report_progress' from call_id=14
  [ComfyUI] [SubprocessWorker] callback 'report_progress' from call_id=14
  [ComfyUI] [SubprocessWorker] callback 'report_progress' from call_id=14
  [ComfyUI] [SubprocessWorker] callback 'report_progress' from call_id=14
  [ComfyUI] [SubprocessWorker] callback 'report_progress' from call_id=14
  [ComfyUI] [SubprocessWorker] callback 'report_progress' from call_id=14
  [ComfyUI] [SubprocessWorker] callback 'report_progress' from call_id=14
  [ComfyUI] [SubprocessWorker] callback 'report_progress' from call_id=14
  [ComfyUI] [SubprocessWorker] callback 'report_progress' from call_id=14
  [ComfyUI] [SubprocessWorker] callback 'report_progress' from call_id=14
  [ComfyUI] [SubprocessWorker] callback 'report_progress' from call_id=14
  [ComfyUI] [SubprocessWorker] callback 'report_progress' from call_id=14
  Frame 6 saved (frame_005.jpg, t=16.1s)
  [capture-periodic] freeze=4ms shot=126ms unfreeze=8ms saved=True
  [ComfyUI] [SubprocessWorker] callback 'report_progress' from call_id=14
  [ComfyUI] [SubprocessWorker] callback 'report_progress' from call_id=14
  [ComfyUI] [SubprocessWorker] callback 'report_progress' from call_id=14
  [ComfyUI] [SubprocessWorker] callback 'report_progress' from call_id=14
  [ComfyUI] [SubprocessWorker] callback 'report_progress' from call_id=14
  [ComfyUI] [SubprocessWorker] callback 'report_progress' from call_id=14
  [ComfyUI] [SubprocessWorker] callback 'report_progress' from call_id=14
  [ComfyUI] [SubprocessWorker] callback 'report_progress' from call_id=14
  [ComfyUI] [SubprocessWorker] callback 'report_progress' from call_id=14
  [ComfyUI] [SubprocessWorker] callback 'report_progress' from call_id=14
  [ComfyUI] [SubprocessWorker] callback 'report_progress' from call_id=14
  [ComfyUI] [SubprocessWorker] callback 'report_progress' from call_id=14
  [ComfyUI] [SubprocessWorker] callback 'report_progress' from call_id=14
  [ComfyUI] [SubprocessWorker] callback 'report_progress' from call_id=14
  [ComfyUI] [SubprocessWorker] callback 'report_progress' from call_id=14
  [ComfyUI] [SubprocessWorker] callback 'report_progress' from call_id=14
  [ComfyUI] [SubprocessWorker] callback 'report_progress' from call_id=14
  [ComfyUI] [SubprocessWorker] callback 'report_progress' from call_id=14
  [ComfyUI] [SubprocessWorker] callback 'report_progress' from call_id=14
  [ComfyUI] [SubprocessWorker] callback 'report_progress' from call_id=14
  [ComfyUI] [SubprocessWorker] callback 'report_progress' from call_id=14
  [ComfyUI] [SubprocessWorker] callback 'report_progress' from call_id=14
  [ComfyUI] [SubprocessWorker] callback 'report_progress' from call_id=14
  [ComfyUI] [SubprocessWorker] callback 'report_progress' from call_id=14
  [ComfyUI] [SubprocessWorker] callback 'report_progress' from call_id=14
  [ComfyUI] [SubprocessWorker] callback 'report_progress' from call_id=14
  [ComfyUI] [SubprocessWorker] callback 'report_progress' from call_id=14
  [ComfyUI] [SubprocessWorker] callback 'report_progress' from call_id=14
  [ComfyUI] [SubprocessWorker] callback 'report_progress' from call_id=14
  [ComfyUI] [SubprocessWorker] callback 'report_progress' from call_id=14
  [ComfyUI] [SubprocessWorker] got response: ok
  [ComfyUI] [SubprocessWorker] got response: ok
  [ComfyUI] [comfy-env] SAM3DBodyExportMesh done (4.23s): result: NodeOutput
  [ComfyUI] [comfy-env] SAM3DBodyExportMesh done (4.23s): result: NodeOutput
  [ComfyUI] [VRAM] After SAM3DBodyExportMesh: 1042 / 12287 MB
  [ComfyUI] [VRAM] After SAM3DBodyExportMesh: 1042 / 12287 MB
  [ComfyUI] [VRAM] Loaded: SubprocessModel (3143 MB)
  [ComfyUI] [VRAM] Loaded: SubprocessModel (3143 MB)
  [ComfyUI] Prompt executed in 17.53 seconds
  [ComfyUI] Prompt executed in 17.53 seconds
  [ComfyUI] [comfy-env] [VRAM] Before offload 'SAM3DBody_1' (3143 MB) -> cpu: 1042 / 12287 MB
  [ComfyUI] [comfy-env] [VRAM] Before offload 'SAM3DBody_1' (3143 MB) -> cpu: 1042 / 12287 MB
  [ComfyUI] [ComfyUI-SAM3DBody] Health check: ping (timeout=5.0s)...
  [ComfyUI] [ComfyUI-SAM3DBody] Health check: ping (timeout=5.0s)...
  [ComfyUI] [ComfyUI-SAM3DBody] Health check: ok
  [ComfyUI] [ComfyUI-SAM3DBody] Health check: ok
  [ComfyUI] [SubprocessWorker] call_id=15 sending model_to_device
  [ComfyUI] [SubprocessWorker] call_id=15 sending model_to_device
  Node executed (2 total), capturing...
  [ComfyUI] [worker:ComfyUI-SAM3DBody] [VRAM] -356MB (now 2787MB) reserved=3264MB peak=3191MB
  [ComfyUI] [worker:ComfyUI-SAM3DBody] [VRAM] -356MB (now 2787MB) reserved=3264MB peak=3191MB
  Frame 7 saved (frame_006.jpg, t=17.9s)
  [capture-node] freeze=358ms shot=394ms unfreeze=0ms saved=True
  Execution complete (t=17.9s)
  [3d-wait] Phase 1: Waiting for 'Loading 3D Model' text to disappear...
  [ComfyUI] [worker:ComfyUI-SAM3DBody] [VRAM] -1935MB (now 852MB) reserved=3264MB peak=3191MB
  [ComfyUI] [worker:ComfyUI-SAM3DBody] [VRAM] -1935MB (now 852MB) reserved=3264MB peak=3191MB
  [ComfyUI] [comfy-env] [VRAM] After offload 'SAM3DBody_1' (3143 MB): 1042 / 12287 MB
  [ComfyUI] [comfy-env] [VRAM] After offload 'SAM3DBody_1' (3143 MB): 1042 / 12287 MB
  [3d-wait] Phase 1 exception after 60.0s: Page.wait_for_function: Timeout 60000ms exceeded.
  [3d-wait] Phase 2: iframes=0
  [3d-wait] Total 3D wait: 60.0s
  Captured 7 unique frames over 78.76s
  [debug] iframes: 0
  [timing] trigger_3d_previews: 0.0s
  Saved high-quality screenshot: workflow_executed.png
  [timing] final_screenshot: 0.3s
    Captured 8 video frames