setup plugin alembic.autogenerate.schemas
setup plugin alembic.autogenerate.tables
setup plugin alembic.autogenerate.types
setup plugin alembic.autogenerate.constraints
setup plugin alembic.autogenerate.defaults
setup plugin alembic.autogenerate.comments
[comfy-env] ComfyUI-DepthAnythingV3: 1 isolation env(s):
[comfy-env]   nodes -> D:\a\comfy-gpu-ci\comfy-gpu-ci\ComfyUI_windows_portable\ComfyUI\custom_nodes\ComfyUI-DepthAnythingV3\nodes
[comfy-env] prestartup complete
[comfy-env] ComfyUI-GeometryPack: 3 isolation env(s):
[comfy-env]   blender -> D:\a\comfy-gpu-ci\comfy-gpu-ci\ComfyUI_windows_portable\ComfyUI\custom_nodes\ComfyUI-GeometryPack\nodes\blender
[comfy-env]   gpu -> D:\a\comfy-gpu-ci\comfy-gpu-ci\ComfyUI_windows_portable\ComfyUI\custom_nodes\ComfyUI-GeometryPack\nodes\gpu
[comfy-env]   main -> D:\a\comfy-gpu-ci\comfy-gpu-ci\ComfyUI_windows_portable\ComfyUI\custom_nodes\ComfyUI-GeometryPack\nodes\main
[comfy-env] prestartup complete
[comfy-env] ComfyUI-SAM3DBody: 1 isolation env(s):
[comfy-env]   nodes -> D:\a\comfy-gpu-ci\comfy-gpu-ci\ComfyUI_windows_portable\ComfyUI\custom_nodes\ComfyUI-SAM3DBody\nodes
[comfy-env] prestartup complete

Prestartup times for custom nodes:
   0.0 seconds: D:\a\comfy-gpu-ci\comfy-gpu-ci\ComfyUI_windows_portable\ComfyUI\custom_nodes\ComfyUI-SAM3DBody
   0.1 seconds: D:\a\comfy-gpu-ci\comfy-gpu-ci\ComfyUI_windows_portable\ComfyUI\custom_nodes\ComfyUI-GeometryPack
   0.3 seconds: D:\a\comfy-gpu-ci\comfy-gpu-ci\ComfyUI_windows_portable\ComfyUI\custom_nodes\ComfyUI-DepthAnythingV3

D:\a\comfy-gpu-ci\comfy-gpu-ci\ComfyUI_windows_portable\python_embeded\Lib\site-packages\torch\cuda\__init__.py:180: UserWarning: cudaGetDeviceCount() returned cudaErrorNotSupported, likely using older driver or on CPU machine (Triggered internally at C:\actions-runner\_work\pytorch\pytorch\pytorch\c10\cuda\CUDAFunctions.cpp:88.)
  return torch._C._cuda_getDeviceCount() > 0
Found comfy_kitchen backend triton: {'available': False, 'disabled': True, 'unavailable_reason': "ImportError: No module named 'triton'", 'capabilities': []}
Found comfy_kitchen backend eager: {'available': True, 'disabled': False, 'unavailable_reason': None, 'capabilities': ['apply_rope', 'apply_rope1', 'dequantize_mxfp8', 'dequantize_nvfp4', 'dequantize_per_tensor_fp8', 'quantize_mxfp8', 'quantize_nvfp4', 'quantize_per_tensor_fp8', 'scaled_mm_mxfp8', 'scaled_mm_nvfp4']}
Found comfy_kitchen backend cuda: {'available': False, 'disabled': False, 'unavailable_reason': 'CUDA not available on this system', 'capabilities': []}
Checkpoint files will always be loaded safely.
Total VRAM 16379 MB, total RAM 16379 MB
pytorch version: 2.11.0+cu130
Set vram state to: DISABLED
Device: cpu
Using sub quadratic optimization for attention, if you have memory or speed issues try using: --use-split-cross-attention
Python version: 3.13.12 (tags/v3.13.12:1cbe481, Feb  3 2026, 18:22:25) [MSC v.1944 64 bit (AMD64)]
ComfyUI version: 0.20.1
comfy-aimdo version: 0.2.14
comfy-kitchen version: 0.2.8
****** User settings have been changed to be stored on the server instead of browser storage. ******
****** For multi-user setups add the --multi-user CLI argument to enable multiple user profiles. ******
ComfyUI frontend version: 1.42.15
[Prompt Server] web root: D:\a\comfy-gpu-ci\comfy-gpu-ci\ComfyUI_windows_portable\python_embeded\Lib\site-packages\comfyui_frontend_package\static
Asset seeder disabled
[comfy-env] Version: 0.3.75
[comfy-env] register_nodes: ComfyUI-DepthAnythingV3
[comfy-env] ComfyUI source dir: D:\a\comfy-gpu-ci\comfy-gpu-ci\ComfyUI_windows_portable\ComfyUI
[comfy-env] Found 1 isolation env(s)
[comfy-env] Scanning nodes metadata (isolation root)...
[comfy-env] depthanythingv3-nodes: Library/bin has 235 DLLs
[comfy-env] Metadata scan: C:\Users\runneradmin\.pixi\bin\pixi.exe run --as-is --manifest-path D:\a\comfy-gpu-ci\comfy-gpu-ci\ComfyUI_windows_portable\ComfyUI\.ce\pixi.toml -e depthanythingv3-nodes python C:\Users\RUNNER~1\AppData\Local\Temp\comfy_meta_ef55c1de.py D:\a\comfy-gpu-ci\comfy-gpu-ci\ComfyUI_windows_portable\ComfyUI\custom_nodes\ComfyUI-DepthAnythingV3 nodes
[comfy-env] Scan env PATH for nodes:
[comfy-env]   [0] D:\a\comfy-gpu-ci\comfy-gpu-ci\ComfyUI_windows_portable\ComfyUI\.ce\.pixi\envs\depthanythingv3-nodes
[comfy-env]   [1] D:\a\comfy-gpu-ci\comfy-gpu-ci\ComfyUI_windows_portable\ComfyUI\.ce\.pixi\envs\depthanythingv3-nodes\Library\bin
[comfy-env]   [2] D:\a\comfy-gpu-ci\comfy-gpu-ci\ComfyUI_windows_portable\ComfyUI\.ce\.pixi\envs\depthanythingv3-nodes\Scripts
[comfy-env]   [3] D:\a\comfy-gpu-ci\comfy-gpu-ci\ComfyUI_windows_portable\ComfyUI\.ce\.pixi\envs\depthanythingv3-nodes\Lib\site-packages\bpy
[comfy-env]   [4] C:\Windows\System32
[comfy-env]   [5] C:\Windows
[comfy-env]   [6] C:\Windows\System32\Wbem
[comfy-env] Metadata scan stderr for nodes:
[comfy-env]   [meta-scan] importing nodes from D:\a\comfy-gpu-ci\comfy-gpu-ci\ComfyUI_windows_portable\ComfyUI\custom_nodes\ComfyUI-DepthAnythingV3
[comfy-env]   D:\a\comfy-gpu-ci\comfy-gpu-ci\ComfyUI_windows_portable\ComfyUI\.ce\.pixi\envs\depthanythingv3-nodes\Lib\site-packages\torch\cuda\__init__.py:180: UserWarning: cudaGetDeviceCount() returned cudaErrorNotSupported, likely using older driver or on CPU machine (Triggered internally at C:\actions-runner\_work\pytorch\pytorch\pytorch\c10\cuda\CUDAFunctions.cpp:88.)
[comfy-env]     return torch._C._cuda_getDeviceCount() > 0
[comfy-env]   [meta-scan] import OK
[comfy-env] Scanned nodes: 15 nodes (16.7s)
[comfy-env] Scanned nodes root: 15 nodes (16.7s)
[comfy-env] Imported nodes root: 15 nodes (isolation)
[comfy-env] Registered 15 total nodes
loading...
calling register_nodes
[comfy-env] Version: 0.3.75
[comfy-env] register_nodes: ComfyUI-GeometryPack
[comfy-env] ComfyUI source dir: D:\a\comfy-gpu-ci\comfy-gpu-ci\ComfyUI_windows_portable\ComfyUI
[comfy-env] Found 3 isolation env(s)
[comfy-env] Importing nodes (root)...
[comfy-env] Imported nodes root: 0 nodes
[comfy-env] Scanning blender metadata...
[comfy-env] Scanning gpu metadata...
[comfy-env] Scanning main metadata...
[comfy-env] geometrypack-gpu: Library/bin has 235 DLLs
[comfy-env] Metadata scan: C:\Users\runneradmin\.pixi\bin\pixi.exe run --as-is --manifest-path D:\a\comfy-gpu-ci\comfy-gpu-ci\ComfyUI_windows_portable\ComfyUI\.ce\pixi.toml -e geometrypack-gpu python C:\Users\RUNNER~1\AppData\Local\Temp\comfy_meta_21alznz7.py D:\a\comfy-gpu-ci\comfy-gpu-ci\ComfyUI_windows_portable\ComfyUI\custom_nodes\ComfyUI-GeometryPack nodes.gpu
[comfy-env] Scan env PATH for nodes.gpu:
[comfy-env]   [0] D:\a\comfy-gpu-ci\comfy-gpu-ci\ComfyUI_windows_portable\ComfyUI\.ce\.pixi\envs\geometrypack-gpu
[comfy-env]   [1] D:\a\comfy-gpu-ci\comfy-gpu-ci\ComfyUI_windows_portable\ComfyUI\.ce\.pixi\envs\geometrypack-gpu\Library\bin
[comfy-env]   [2] D:\a\comfy-gpu-ci\comfy-gpu-ci\ComfyUI_windows_portable\ComfyUI\.ce\.pixi\envs\geometrypack-gpu\Scripts
[comfy-env]   [3] D:\a\comfy-gpu-ci\comfy-gpu-ci\ComfyUI_windows_portable\ComfyUI\.ce\.pixi\envs\geometrypack-gpu\Lib\site-packages\bpy
[comfy-env]   [4] C:\Windows\System32
[comfy-env]   [5] C:\Windows
[comfy-env]   [6] C:\Windows\System32\Wbem
[comfy-env] geometrypack-blender: Library/bin has 234 DLLs
[comfy-env] Metadata scan: C:\Users\runneradmin\.pixi\bin\pixi.exe run --as-is --manifest-path D:\a\comfy-gpu-ci\comfy-gpu-ci\ComfyUI_windows_portable\ComfyUI\.ce\pixi.toml -e geometrypack-blender python C:\Users\RUNNER~1\AppData\Local\Temp\comfy_meta_ii7c4bed.py D:\a\comfy-gpu-ci\comfy-gpu-ci\ComfyUI_windows_portable\ComfyUI\custom_nodes\ComfyUI-GeometryPack nodes.blender
[comfy-env] Scan env PATH for nodes.blender:
[comfy-env]   [0] D:\a\comfy-gpu-ci\comfy-gpu-ci\ComfyUI_windows_portable\ComfyUI\.ce\.pixi\envs\geometrypack-blender
[comfy-env]   [1] D:\a\comfy-gpu-ci\comfy-gpu-ci\ComfyUI_windows_portable\ComfyUI\.ce\.pixi\envs\geometrypack-blender\Library\bin
[comfy-env]   [2] D:\a\comfy-gpu-ci\comfy-gpu-ci\ComfyUI_windows_portable\ComfyUI\.ce\.pixi\envs\geometrypack-blender\Scripts
[comfy-env]   [3] D:\a\comfy-gpu-ci\comfy-gpu-ci\ComfyUI_windows_portable\ComfyUI\.ce\.pixi\envs\geometrypack-blender\Lib\site-packages\bpy
[comfy-env]   [4] C:\Windows\System32
[comfy-env]   [5] C:\Windows
[comfy-env]   [6] C:\Windows\System32\Wbem
[comfy-env] geometrypack-main: Library/bin has 610 DLLs
[comfy-env] Metadata scan: C:\Users\runneradmin\.pixi\bin\pixi.exe run --as-is --manifest-path D:\a\comfy-gpu-ci\comfy-gpu-ci\ComfyUI_windows_portable\ComfyUI\.ce\pixi.toml -e geometrypack-main python C:\Users\RUNNER~1\AppData\Local\Temp\comfy_meta_0utaz7p2.py D:\a\comfy-gpu-ci\comfy-gpu-ci\ComfyUI_windows_portable\ComfyUI\custom_nodes\ComfyUI-GeometryPack nodes.main
[comfy-env] Scan env PATH for nodes.main:
[comfy-env]   [0] D:\a\comfy-gpu-ci\comfy-gpu-ci\ComfyUI_windows_portable\ComfyUI\.ce\.pixi\envs\geometrypack-main
[comfy-env]   [1] D:\a\comfy-gpu-ci\comfy-gpu-ci\ComfyUI_windows_portable\ComfyUI\.ce\.pixi\envs\geometrypack-main\Library\bin
[comfy-env]   [2] D:\a\comfy-gpu-ci\comfy-gpu-ci\ComfyUI_windows_portable\ComfyUI\.ce\.pixi\envs\geometrypack-main\Scripts
[comfy-env]   [3] D:\a\comfy-gpu-ci\comfy-gpu-ci\ComfyUI_windows_portable\ComfyUI\.ce\.pixi\envs\geometrypack-main\Lib\site-packages\bpy
[comfy-env]   [4] C:\Windows\System32
[comfy-env]   [5] C:\Windows
[comfy-env]   [6] C:\Windows\System32\Wbem
[comfy-env] Metadata scan stderr for nodes.gpu:
[comfy-env]   [meta-scan] importing nodes.gpu from D:\a\comfy-gpu-ci\comfy-gpu-ci\ComfyUI_windows_portable\ComfyUI\custom_nodes\ComfyUI-GeometryPack
[comfy-env]   [meta-scan] import OK
[comfy-env] Scanned nodes.gpu: 3 nodes (15.7s)
[comfy-env] Scanned gpu: 3 nodes (15.7s)
[comfy-env] Registered 3 isolation nodes from gpu
[comfy-env] Metadata scan stderr for nodes.blender:
[comfy-env]   [meta-scan] importing nodes.blender from D:\a\comfy-gpu-ci\comfy-gpu-ci\ComfyUI_windows_portable\ComfyUI\custom_nodes\ComfyUI-GeometryPack
[comfy-env]   [meta-scan] import OK
[comfy-env] Scanned nodes.blender: 12 nodes (22.8s)
[comfy-env] Scanned blender: 12 nodes (22.8s)
[comfy-env] Registered 12 isolation nodes from blender
[comfy-env] Metadata scan stderr for nodes.main:
[comfy-env]   [meta-scan] importing nodes.main from D:\a\comfy-gpu-ci\comfy-gpu-ci\ComfyUI_windows_portable\ComfyUI\custom_nodes\ComfyUI-GeometryPack
[comfy-env]   D:\a\comfy-gpu-ci\comfy-gpu-ci\ComfyUI_windows_portable\ComfyUI\.ce\.pixi\envs\geometrypack-main\Lib\site-packages\torch\cuda\__init__.py:180: UserWarning: cudaGetDeviceCount() returned cudaErrorNotSupported, likely using older driver or on CPU machine (Triggered internally at C:\actions-runner\_work\pytorch\pytorch\pytorch\c10\cuda\CUDAFunctions.cpp:88.)
[comfy-env]     return torch._C._cuda_getDeviceCount() > 0
[comfy-env]   [meta-scan] import OK
[comfy-env] Scanned nodes.main: 110 nodes (27.5s)
[comfy-env] Scanned main: 110 nodes (27.5s)
[comfy-env] Registered 110 isolation nodes from main
[comfy-env] Registered 125 total nodes
ComfyUI-Multiband loaded: 15 nodes registered
[comfy-env] Version: 0.3.75
[comfy-env] register_nodes: ComfyUI-SAM3DBody
[comfy-env] ComfyUI source dir: D:\a\comfy-gpu-ci\comfy-gpu-ci\ComfyUI_windows_portable\ComfyUI
[comfy-env] Found 1 isolation env(s)
[comfy-env] Scanning nodes metadata (isolation root)...
[comfy-env] sam3dbody-nodes: Library/bin has 234 DLLs
[comfy-env] Metadata scan: C:\Users\runneradmin\.pixi\bin\pixi.exe run --as-is --manifest-path D:\a\comfy-gpu-ci\comfy-gpu-ci\ComfyUI_windows_portable\ComfyUI\.ce\pixi.toml -e sam3dbody-nodes python C:\Users\RUNNER~1\AppData\Local\Temp\comfy_meta_jv8h0arj.py D:\a\comfy-gpu-ci\comfy-gpu-ci\ComfyUI_windows_portable\ComfyUI\custom_nodes\ComfyUI-SAM3DBody nodes
[comfy-env] Scan env PATH for nodes:
[comfy-env]   [0] D:\a\comfy-gpu-ci\comfy-gpu-ci\ComfyUI_windows_portable\ComfyUI\.ce\.pixi\envs\sam3dbody-nodes
[comfy-env]   [1] D:\a\comfy-gpu-ci\comfy-gpu-ci\ComfyUI_windows_portable\ComfyUI\.ce\.pixi\envs\sam3dbody-nodes\Library\bin
[comfy-env]   [2] D:\a\comfy-gpu-ci\comfy-gpu-ci\ComfyUI_windows_portable\ComfyUI\.ce\.pixi\envs\sam3dbody-nodes\Scripts
[comfy-env]   [3] D:\a\comfy-gpu-ci\comfy-gpu-ci\ComfyUI_windows_portable\ComfyUI\.ce\.pixi\envs\sam3dbody-nodes\Lib\site-packages\bpy
[comfy-env]   [4] C:\Windows\System32
[comfy-env]   [5] C:\Windows
[comfy-env]   [6] C:\Windows\System32\Wbem
[comfy-env] Metadata scan stderr for nodes:
[comfy-env]   [meta-scan] importing nodes from D:\a\comfy-gpu-ci\comfy-gpu-ci\ComfyUI_windows_portable\ComfyUI\custom_nodes\ComfyUI-SAM3DBody
[comfy-env]   [meta-scan] import OK
[comfy-env] Scanned nodes: 15 nodes (8.6s)
[comfy-env] Scanned nodes root: 15 nodes (8.6s)
[comfy-env] Imported nodes root: 15 nodes (isolation)
[comfy-env] Registered 15 total nodes

Import times for custom nodes:
   0.0 seconds: D:\a\comfy-gpu-ci\comfy-gpu-ci\ComfyUI_windows_portable\ComfyUI\custom_nodes\websocket_image_save.py
   0.0 seconds: D:\a\comfy-gpu-ci\comfy-gpu-ci\ComfyUI_windows_portable\ComfyUI\custom_nodes\ComfyUI-validate-endpoint
   0.0 seconds: D:\a\comfy-gpu-ci\comfy-gpu-ci\ComfyUI_windows_portable\ComfyUI\custom_nodes\ComfyUI-CameraPack
   0.0 seconds: D:\a\comfy-gpu-ci\comfy-gpu-ci\ComfyUI_windows_portable\ComfyUI\custom_nodes\ComfyUI-Multiband
   0.1 seconds: D:\a\comfy-gpu-ci\comfy-gpu-ci\ComfyUI_windows_portable\ComfyUI\custom_nodes\ComfyUI-VideoHelperSuite
   0.2 seconds: D:\a\comfy-gpu-ci\comfy-gpu-ci\ComfyUI_windows_portable\ComfyUI\custom_nodes\ComfyUI-KJNodes
   8.6 seconds: D:\a\comfy-gpu-ci\comfy-gpu-ci\ComfyUI_windows_portable\ComfyUI\custom_nodes\ComfyUI-SAM3DBody
  18.4 seconds: D:\a\comfy-gpu-ci\comfy-gpu-ci\ComfyUI_windows_portable\ComfyUI\custom_nodes\ComfyUI-DepthAnythingV3
  27.6 seconds: D:\a\comfy-gpu-ci\comfy-gpu-ci\ComfyUI_windows_portable\ComfyUI\custom_nodes\ComfyUI-GeometryPack

Context impl SQLiteImpl.
Will assume non-transactional DDL.
Context impl SQLiteImpl.
Will assume non-transactional DDL.
Running upgrade  -> 0001_assets, Initial assets schema
Revision ID: 0001_assets
Revises: None
Create Date: 2025-12-10 00:00:00
Running upgrade 0001_assets -> 0002_merge_to_asset_references, Merge AssetInfo and AssetCacheState into unified asset_references table.
Running upgrade 0002_merge_to_asset_references -> 0003_add_metadata_job_id, Add system_metadata and job_id columns to asset_references.
Change preview_id FK from assets.id to asset_references.id.
Database upgraded from None to 0003_add_metadata_job_id
Starting server

To see the GUI go to: http://127.0.0.1:8188
[DEPRECATION WARNING] Detected import of deprecated legacy API: /extensions/core/widgetInputs.js. This is likely caused by a custom node extension using outdated APIs. Please update your extensions or contact the extension author for an updated version.
=== /validate endpoint called ===
Received JSON with keys: ['prompt']
Prompt has 2 nodes
  Node 2: SAM3DBodyPreviewRiggedMesh
    Inputs: {"fbx_output_path": ["4", 0], "preview": ""}
  Node 4: SAM3DBodySelectMesh
    Inputs: {"source_folder": "input", "file_path": "sam3d_rigged.fbx"}
Generated prompt_id: 0bc51ec8-5f84-4afe-a261-2b8289ed5c0a
Calling execution.validate_prompt()...
Validation result: valid=True
=== Validation PASSED ===
got prompt
[comfy-env] Running SAM3DBodySelectMesh: source_folder: 'input', file_path: 'sam3d_rigged.fbx'
[comfy-env] SubprocessWorker: D:\a\comfy-gpu-ci\comfy-gpu-ci\ComfyUI_windows_portable\ComfyUI\.ce\.pixi\envs\sam3dbody-nodes\python.exe
[comfy-env] env_vars: {'COMFYUI_BASE': 'D:\\a\\comfy-gpu-ci\\comfy-gpu-ci\\ComfyUI_windows_portable\\ComfyUI'}
[SubprocessWorker] call_method: nodes.load_mesh.SAM3DBodySelectMesh.EXECUTE_NORMALIZED
[SubprocessWorker] acquired lock, ensuring started...
[comfy-env] sam3dbody-nodes: Library/bin has 234 DLLs
[ComfyUI-SAM3DBody] python: D:\a\comfy-gpu-ci\comfy-gpu-ci\ComfyUI_windows_portable\ComfyUI\.ce\.pixi\envs\sam3dbody-nodes\python.exe
[ComfyUI-SAM3DBody] sys_path sent to worker: ['D:\\a\\comfy-gpu-ci\\comfy-gpu-ci\\ComfyUI_windows_portable\\ComfyUI', 'D:\\a\\comfy-gpu-ci\\comfy-gpu-ci\\ComfyUI_windows_portable\\ComfyUI\\custom_nodes\\ComfyUI-SAM3DBody', 'D:\\a\\comfy-gpu-ci\\comfy-gpu-ci\\ComfyUI_windows_portable\\ComfyUI\\.ce\\.pixi\\envs\\sam3dbody-nodes\\Lib\\site-packages', 'D:\\a\\comfy-gpu-ci\\comfy-gpu-ci\\ComfyUI_windows_portable\\ComfyUI\\custom_nodes\\ComfyUI-SAM3DBody']
[SubprocessWorker] is_pixi=True, python=D:\a\comfy-gpu-ci\comfy-gpu-ci\ComfyUI_windows_portable\ComfyUI\.ce\.pixi\envs\sam3dbody-nodes\python.exe
[SubprocessWorker] launching cmd=['C:\\Users\\runneradmin\\.pixi\\bin\\pixi.exe', 'run', '--as-is', '--manifest-path', 'D:\\a\\comfy-gpu-ci\\comfy-gpu-ci\\ComfyUI_windows_portable\\ComfyUI\\.ce\\pixi.toml', '-e', 'sam3dbody-nodes', 'python', 'C:\\Users\\RUNNER~1\\AppData\\Local\\Temp\\comfyui_pvenv_spjbti2s\\persistent_worker.py', 'tcp://127.0.0.1:59734']...
D:\a\comfy-gpu-ci\comfy-gpu-ci\ComfyUI_windows_portable\ComfyUI\.ce\.pixi\envs\sam3dbody-nodes\Lib\site-packages\torch\cuda\__init__.py:180: UserWarning: cudaGetDeviceCount() returned cudaErrorNotSupported, likely using older driver or on CPU machine (Triggered internally at C:\actions-runner\_work\pytorch\pytorch\pytorch\c10\cuda\CUDAFunctions.cpp:88.)
  return torch._C._cuda_getDeviceCount() > 0
[SubprocessWorker] worker started/confirmed
[SubprocessWorker] serializing kwargs to shm...
[SubprocessWorker] created 0 shm blocks
[SubprocessWorker] sending request via socket...
[SubprocessWorker] call_id=1 sending call_method
[SubprocessWorker] got response: ok
[comfy-env] SAM3DBodySelectMesh done (14.17s): result: NodeOutput
[comfy-env] Running SAM3DBodyPreviewRiggedMesh: fbx_output_path: 'D:\\a\\comfy-gpu-ci\\comfy-gpu-ci\\ComfyUI_windows_porta...
[SubprocessWorker] call_method: nodes.preview.SAM3DBodyPreviewRiggedMesh.EXECUTE_NORMALIZED
[SubprocessWorker] acquired lock, ensuring started...
[ComfyUI-SAM3DBody] Health check: ping (timeout=5.0s)...
[ComfyUI-SAM3DBody] Health check: ok
[SubprocessWorker] worker started/confirmed
[SubprocessWorker] serializing kwargs to shm...
[SubprocessWorker] created 0 shm blocks
[SubprocessWorker] sending request via socket...
[SubprocessWorker] call_id=2 sending call_method
[SubprocessWorker] got response: ok
[comfy-env] SAM3DBodyPreviewRiggedMesh done (0.26s): result: NodeOutput
Prompt executed in 14.49 seconds
