[00:00] Crash dump logging enabled: D:\a\comfy-gpu-ci\comfy-gpu-ci\comfy-test-logs\SAM3DBody-1126\windows-portable-cpu\crash_dump.log
[00:00] 
[00:00] [1/3] REGISTRATION
[00:00] ----------------------------------------
[00:00] 
[DEBUG] server=None, server_url=http://127.0.0.1:8188, api=None
[00:00] 
Connecting to existing server at http://127.0.0.1:8188...
[00:00] Connecting to existing server at http://127.0.0.1:8188...
[00:00] Connected to server! (attempt 1, 0.0s)
[00:00] Checking for import errors in server logs...
[00:00] No import errors detected
[00:00] Found 1137 registered nodes
[00:00] [REGISTRATION] PASSED
[00:00] 
[00:00] [2/3] INSTANTIATION
[00:00] ----------------------------------------
[00:00] 
[DEBUG] server=<comfy_test.comfyui.server.ExternalComfyUIServer object at 0x0000024836619400>, server_url=http://127.0.0.1:8188, api=<comfy_test.comfyui.api.ComfyUIAPI object at 0x0000024836619550>
[00:00] Testing node constructors...
[00:05] All 15 node(s) instantiated successfully!
[00:05] [INSTANTIATION] PASSED
[00:05] 
[00:05] [3/3] EXECUTION
[00:05] ----------------------------------------
[00:05] 
[DEBUG] server=<comfy_test.comfyui.server.ExternalComfyUIServer object at 0x0000024836619400>, server_url=http://127.0.0.1:8188, api=<comfy_test.comfyui.api.ComfyUIAPI object at 0x0000024836619550>
[00:05] CPU runner - will execute 1 workflow(s)
[00:05] Running 5 workflow(s) (all with videos)...
[00:05] Starting headless browser...
[00:06]   Downloading Mesa llvmpipe for Windows...
[00:10]   Copied opengl32.dll to Chromium dir
[00:10]   Copied libgallium_wgl.dll to Chromium dir
[00:10]   Using Mesa llvmpipe (desktop GL) — multithreaded CPU rendering
[00:11]   [1/5] SKIPPED (not in cpu list) multiple_masks.json
[00:11]   [2/5] SKIPPED (not in cpu list) multiple_masks_depthcorrected.json
[00:12] Capturing execution frames: rigged_mesh_manipulation.json
[00:21]   Frame 1 saved (frame_000.jpg, t=0.0s)
[00:21]   Validating workflow...
[00:21]   Queuing workflow for execution...
[00:24]   Frame 2 saved (frame_001.jpg, t=2.3s)
[00:24]   [capture-periodic] freeze=5ms shot=141ms unfreeze=5ms saved=True
[00:26]   Frame 3 saved (frame_002.jpg, t=4.6s)
[00:26]   [capture-periodic] freeze=5ms shot=146ms unfreeze=5ms saved=True
[00:28]   [capture-loop] iter=50 t=6.6s state={'complete': False, 'error': None, 'executedCount': 0, 'wsState': 1} eval_ms=5 ram=6.1/16.0GB (38%) swap=0.3/2.9GB (10%) cpu=53% browser_rss=0.75GB
[00:34]   [capture-loop] iter=100 t=13.2s state={'complete': False, 'error': None, 'executedCount': 0, 'wsState': 1} eval_ms=6 ram=6.2/16.0GB (39%) swap=0.3/2.9GB (10%) cpu=81% browser_rss=0.75GB
[00:36]   Node executed (1 total), capturing...
[00:36]   Frame 4 saved (frame_003.jpg, t=15.1s)
[00:36]   [capture-node] freeze=10ms shot=142ms unfreeze=6ms saved=True
[00:38]   Execution complete (t=16.7s)
[00:38]   [3d-wait] Phase 1: Waiting for 'Loading 3D Model' text to disappear...
[00:38]   [3d-wait] Phase 1 done in 0.1s
[00:38]   [3d-wait] Phase 2: iframes=1
[00:38]   [3d-wait] iframe viewer_ready=True (matched 1 console logs)
[00:39]   [3d-wait] Unfrozen in 0.118s, rendering for 5s...
[00:44]   [3d-wait] JS halted via CDP after 5.3s
[00:45]   [3d-wait] Re-frozen in 6.3s
[00:45]   [3d-wait] Total 3D wait: 6.8s
[00:45]   Captured 4 unique frames over 23.61s
[00:45]   [debug] iframes: 1
[00:45]   [debug]   iframe[0]: src=http://127.0.0.1:8188/extensions/ComfyUI-GeometryPack/viewer_fbx.html?v=17782395, canvas=486x710, rafFrozen=True
[00:45]   [timing] trigger_3d_previews: 0.0s
[00:47]   Saved high-quality screenshot: rigged_mesh_manipulation_executed.png
[00:47]   [timing] final_screenshot: 0.2s
[00:47]   [4/5] SKIPPED (not in cpu list) rigging.json
[00:48]   [5/5] SKIPPED (not in cpu list) workflow.json
[00:48] Results saved to D:\a\comfy-gpu-ci\comfy-gpu-ci\comfy-test-logs\SAM3DBody-1126\windows-portable-cpu\results.json
[00:48] Model report: 8 files, 18.7 MB -> D:\a\comfy-gpu-ci\comfy-gpu-ci\comfy-test-logs\SAM3DBody-1126\windows-portable-cpu\models.json
[00:48] Saved: D:\a\comfy-gpu-ci\comfy-gpu-ci\comfy-test-logs\SAM3DBody-1126\windows-portable-cpu\index.html
[00:48] [EXECUTION] PASSED
[00:48] 
windows_portable: PASSED
