[00:00] Crash dump logging enabled: /home/runner/work/comfy-gpu-ci/comfy-gpu-ci/comfy-test-logs/SAM3DBody-1118/linux-cpu/crash_dump.log
[00:00] 
[00:00] [1/3] REGISTRATION
[00:00] ----------------------------------------
[00:00] 
[DEBUG] server=None, server_url=http://127.0.0.1:8188, api=None
[00:00] 
Connecting to existing server at http://127.0.0.1:8188...
[00:00] Connecting to existing server at http://127.0.0.1:8188...
[00:00] Connected to server! (attempt 1, 0.0s)
[00:00] Checking for import errors in server logs...
[00:00] No import errors detected
[00:00] Found 1149 registered nodes
[00:00] [REGISTRATION] PASSED
[00:00] 
[00:00] [2/3] INSTANTIATION
[00:00] ----------------------------------------
[00:00] 
[DEBUG] server=<comfy_test.comfyui.server.ExternalComfyUIServer object at 0x7f2a3efb9c70>, server_url=http://127.0.0.1:8188, api=<comfy_test.comfyui.api.ComfyUIAPI object at 0x7f2a3edeefc0>
[00:00] Testing node constructors...
[00:01] All 15 node(s) instantiated successfully!
[00:01] [INSTANTIATION] PASSED
[00:01] 
[00:01] [3/3] EXECUTION
[00:01] ----------------------------------------
[00:01] 
[DEBUG] server=<comfy_test.comfyui.server.ExternalComfyUIServer object at 0x7f2a3efb9c70>, server_url=http://127.0.0.1:8188, api=<comfy_test.comfyui.api.ComfyUIAPI object at 0x7f2a3edeefc0>
[00:01] CPU runner - will execute 1 workflow(s)
[00:01] Running 5 workflow(s) (all with videos)...
[00:02] Starting headless browser...
[00:02]   Installing Mesa llvmpipe (apt)...
[00:12]   Mesa install failed: E: Unable to locate package libegl1-mesa

[00:12]   No GPU, no Mesa — using SwiftShader software rendering
[00:13]   [1/5] SKIPPED (not in cpu list) multiple_masks.json
[00:13]   [2/5] SKIPPED (not in cpu list) multiple_masks_depthcorrected.json
[00:13] Capturing execution frames: rigged_mesh_manipulation.json
[00:21]   Frame 1 saved (frame_000.jpg, t=0.0s)
[00:21]   Validating workflow...
[00:21]   Queuing workflow for execution...
[00:23]   Frame 2 saved (frame_001.jpg, t=2.3s)
[00:23]   [capture-periodic] freeze=5ms shot=123ms unfreeze=5ms saved=True
[00:25]   Frame 3 saved (frame_002.jpg, t=4.5s)
[00:25]   [capture-periodic] freeze=8ms shot=97ms unfreeze=3ms saved=True
[00:26]   [capture-loop] iter=50 t=6.0s state={'complete': True, 'error': None, 'executedCount': 1, 'wsState': 1} eval_ms=16 ram=2.3/15.6GB (15%) swap=0.0/3.0GB (0%) cpu=40% browser_rss=0.96GB
[00:26]   Node executed (1 total), capturing...
[00:28]   Frame 4 saved (frame_003.jpg, t=6.2s)
[00:28]   [capture-node] freeze=947ms shot=218ms unfreeze=0ms saved=True
[00:28]   Execution complete (t=6.2s)
[00:28]   [3d-wait] Phase 1: Waiting for 'Loading 3D Model' text to disappear...
[00:28]   [3d-wait] Phase 1 done in 0.0s
[00:28]   [3d-wait] Phase 2: iframes=1
[00:28]   [3d-wait] iframe viewer_ready=True (matched 1 console logs)
[00:28]   [3d-wait] Unfrozen in 0.002s, rendering for 5s...
[00:33]   [3d-wait] JS halted via CDP after 5.1s
[00:34]   [3d-wait] Re-frozen in 6.1s
[00:34]   [3d-wait] Total 3D wait: 6.1s
[00:34]   Captured 4 unique frames over 13.48s
[00:34]   [debug] iframes: 1
[00:34]   [debug]   iframe[0]: src=http://127.0.0.1:8188/extensions/ComfyUI-SAM3DBody/viewer_fbx.html?v=17782391550, canvas=486x710, rafFrozen=True
[00:34]   [timing] trigger_3d_previews: 0.0s
[00:36]   Saved high-quality screenshot: rigged_mesh_manipulation_executed.png
[00:36]   [timing] final_screenshot: 0.2s
[00:36]   [4/5] SKIPPED (not in cpu list) rigging.json
[00:37]   [5/5] SKIPPED (not in cpu list) workflow.json
[00:37] Results saved to /home/runner/work/comfy-gpu-ci/comfy-gpu-ci/comfy-test-logs/SAM3DBody-1118/linux-cpu/results.json
[00:37] Saved: /home/runner/work/comfy-gpu-ci/comfy-gpu-ci/comfy-test-logs/SAM3DBody-1118/linux-cpu/index.html
[00:37] [EXECUTION] PASSED
[00:37] 
linux: PASSED
