[2026-05-10 22:14:21.189] [info]  setup plugin alembic.autogenerate.schemas
setup plugin alembic.autogenerate.tables
setup plugin alembic.autogenerate.types
setup plugin alembic.autogenerate.constraints

[2026-05-10 22:14:21.190] [info]  setup plugin alembic.autogenerate.defaults
setup plugin alembic.autogenerate.comments

[2026-05-10 22:14:21.383] [info]  comfy-aimdo os not supported Darwin
NOTE: comfy-aimdo is currently only support for Windows and Linux

[2026-05-10 22:14:21.708] [info]  Adding extra search path custom_nodes /Users/runner/Documents/ComfyUI/custom_nodes
Adding extra search path download_model_base /Users/runner/Documents/ComfyUI/models
Adding extra search path custom_nodes /Users/runner/.comfy-test-cache/desktop/ComfyUI.app/Contents/Resources/ComfyUI/custom_nodes
Setting output directory to: /Users/runner/Documents/ComfyUI/output

[2026-05-10 22:14:21.709] [info]  Setting input directory to: /Users/runner/Documents/ComfyUI/input
Setting user directory to: /Users/runner/Documents/ComfyUI/user

[2026-05-10 22:14:23.016] [info]  [START] Security scan
[DONE] Security scan
** ComfyUI startup time: 2026-05-10 22:14:23.010
** Platform: 
[2026-05-10 22:14:23.017] [info]  Darwin
** Python version: 3.12.11 (main, Aug 18 2025, 19:02:39) [Clang 20.1.4 ]
** Python executable: /Users/runner/Documents/ComfyUI/.venv/bin/python
** ComfyUI Path: /Users/runner/.comfy-test-cache/desktop/ComfyUI.app/Contents/Resources/ComfyUI
** ComfyUI Base Folder Path: /Users/runner/.comfy-test-cache/desktop/ComfyUI.app/Contents/Resources/ComfyUI
** User directory: /Users/runner/Documents/ComfyUI/user
** ComfyUI-Manager config path: /Users/runner/Documents/ComfyUI/user/__manager/config.ini
** Log path: /Users/runner/Documents/ComfyUI/user/comfyui.log

[2026-05-10 22:14:23.438] [info]  [ComfyUI-Manager] Skipped fixing the 'comfyui-frontend-package' dependency because the ComfyUI is outdated.

[2026-05-10 22:14:23.439] [info]  [PRE] ComfyUI-Manager

[2026-05-10 22:14:28.742] [info]  Found comfy_kitchen backend cuda: {'available': False, 'disabled': True, 'unavailable_reason': 'Extension file not found: /Users/runner/Documents/ComfyUI/.venv/lib/python3.12/site-packages/comfy_kitchen/backends/cuda/_C.abi3.so', 'capabilities': []}
Found comfy_kitchen backend eager: {'available': True, 'disabled': False, 'unavailable_reason': None, 'capabilities': ['apply_rope', 'apply_rope1', 'dequantize_mxfp8', 'dequantize_nvfp4', 'dequantize_per_tensor_fp8', 'quantize_mxfp8', 'quantize_nvfp4', 'quantize_per_tensor_fp8', 'scaled_mm_mxfp8', 'scaled_mm_nvfp4']}

[2026-05-10 22:14:28.743] [info]  Found comfy_kitchen backend triton: {'available': False, 'disabled': True, 'unavailable_reason': "ImportError: No module named 'triton'", 'capabilities': []}

[2026-05-10 22:14:28.768] [info]  Checkpoint files will always be loaded safely.

[2026-05-10 22:14:28.837] [info]  Total VRAM 7168 MB, total RAM 7168 MB

[2026-05-10 22:14:28.839] [info]  pytorch version: 2.10.0

[2026-05-10 22:14:28.841] [info]  Mac Version (15, 7, 4)

[2026-05-10 22:14:28.843] [info]  Set vram state to: SHARED
Device: mps

[2026-05-10 22:14:29.652] [info]  Using sub quadratic optimization for attention, if you have memory or speed issues try using: --use-split-cross-attention

[2026-05-10 22:14:33.923] [info]  Python version: 3.12.11 (main, Aug 18 2025, 19:02:39) [Clang 20.1.4 ]
ComfyUI version: 0.20.1

[2026-05-10 22:14:33.924] [info]  comfy-aimdo version: 0.2.14
comfy-kitchen version: 0.2.8

[2026-05-10 22:14:33.925] [info]  [Prompt Server] web root: /Users/runner/.comfy-test-cache/desktop/ComfyUI.app/Contents/Resources/ComfyUI/web_custom_versions/desktop_app

[2026-05-10 22:14:33.926] [info]  Asset seeder disabled

[2026-05-10 22:14:33.928] [info]  [START] ComfyUI-Manager

[2026-05-10 22:14:34.149] [info]  [ComfyUI-Manager] Using GitPython backend

[2026-05-10 22:14:34.205] [info]  [ComfyUI-Manager] network_mode: public

[2026-05-10 22:14:34.211] [info]  [ComfyUI-Manager] The matrix sharing feature has been disabled because the `matrix-nio` dependency is not installed.
	To use this feature, please run the following command:
	/Users/runner/Documents/ComfyUI/.venv/bin/python -m pip install matrix-nio


[2026-05-10 22:14:36.271] [info]  
Import times for custom nodes:

[2026-05-10 22:14:36.271] [info]     0.0 seconds: /Users/runner/.comfy-test-cache/desktop/ComfyUI.app/Contents/Resources/ComfyUI/custom_nodes/websocket_image_save.py


[2026-05-10 22:14:36.285] [info]  Context impl SQLiteImpl.

[2026-05-10 22:14:36.286] [info]  Will assume non-transactional DDL.

[2026-05-10 22:14:36.295] [info]  Context impl SQLiteImpl.
Will assume non-transactional DDL.

[2026-05-10 22:14:36.299] [info]  Running upgrade  -> 0001_assets, Initial assets schema
Revision ID: 0001_assets
Revises: None
Create Date: 2025-12-10 00:00:00

[2026-05-10 22:14:36.331] [info]  Running upgrade 0001_assets -> 0002_merge_to_asset_references, Merge AssetInfo and AssetCacheState into unified asset_references table.

[2026-05-10 22:14:36.355] [info]  Running upgrade 0002_merge_to_asset_references -> 0003_add_metadata_job_id, Add system_metadata and job_id columns to asset_references.
Change preview_id FK from assets.id to asset_references.id.

[2026-05-10 22:14:36.380] [info]  Database upgraded from None to 0003_add_metadata_job_id

[2026-05-10 22:14:36.420] [info]  Starting server


[2026-05-10 22:14:36.421] [info]  To see the GUI go to: http://127.0.0.1:8000

[2026-05-10 22:15:52.640] [info]  [ComfyUI-Manager] Using uv as Python module for pip operations.

[2026-05-10 22:15:53.500] [error]   0%|          | 0.00/14.1M [00:00<?, ?B/s]
[2026-05-10 22:15:53.601] [error]  46%|████▋     | 6.55M/14.1M [00:00<00:00, 65.4MB/s]
[2026-05-10 22:15:53.744] [error]  93%|█████████▎| 13.1M/14.1M [00:00<00:00, 59.5MB/s]100%|██████████| 14.1M/14.1M [00:00<00:00, 62.6MB/s]

[2026-05-10 22:15:53.807] [info]  Extracted zip file to /Users/runner/Documents/ComfyUI/custom_nodes/ComfyUI-SAM3DBody

[2026-05-10 22:15:53.812] [info]  Install: pip packages

[2026-05-10 22:15:53.938] [info]  
## ComfyUI-Manager: EXECUTE => 
['/Users/runner/Documents/ComfyUI/.venv/bin/python', '-m', 'uv', 'pip', 
'install', 'comfy-env==0.3.82']

[2026-05-10 22:15:54.006] [error] [!] 
[2026-05-10 22:15:54.007] [error] Using Python 3.12.11 environment at: /Users/runner/Documents/ComfyUI/.venv

[2026-05-10 22:15:54.194] [error] [!] Resolved 16 packages in 159ms

[2026-05-10 22:15:54.218] [error] [!] Downloading virtualenv (7.2MiB)

[2026-05-10 22:15:54.335] [error] [!]  Downloaded virtualenv

[2026-05-10 22:15:54.338] [error] [!] Prepared 12 packages in 133ms

[2026-05-10 22:15:54.344] [error] [!] Uninstalled 1 package in 6ms

[2026-05-10 22:15:54.398] [error] [!] 
[2026-05-10 22:15:54.402] [error] Installed 12 packages in 52ms

[2026-05-10 22:15:54.403] [error] [!]  + cfgv==3.5.0
[!]  + comfy-env==0.3.82
[!]  + distlib==0.4.0
[!]  - filelock==3.20.3
[!]  + filelock==3.29.0

[2026-05-10 22:15:54.404] [error] [!]  + identify==2.6.19
[!]
[2026-05-10 22:15:54.405] [error]   + nodeenv==1.10.0
[!]  + platformdirs==4.9.6
[!]  + pre-commit==4.6.0
[!]  + python-discovery==1.3.0
[!]  + tomli==2.4.1
[!]  + tomli-w==1.2.0
[!]  + virtualenv==21.3.1

[2026-05-10 22:15:54.416] [info]  
## ComfyUI-Manager: EXECUTE => 
['/Users/runner/Documents/ComfyUI/.venv/bin/python', '-m', 'uv', 'pip', 
'install', 'comfy-3d-viewers==0.2.44']

[2026-05-10 22:15:54.531] [error] [!] Using Python 3.12.11 environment at: /Users/runner/Documents/ComfyUI/.venv

[2026-05-10 22:15:54.693] [error] [!] Resolved 1 package in 128ms

[2026-05-10 22:15:54.698] [error] [!] Downloading comfy-3d-viewers (1.2MiB)

[2026-05-10 22:15:54.754] [error] [!]  Downloaded comfy-3d-viewers

[2026-05-10 22:15:54.758] [error] [!] Prepared 1 package in 89ms

[2026-05-10 22:15:54.784] [error] [!] Installed 1 package in 24ms
[!]  + comfy-3d-viewers==0.2.44

[2026-05-10 22:15:54.849] [info]  [ComfyUI-Manager] Skipped fixing the 'comfyui-frontend-package' dependency because the ComfyUI is outdated.

[2026-05-10 22:15:54.850] [info]  Install: install script

[2026-05-10 22:15:54.850] [info]  
## ComfyUI-Manager: EXECUTE => 
['/Users/runner/Documents/ComfyUI/.venv/bin/python', 'install.py']

[2026-05-10 22:15:55.090] [info]   
 Installing 3 node dependencies...
   Cloning ComfyUI-Multiband...

[2026-05-10 22:15:55.631] [info]     Installing requirements for ComfyUI-Multiband...

[2026-05-10 22:15:55.770] [info]     Cloning ComfyUI-DepthAnythingV3...

[2026-05-10 22:15:56.659] [info]     Installing requirements for ComfyUI-DepthAnythingV3...

[2026-05-10 22:15:56.679] [info]   
[2026-05-10 22:15:56.680] [info]    Running install.py for ComfyUI-DepthAnythingV3...

[2026-05-10 22:15:56.812] [info]   
[2026-05-10 22:15:56.813] [info]  
 
[2026-05-10 22:15:56.814] [info]  Installing 3 node dependencies...

[2026-05-10 22:15:56.814] [info]     Cloning ComfyUI-VideoHelperSuite...

[2026-05-10 22:15:57.273] [info]   
[2026-05-10 22:15:57.275] [info]    Installing requirements for ComfyUI-VideoHelperSuite...

[2026-05-10 22:15:58.377] [info]     Cloning ComfyUI-KJNodes...

[2026-05-10 22:15:59.619] [info]     Installing requirements for ComfyUI-KJNodes...

[2026-05-10 22:16:01.243] [info]   
[2026-05-10 22:16:01.244] [info]    Cloning ComfyUI-GeometryPack...

[2026-05-10 22:16:03.086] [info]   
[2026-05-10 22:16:03.088] [info]    Installing requirements for ComfyUI-GeometryPack...

[2026-05-10 22:16:03.617] [info]   
[2026-05-10 22:16:03.634] [info]    Running install.py for ComfyUI-GeometryPack...

[2026-05-10 22:16:03.812] [error] [!] 
[2026-05-10 22:16:03.813] [error] [comfy-env] pixi not found, downloading...

[2026-05-10 22:16:04.538] [error] [!] [comfy-env] pixi installed: /Users/runner/.pixi/bin/pixi

[2026-05-10 22:16:04.540] [info]   [comfy-env] _discover: scanning /Users/runner/Documents/ComfyUI/custom_nodes

[2026-05-10 22:16:04.546] [info]   [comfy-env] _discover: ComfyUI-DepthAnythingV3 -> depthanythingv3-nodes (custom_nodes/ComfyUI-DepthAnythingV3/nodes/comfy-env.toml)

[2026-05-10 22:16:04.551] [info]   [comfy-env] _discover: ComfyUI-GeometryPack -> geometrypack-nodes (custom_nodes/ComfyUI-GeometryPack/nodes/comfy-env.toml)

[2026-05-10 22:16:04.554] [info]   [comfy-env] _discover: ComfyUI-KJNodes: no comfy-env.toml found

[2026-05-10 22:16:04.556] [info]   [comfy-env] _discover: ComfyUI-Multiband: no comfy-env.toml found

[2026-05-10 22:16:04.557] [info]   [comfy-env] _discover: ComfyUI-SAM3DBody -> sam3dbody-nodes (custom_nodes/ComfyUI-SAM3DBody/nodes/comfy-env.toml)

[2026-05-10 22:16:04.560] [info]   [comfy-env] _discover: ComfyUI-VideoHelperSuite: no comfy-env.toml found

[2026-05-10 22:16:04.562] [info]   [comfy-env] Workspace: /Users/runner/.ce
 [comfy-env] ComfyUI: /Users/runner/Documents/ComfyUI
 [comfy-env] Found 3 node config(s):
   - depthanythingv3-nodes <- custom_nodes/ComfyUI-DepthAnythingV3/nodes/comfy-env.toml (python=host)
   - geometrypack-nodes <- custom_nodes/ComfyUI-GeometryPack/nodes/comfy-env.toml (python=host)
   - sam3dbody-nodes <- custom_nodes/ComfyUI-SAM3DBody/nodes/comfy-env.toml (python=host)

[2026-05-10 22:16:04.565] [info]   [comfy-env] Bootstrap interpreter has python 3.12 + torch 2.10.0 (cpu). Looking for cuda-only wheels matching cpu/torch2.10/cp312.
 [comfy-env] Desktop app detected: source=/Users/runner/.comfy-test-cache/desktop/ComfyUI.app/Contents/Resources/ComfyUI, data=/Users/runner/Documents/ComfyUI

[2026-05-10 22:16:04.583] [info]   Generated /Users/runner/.ce/pixi.toml
 [comfy-env] Installing 3 environment(s):
   - depthanythingv3-nodes (python=host, 10 pypi deps, 2 cuda wheels)
   - geometrypack-nodes (python=host, 14 pypi deps, 1 cuda wheels)
   - sam3dbody-nodes (python=host, 11 pypi deps, 6 cuda wheels)
 [comfy-env] Running `pixi install -e depthanythingv3-nodes -e geometrypack-nodes -e sam3dbody-nodes`...

[2026-05-10 22:16:11.593] [info]  FETCH ComfyRegistry Data [DONE]

[2026-05-10 22:16:11.845] [info]  [ComfyUI-Manager] default cache updated: https://api.comfy.org/nodes

[2026-05-10 22:16:11.867] [info]  FETCH DATA from: /Users/runner/Documents/ComfyUI/user/__manager/cache/1514988643_custom-node-list.json
[2026-05-10 22:16:11.891] [info]   [DONE]

[2026-05-10 22:16:11.939] [info]  [ComfyUI-Manager] All startup tasks have been completed.

[2026-05-10 22:16:15.074] [info]      WARN Skipped running the post-link scripts because `run-post-link-scripts` = `false`
   	- bin/.librsvg-pre-unlink.sh
   To enable them, run:
   	pixi config set --local run-post-link-scripts insecure
   More info:
   	https://pixi.sh/latest/reference/pixi_configuration/#run-post-link-scripts

[2026-05-10 22:16:42.190] [info]      WARN Skipped running the post-link scripts because `run-post-link-scripts` = `false`

[2026-05-10 22:16:42.196] [info]     	- bin/.librsvg-pre-unlink.sh
   To enable them, run:
   	pixi config set --local run-post-link-scripts insecure
   More info:
   	https://pixi.sh/latest/reference/pixi_configuration/#run-post-link-scripts

[2026-05-10 22:16:46.166] [info]   
[2026-05-10 22:16:46.167] [info]     WARN Skipped running the post-link scripts because `run-post-link-scripts` = `false`
   	- bin/.librsvg-pre-unlink.sh
   To enable them, run:

[2026-05-10 22:16:46.171] [info]     	pixi config set --local run-post-link-scripts insecure
   More info:
   	https://pixi.sh/latest/reference/pixi_configuration/#run-post-link-scripts

[2026-05-10 22:16:51.749] [info]   
[2026-05-10 22:16:51.752] [info]    ✔ The following environments have been installed: depthanythingv3-nodes, geometrypack-nodes, sam3dbody-nodes.

[2026-05-10 22:16:51.886] [info]   
[2026-05-10 22:16:51.887] [info]  [comfy-env] depthanythingv3-nodes: deduped libomp

[2026-05-10 22:16:51.954] [info]   [comfy-env] geometrypack-nodes: deduped libomp

[2026-05-10 22:16:51.964] [info]   
[2026-05-10 22:16:51.966] [info]  [comfy-env] sam3dbody-nodes: deduped libomp
 [comfy-env] Install log: /Users/runner/.ce/install.log
 
 Installation complete!

[2026-05-10 22:16:52.024] [info]   
 [requirements] Re-installing main package requirements...

[2026-05-10 22:16:52.026] [info]     Installing requirements for ComfyUI-DepthAnythingV3...

[2026-05-10 22:16:52.156] [info]   [comfy-env] _discover: scanning /Users/runner/Documents/ComfyUI/custom_nodes

[2026-05-10 22:16:52.161] [info]   
[2026-05-10 22:16:52.162] [info]  [comfy-env] _discover: ComfyUI-DepthAnythingV3 -> depthanythingv3-nodes (custom_nodes/ComfyUI-DepthAnythingV3/nodes/comfy-env.toml)

[2026-05-10 22:16:52.168] [info]   [comfy-env] _discover: ComfyUI-GeometryPack -> geometrypack-nodes (custom_nodes/ComfyUI-GeometryPack/nodes/comfy-env.toml)

[2026-05-10 22:16:52.174] [info]   
[2026-05-10 22:16:52.175] [info]  [comfy-env] _discover: ComfyUI-KJNodes: no comfy-env.toml found

[2026-05-10 22:16:52.177] [info]   
[2026-05-10 22:16:52.178] [info]  [comfy-env] _discover: ComfyUI-Multiband: no comfy-env.toml found

[2026-05-10 22:16:52.181] [info]   
[2026-05-10 22:16:52.182] [info]  [comfy-env] _discover: ComfyUI-SAM3DBody -> sam3dbody-nodes (custom_nodes/ComfyUI-SAM3DBody/nodes/comfy-env.toml)

[2026-05-10 22:16:52.187] [info]   [comfy-env] _discover: ComfyUI-VideoHelperSuite: no comfy-env.toml found

[2026-05-10 22:16:52.189] [info]   [comfy-env] Workspace: /Users/runner/.ce
 [comfy-env] ComfyUI: /Users/runner/Documents/ComfyUI
 [comfy-env] Found 3 node config(s):
   - depthanythingv3-nodes <- custom_nodes/ComfyUI-DepthAnythingV3/nodes/comfy-env.toml (python=host)
   - geometrypack-nodes <- custom_nodes/ComfyUI-GeometryPack/nodes/comfy-env.toml (python=host)
   - sam3dbody-nodes <- custom_nodes/ComfyUI-SAM3DBody/nodes/comfy-env.toml (python=host)

[2026-05-10 22:16:52.196] [info]   [comfy-env] Bootstrap interpreter has python 3.12 + torch 2.10.0 (cpu). Looking for cuda-only wheels matching cpu/torch2.10/cp312.

[2026-05-10 22:16:52.200] [info]   [comfy-env] Desktop app detected: source=/Users/runner/.comfy-test-cache/desktop/ComfyUI.app/Contents/Resources/ComfyUI, data=/Users/runner/Documents/ComfyUI

[2026-05-10 22:16:52.213] [info]   Generated /Users/runner/.ce/pixi.toml
 [comfy-env] Installing 3 environment(s):
   - depthanythingv3-nodes (python=host, 10 pypi deps, 2 cuda wheels)
   - geometrypack-nodes (python=host, 14 pypi deps, 1 cuda wheels)
   - sam3dbody-nodes (python=host, 11 pypi deps, 6 cuda wheels)
 [comfy-env] Running `pixi install -e depthanythingv3-nodes -e geometrypack-nodes -e sam3dbody-nodes`...

[2026-05-10 22:16:52.361] [info]     ✔ The following environments have been installed: depthanythingv3-nodes, geometrypack-nodes, sam3dbody-nodes.

[2026-05-10 22:16:52.410] [info]   
[2026-05-10 22:16:52.411] [info]  [comfy-env] depthanythingv3-nodes: deduped libomp

[2026-05-10 22:16:52.423] [info]   [comfy-env] geometrypack-nodes: deduped libomp

[2026-05-10 22:16:52.432] [info]   
[2026-05-10 22:16:52.436] [info]  [comfy-env] sam3dbody-nodes: deduped libomp
 [comfy-env] Install log: /Users/runner/.ce/install.log
 
 Installation complete!

[2026-05-10 22:16:52.472] [info]     ComfyUI-VideoHelperSuite: exists

[2026-05-10 22:16:52.475] [info]     ComfyUI-KJNodes: exists
   ComfyUI-GeometryPack: exists
   Cloning ComfyUI-CameraPack...

[2026-05-10 22:16:52.998] [info]   

[2026-05-10 22:16:52.999] [info]   [requirements] Re-installing main package requirements...
   Installing requirements for ComfyUI-SAM3DBody...

[2026-05-10 22:16:53.041] [info]   [comfy-env] _discover: scanning /Users/runner/Documents/ComfyUI/custom_nodes

[2026-05-10 22:16:53.043] [info]   [comfy-env] _discover: ComfyUI-CameraPack: no comfy-env.toml found

[2026-05-10 22:16:53.045] [info]   [comfy-env] _discover: ComfyUI-DepthAnythingV3 -> depthanythingv3-nodes (custom_nodes/ComfyUI-DepthAnythingV3/nodes/comfy-env.toml)

[2026-05-10 22:16:53.052] [info]   [comfy-env] _discover: ComfyUI-GeometryPack -> geometrypack-nodes (custom_nodes/ComfyUI-GeometryPack/nodes/comfy-env.toml)

[2026-05-10 22:16:53.055] [info]   [comfy-env] _discover: ComfyUI-KJNodes: no comfy-env.toml found
 [comfy-env] _discover: ComfyUI-Multiband: no comfy-env.toml found
 [comfy-env] _discover: ComfyUI-SAM3DBody -> sam3dbody-nodes (custom_nodes/ComfyUI-SAM3DBody/nodes/comfy-env.toml)

[2026-05-10 22:16:53.057] [info]   [comfy-env] _discover: ComfyUI-VideoHelperSuite: no comfy-env.toml found

[2026-05-10 22:16:53.061] [info]   [comfy-env] Workspace: /Users/runner/.ce
 [comfy-env] ComfyUI: /Users/runner/Documents/ComfyUI
 [comfy-env] Found 3 node config(s):
   - depthanythingv3-nodes <- custom_nodes/ComfyUI-DepthAnythingV3/nodes/comfy-env.toml (python=host)
   - geometrypack-nodes <- custom_nodes/ComfyUI-GeometryPack/nodes/comfy-env.toml (python=host)
   - sam3dbody-nodes <- custom_nodes/ComfyUI-SAM3DBody/nodes/comfy-env.toml (python=host)

[2026-05-10 22:16:53.065] [info]   [comfy-env] Bootstrap interpreter has python 3.12 + torch 2.10.0 (cpu). Looking for cuda-only wheels matching cpu/torch2.10/cp312.

[2026-05-10 22:16:53.067] [info]   [comfy-env] Desktop app detected: source=/Users/runner/.comfy-test-cache/desktop/ComfyUI.app/Contents/Resources/ComfyUI, data=/Users/runner/Documents/ComfyUI

[2026-05-10 22:16:53.073] [info]   Generated /Users/runner/.ce/pixi.toml
 [comfy-env] Installing 3 environment(s):
   - depthanythingv3-nodes (python=host, 10 pypi deps, 2 cuda wheels)
   - geometrypack-nodes (python=host, 14 pypi deps, 1 cuda wheels)

[2026-05-10 22:16:53.074] [info]     - sam3dbody-nodes (python=host, 11 pypi deps, 6 cuda wheels)
 [comfy-env] Running `pixi install -e depthanythingv3-nodes -e geometrypack-nodes -e sam3dbody-nodes`...

[2026-05-10 22:16:53.147] [info]     ✔ The following environments have been installed: depthanythingv3-nodes, geometrypack-nodes, sam3dbody-nodes.

[2026-05-10 22:16:53.158] [info]   [comfy-env] depthanythingv3-nodes: deduped libomp

[2026-05-10 22:16:53.173] [info]   [comfy-env] geometrypack-nodes: deduped libomp

[2026-05-10 22:16:53.212] [info]   [comfy-env] sam3dbody-nodes: deduped libomp
 [comfy-env] Install log: /Users/runner/.ce/install.log
 
 Installation complete!

[2026-05-10 22:16:54.539] [info]  
Restarting... [Legacy Mode]


Command: ['/Users/runner/Documents/ComfyUI/.venv/bin/python', '/Users/runner/.comfy-test-cache/desktop/ComfyUI.app/Contents/Resources/ComfyUI/main.py', '--user-directory', '/Users/runner/Documents/ComfyUI/user', '--input-directory', '/Users/runner/Documents/ComfyUI/input', '--output-directory', '/Users/runner/Documents/ComfyUI/output', '--front-end-root', '/Users/runner/.comfy-test-cache/desktop/ComfyUI.app/Contents/Resources/ComfyUI/web_custom_versions/desktop_app', '--base-directory', '/Users/runner/Documents/ComfyUI', '--database-url', 'sqlite:////Users/runner/Documents/ComfyUI/user/comfyui.db', '--extra-model-paths-config', '/Users/runner/Library/Application Support/ComfyUI/extra_models_config.yaml', '--log-stdout', '--listen', '127.0.0.1', '--port', '8000', '--enable-manager']

[2026-05-10 22:16:54.610] [error] /Users/runner/.local/share/uv/python/cpython-3.12.11-macos-aarch64-none/lib/python3.12/multiprocessing/resource_tracker.py:279: UserWarning: resource_tracker: There appear to be 1 leaked semaphore objects to clean up at shutdown
  warnings.warn('resource_tracker: There appear to be %d '

[2026-05-10 22:16:55.267] [info]  setup plugin alembic.autogenerate.schemas
setup plugin alembic.autogenerate.tables
setup plugin alembic.autogenerate.types
setup plugin alembic.autogenerate.constraints

[2026-05-10 22:16:55.268] [info]  setup plugin alembic.autogenerate.defaults

[2026-05-10 22:16:55.269] [info]  setup plugin alembic.autogenerate.comments

[2026-05-10 22:16:55.330] [info]  comfy-aimdo os not supported Darwin
NOTE: comfy-aimdo is currently only support for Windows and Linux

[2026-05-10 22:16:55.472] [info]  Adding extra search path custom_nodes /Users/runner/Documents/ComfyUI/custom_nodes
Adding extra search path download_model_base /Users/runner/Documents/ComfyUI/models

[2026-05-10 22:16:55.473] [info]  Adding extra search path custom_nodes /Users/runner/.comfy-test-cache/desktop/ComfyUI.app/Contents/Resources/ComfyUI/custom_nodes
Setting output directory to: /Users/runner/Documents/ComfyUI/output
Setting input directory to: /Users/runner/Documents/ComfyUI/input
Setting user directory to: /Users/runner/Documents/ComfyUI/user

[2026-05-10 22:16:55.739] [info]  [START] Security scan
[ComfyUI-Manager] Using uv as Python module for pip operations.

[2026-05-10 22:16:55.810] [info]  [DONE] Security scan
** ComfyUI startup time: 2026-05-10 22:16:55.810
** Platform:
[2026-05-10 22:16:55.811] [info]   Darwin
** Python version: 3.12.11 (main, Aug 18 2025, 19:02:39) [Clang 20.1.4 ]
** Python executable: /Users/runner/Documents/ComfyUI/.venv/bin/python
** ComfyUI Path: /Users/runner/.comfy-test-cache/desktop/ComfyUI.app/Contents/Resources/ComfyUI
** ComfyUI Base Folder Path: /Users/runner/.comfy-test-cache/desktop/ComfyUI.app/Contents/Resources/ComfyUI
** User directory: /Users/runner/Documents/ComfyUI/user
** ComfyUI-Manager config path: /Users/runner/Documents/ComfyUI/user/__manager/config.ini
** Log path: /Users/runner/Documents/ComfyUI/user/comfyui.log

[2026-05-10 22:16:55.882] [info]  [ComfyUI-Manager] Skipped fixing the 'comfyui-frontend-package' dependency because the ComfyUI is outdated.

[2026-05-10 22:16:55.883] [info]  [PRE] ComfyUI-Manager

[2026-05-10 22:16:56.108] [error] [comfy-env] ComfyUI-DepthAnythingV3: 1 isolation env(s):
[2026-05-10 22:16:56.109] [error] 
[comfy-env]   nodes -> /Users/runner/Documents/ComfyUI/custom_nodes/ComfyUI-DepthAnythingV3/nodes

[2026-05-10 22:16:57.194] [error] [comfy-env] prestartup complete

[2026-05-10 22:16:57.372] [error] [comfy-env] ComfyUI-SAM3DBody: 1 isolation env(s):
[comfy-env]   nodes -> /Users/runner/Documents/ComfyUI/custom_nodes/ComfyUI-SAM3DBody/nodes
[comfy-env] prestartup complete

[2026-05-10 22:16:57.447] [error] [comfy-env] ComfyUI-GeometryPack: 1 isolation env(s):

[2026-05-10 22:16:57.448] [error] [comfy-env]   nodes -> /Users/runner/Documents/ComfyUI/custom_nodes/ComfyUI-GeometryPack/nodes

[2026-05-10 22:16:57.451] [error] [comfy-env] prestartup complete
[2026-05-10 22:16:57.452] [error] 

[2026-05-10 22:16:57.783] [info]  WARNING: Potential Error in code: Torch already imported, torch should never be imported before this point.

[2026-05-10 22:16:58.981] [info]  Found comfy_kitchen backend triton: {'available': False, 'disabled': True, 'unavailable_reason': "ImportError: No module named 'triton'", 'capabilities': []}
Found comfy_kitchen backend eager: {'available': True, 'disabled': False, 'unavailable_reason': None, 'capabilities': ['apply_rope', 'apply_rope1', 'dequantize_mxfp8', 'dequantize_nvfp4', 'dequantize_per_tensor_fp8', 'quantize_mxfp8', 'quantize_nvfp4', 'quantize_per_tensor_fp8', 'scaled_mm_mxfp8', 'scaled_mm_nvfp4']}

[2026-05-10 22:16:58.982] [info]  Found comfy_kitchen backend cuda: {'available': False, 'disabled': True, 'unavailable_reason': 'Extension file not found: /Users/runner/Documents/ComfyUI/.venv/lib/python3.12/site-packages/comfy_kitchen/backends/cuda/_C.abi3.so', 'capabilities': []}

[2026-05-10 22:16:58.988] [info]  Checkpoint files will always be loaded safely.

[2026-05-10 22:16:59.010] [info]  Total VRAM 7168 MB, total RAM 7168 MB
pytorch version: 2.10.0

[2026-05-10 22:16:59.023] [info]  Mac Version (15, 7, 4)

[2026-05-10 22:16:59.024] [info]  Set vram state to: SHARED
Device: mps

[2026-05-10 22:16:59.425] [info]  Using sub quadratic optimization for attention, if you have memory or speed issues try using: --use-split-cross-attention

[2026-05-10 22:17:00.159] [error] objc[41443]: Class AVFFrameReceiver is implemented in both /Users/runner/Documents/ComfyUI/.venv/lib/python3.12/site-packages/av/.dylibs/libavdevice.62.1.100.dylib (0x10fc143a8) and /Users/runner/Documents/ComfyUI/.venv/lib/python3.12/site-packages/cv2/.dylibs/libavdevice.61.3.100.dylib (0x115d8c3a8). This may cause spurious casting failures and mysterious crashes. One of the duplicates must be removed or renamed.

[2026-05-10 22:17:00.160] [error] objc[41443]: Class AVFAudioReceiver is implemented in both /Users/runner/Documents/ComfyUI/.venv/lib/python3.12/site-packages/av/.dylibs/libavdevice.62.1.100.dylib (0x10fc143f8) and /Users/runner/Documents/ComfyUI/.venv/lib/python3.12/site-packages/cv2/.dylibs/libavdevice.61.3.100.dylib (0x115d8c3f8). This may cause spurious casting failures and mysterious crashes. One of the duplicates must be removed or renamed.

[2026-05-10 22:17:02.754] [info]  Python version: 3.12.11 (main, Aug 18 2025, 19:02:39) [Clang 20.1.4 ]
ComfyUI version: 0.20.1

[2026-05-10 22:17:02.755] [info]  comfy-aimdo version: 0.2.14
comfy-kitchen version: 0.2.8

[2026-05-10 22:17:02.756] [info]  [Prompt Server] web root: /Users/runner/.comfy-test-cache/desktop/ComfyUI.app/Contents/Resources/ComfyUI/web_custom_versions/desktop_app

[2026-05-10 22:17:02.756] [info]  Asset seeder disabled

[2026-05-10 22:17:02.757] [info]  [START] ComfyUI-Manager

[2026-05-10 22:17:02.840] [info]  [ComfyUI-Manager] Using GitPython backend

[2026-05-10 22:17:02.871] [info]  [ComfyUI-Manager] network_mode: public

[2026-05-10 22:17:02.874] [info]  [ComfyUI-Manager] The matrix sharing feature has been disabled because the `matrix-nio` dependency is not installed.
	To use this feature, please run the following command:
	/Users/runner/Documents/ComfyUI/.venv/bin/python -m pip install matrix-nio


[2026-05-10 22:17:03.837] [error] [comfy-env] Version: 0.3.82
[2026-05-10 22:17:03.838] [error] 

[2026-05-10 22:17:03.983] [error] [comfy-env] register_nodes: ComfyUI-DepthAnythingV3

[2026-05-10 22:17:03.984] [error] [comfy-env] ComfyUI source dir: /Users/runner/.comfy-test-cache/desktop/ComfyUI.app/Contents/Resources/ComfyUI
[2026-05-10 22:17:03.985] [error] 

[2026-05-10 22:17:03.989] [error] [comfy-env] Scanning nodes metadata (isolation root)...

[2026-05-10 22:17:09.116] [error] [comfy-env] Scanned nodes: 15 nodes (5.1s)
[2026-05-10 22:17:09.117] [error] 
[comfy-env] Scanned nodes root: 15 nodes (5.1s)

[2026-05-10 22:17:09.118] [error] [comfy-env] Imported nodes root: 15 nodes (isolation)
[comfy-env] Registered 15 total nodes

[2026-05-10 22:17:09.264] [error] [comfy-env] Version: 0.3.82

[2026-05-10 22:17:09.285] [error] [comfy-env] register_nodes: ComfyUI-SAM3DBody

[2026-05-10 22:17:09.288] [error] [comfy-env] ComfyUI source dir: /Users/runner/.comfy-test-cache/desktop/ComfyUI.app/Contents/Resources/ComfyUI
[2026-05-10 22:17:09.289] [error] 

[2026-05-10 22:17:09.292] [error] [comfy-env] Scanning nodes metadata (isolation root)...

[2026-05-10 22:17:13.734] [error] [comfy-env] Scanned nodes: 15 nodes (4.4s)
[2026-05-10 22:17:13.736] [error] 

[2026-05-10 22:17:13.737] [error] [comfy-env] Scanned nodes root: 15 nodes (4.4s)
[2026-05-10 22:17:13.738] [error] 
[comfy-env] Imported nodes root: 15 nodes (isolation)
[comfy-env] Registered 15 total nodes

[2026-05-10 22:17:13.832] [info]  loading...

[2026-05-10 22:17:13.833] [info]  calling register_nodes

[2026-05-10 22:17:13.834] [error] [comfy-env] Version: 0.3.82

[2026-05-10 22:17:13.855] [error] [comfy-env] register_nodes: ComfyUI-GeometryPack

[2026-05-10 22:17:13.859] [error] [comfy-env] ComfyUI source dir: /Users/runner/.comfy-test-cache/desktop/ComfyUI.app/Contents/Resources/ComfyUI
[2026-05-10 22:17:13.860] [error] 

[2026-05-10 22:17:13.871] [error] [comfy-env] Scanning nodes metadata (isolation root)...
[2026-05-10 22:17:13.872] [error] 

[2026-05-10 22:17:23.433] [error] [comfy-env] Scanned nodes: 125 nodes (9.5s)
[2026-05-10 22:17:23.434] [error] 
[comfy-env] Scanned nodes root: 125 nodes (9.6s)

[2026-05-10 22:17:23.648] [error] [comfy-env] Imported nodes root: 125 nodes (isolation)
[2026-05-10 22:17:23.648] [error] 
[comfy-env] Registered 125 total nodes

[2026-05-10 22:17:23.876] [info]  ComfyUI-Multiband loaded: 15 nodes registered
[2026-05-10 22:17:23.878] [info]  

[2026-05-10 22:17:23.882] [info]  
Import times for custom nodes:

[2026-05-10 22:17:23.882] [info]     0.0 seconds: /Users/runner/.comfy-test-cache/desktop/ComfyUI.app/Contents/Resources/ComfyUI/custom_nodes/websocket_image_save.py
   0.0 seconds: /Users/runner/Documents/ComfyUI/custom_nodes/ComfyUI-CameraPack
   0.1 seconds: /Users/runner/Documents/ComfyUI/custom_nodes/ComfyUI-VideoHelperSuite
   0.1 seconds: /Users/runner/Documents/ComfyUI/custom_nodes/ComfyUI-KJNodes
   0.2 seconds: /Users/runner/Documents/ComfyUI/custom_nodes/ComfyUI-Multiband
   4.5 seconds: /Users/runner/Documents/ComfyUI/custom_nodes/ComfyUI-SAM3DBody
   5.3 seconds: /Users/runner/Documents/ComfyUI/custom_nodes/ComfyUI-DepthAnythingV3
   9.8 seconds: /Users/runner/Documents/ComfyUI/custom_nodes/ComfyUI-GeometryPack


[2026-05-10 22:17:23.889] [info]  Context impl SQLiteImpl.

[2026-05-10 22:17:23.890] [info]  Will assume non-transactional DDL.

[2026-05-10 22:17:23.995] [info]  Starting server


[2026-05-10 22:17:23.996] [info]  To see the GUI go to: http://127.0.0.1:8000

[2026-05-10 22:17:25.096] [info]  [ComfyUI-Manager] The ComfyRegistry cache update is still in progress, so an outdated cache is being used.

[2026-05-10 22:17:25.146] [info]  FETCH DATA from: /Users/runner/Documents/ComfyUI/.venv/lib/python3.12/site-packages/comfyui_manager/custom-node-list.json
[2026-05-10 22:17:25.164] [info]   [DONE]

[2026-05-10 22:17:32.094] [info]  [DEPRECATION WARNING] Detected import of deprecated legacy API: /extensions/core/widgetInputs.js. This is likely caused by a custom node extension using outdated APIs. Please update your extensions or contact the extension author for an updated version.

[2026-05-10 22:17:32.097] [info]  [ComfyUI-Manager] The ComfyRegistry cache update is still in progress, so an outdated cache is being used.

[2026-05-10 22:17:32.150] [info]  FETCH DATA from: /Users/runner/Documents/ComfyUI/.venv/lib/python3.12/site-packages/comfyui_manager/custom-node-list.json
[2026-05-10 22:17:32.165] [info]   [DONE]
[2026-05-10 22:17:32.166] [info]  

[2026-05-10 22:17:37.532] [info]  [ComfyUI-Manager] The ComfyRegistry cache update is still in progress, so an outdated cache is being used.

[2026-05-10 22:17:37.575] [info]  FETCH DATA from: /Users/runner/Documents/ComfyUI/.venv/lib/python3.12/site-packages/comfyui_manager/custom-node-list.json
[2026-05-10 22:17:37.587] [info]   [DONE]

[2026-05-10 22:17:59.136] [info]  got prompt

[2026-05-10 22:17:59.155] [info]  [ComfyUI-SAM3DBody] python: /Users/runner/.ce/.pixi/envs/sam3dbody-nodes/bin/python
[ComfyUI-SAM3DBody] sys_path sent to worker: ['/Users/runner/.comfy-test-cache/desktop/ComfyUI.app/Contents/Resources/ComfyUI', '/Users/runner/Documents/ComfyUI/custom_nodes/ComfyUI-SAM3DBody', '/Users/runner/.ce/.pixi/envs/sam3dbody-nodes/lib/python3.1/site-packages', '/Users/runner/Documents/ComfyUI/custom_nodes/ComfyUI-SAM3DBody']

[2026-05-10 22:18:00.566] [error] [worker:ComfyUI-SAM3DBody] ERROR: Failed to import comfy_kitchen, Error: No module named 'comfy_kitchen', fp8 and fp4 support will not be available.

[2026-05-10 22:18:01.030] [error] objc[47503]: Class AVFFrameReceiver is implemented in both /Users/runner/.ce/.pixi/envs/sam3dbody-nodes/lib/libavdevice.62.3.101.dylib (0x110f207a8) and /Users/runner/.ce/.pixi/envs/sam3dbody-nodes/lib/python3.12/site-packages/cv2/.dylibs/libavdevice.61.3.100.dylib (0x125b703a8). This may cause spurious casting failures and mysterious crashes. One of the duplicates must be removed or renamed.

[2026-05-10 22:18:01.031] [error] objc[47503]: Class AVFAudioReceiver is implemented in both /Users/runner/.ce/.pixi/envs/sam3dbody-nodes/lib/libavdevice.62.3.101.dylib (0x110f207f8) and /Users/runner/.ce/.pixi/envs/sam3dbody-nodes/lib/python3.12/site-packages/cv2/.dylibs/libavdevice.61.3.100.dylib (0x125b703f8). This may cause spurious casting failures and mysterious crashes. One of the duplicates must be removed or renamed.

[2026-05-10 22:18:01.047] [error] [ComfyUI-SAM3DBody] Health check: ping (timeout=5.0s)...
[2026-05-10 22:18:01.051] [error] 
[ComfyUI-SAM3DBody] Health check: ok

[2026-05-10 22:18:01.056] [info]  Prompt executed in 1.92 seconds

