[2026-05-08 04:27:36.492] [info]  setup plugin alembic.autogenerate.schemas
setup plugin alembic.autogenerate.tables
setup plugin alembic.autogenerate.types
setup plugin alembic.autogenerate.constraints
setup plugin alembic.autogenerate.defaults
setup plugin alembic.autogenerate.comments

[2026-05-08 04:27:36.692] [info]  comfy-aimdo os not supported Darwin
NOTE: comfy-aimdo is currently only support for Windows and Linux

[2026-05-08 04:27:37.039] [info]  Adding extra search path custom_nodes /Users/runner/Documents/ComfyUI/custom_nodes
Adding extra search path download_model_base /Users/runner/Documents/ComfyUI/models
Adding extra search path custom_nodes /Users/runner/work/comfy-gpu-ci/comfy-gpu-ci/ComfyUI.app/Contents/Resources/ComfyUI/custom_nodes
Setting output directory to: /Users/runner/Documents/ComfyUI/output
Setting input directory to: /Users/runner/Documents/ComfyUI/input
Setting user directory to: /Users/runner/Documents/ComfyUI/user

[2026-05-08 04:27:38.835] [info]  [START] Security scan
[DONE] Security scan
** ComfyUI startup time: 2026-05-08 04:27:38.834
** Platform: 
[2026-05-08 04:27:38.837] [info]  Darwin
** Python version: 3.12.11 (main, Aug 18 2025, 19:02:39) [Clang 20.1.4 ]
** Python executable: /Users/runner/Documents/ComfyUI/.venv/bin/python
** ComfyUI Path: /Users/runner/work/comfy-gpu-ci/comfy-gpu-ci/ComfyUI.app/Contents/Resources/ComfyUI
** ComfyUI Base Folder Path: /Users/runner/work/comfy-gpu-ci/comfy-gpu-ci/ComfyUI.app/Contents/Resources/ComfyUI
** User directory: /Users/runner/Documents/ComfyUI/user
** ComfyUI-Manager config path: /Users/runner/Documents/ComfyUI/user/__manager/config.ini
** Log path: /Users/runner/Documents/ComfyUI/user/comfyui.log

[2026-05-08 04:27:39.632] [info]  [ComfyUI-Manager] Skipped fixing the 'comfyui-frontend-package' dependency because the ComfyUI is outdated.

[2026-05-08 04:27:39.637] [info]  [PRE] ComfyUI-Manager

[2026-05-08 04:27:49.528] [info]  Found comfy_kitchen backend triton: {'available': False, 'disabled': True, 'unavailable_reason': "ImportError: No module named 'triton'", 'capabilities': []}
Found comfy_kitchen backend cuda: {'available': False, 'disabled': True, 'unavailable_reason': 'Extension file not found: /Users/runner/Documents/ComfyUI/.venv/lib/python3.12/site-packages/comfy_kitchen/backends/cuda/_C.abi3.so', 'capabilities': []}

[2026-05-08 04:27:49.539] [info]  Found comfy_kitchen backend eager: {'available': True, 'disabled': False, 'unavailable_reason': None, 'capabilities': ['apply_rope', 'apply_rope1', 'dequantize_mxfp8', 'dequantize_nvfp4', 'dequantize_per_tensor_fp8', 'quantize_mxfp8', 'quantize_nvfp4', 'quantize_per_tensor_fp8', 'scaled_mm_mxfp8', 'scaled_mm_nvfp4']}

[2026-05-08 04:27:49.620] [info]  Checkpoint files will always be loaded safely.

[2026-05-08 04:27:49.739] [info]  Total VRAM 7168 MB, total RAM 7168 MB
pytorch version: 2.10.0

[2026-05-08 04:27:49.748] [info]  Mac Version (15, 7, 4)

[2026-05-08 04:27:49.750] [info]  Set vram state to: SHARED
Device: mps

[2026-05-08 04:27:51.159] [info]  Using sub quadratic optimization for attention, if you have memory or speed issues try using: --use-split-cross-attention

[2026-05-08 04:27:58.581] [info]  Python version: 3.12.11 (main, Aug 18 2025, 19:02:39) [Clang 20.1.4 ]

[2026-05-08 04:27:58.588] [info]  ComfyUI version: 0.20.1

[2026-05-08 04:27:58.594] [info]  comfy-aimdo version: 0.2.14

[2026-05-08 04:27:58.596] [info]  comfy-kitchen version: 0.2.8

[2026-05-08 04:27:58.599] [info]  [Prompt Server] web root: /Users/runner/work/comfy-gpu-ci/comfy-gpu-ci/ComfyUI.app/Contents/Resources/ComfyUI/web_custom_versions/desktop_app

[2026-05-08 04:27:58.602] [info]  Asset seeder disabled
[START] ComfyUI-Manager

[2026-05-08 04:27:59.035] [info]  [ComfyUI-Manager] Using GitPython backend

[2026-05-08 04:27:59.144] [info]  [ComfyUI-Manager] network_mode: public

[2026-05-08 04:27:59.152] [info]  [ComfyUI-Manager] The matrix sharing feature has been disabled because the `matrix-nio` dependency is not installed.
	To use this feature, please run the following command:
	/Users/runner/Documents/ComfyUI/.venv/bin/python -m pip install matrix-nio


[2026-05-08 04:28:03.086] [info]  
Import times for custom nodes:

[2026-05-08 04:28:03.090] [info]     0.0 seconds: /Users/runner/work/comfy-gpu-ci/comfy-gpu-ci/ComfyUI.app/Contents/Resources/ComfyUI/custom_nodes/websocket_image_save.py


[2026-05-08 04:28:03.123] [info]  Context impl SQLiteImpl.

[2026-05-08 04:28:03.127] [info]  Will assume non-transactional DDL.

[2026-05-08 04:28:03.149] [info]  Context impl SQLiteImpl.

[2026-05-08 04:28:03.151] [info]  Will assume non-transactional DDL.

[2026-05-08 04:28:03.154] [info]  Running upgrade  -> 0001_assets, Initial assets schema
Revision ID: 0001_assets
Revises: None
Create Date: 2025-12-10 00:00:00

[2026-05-08 04:28:03.231] [info]  Running upgrade 0001_assets -> 0002_merge_to_asset_references, Merge AssetInfo and AssetCacheState into unified asset_references table.

[2026-05-08 04:28:03.276] [info]  Running upgrade 0002_merge_to_asset_references -> 0003_add_metadata_job_id, Add system_metadata and job_id columns to asset_references.
Change preview_id FK from assets.id to asset_references.id.

[2026-05-08 04:28:03.328] [info]  Database upgraded from None to 0003_add_metadata_job_id

[2026-05-08 04:28:03.447] [info]  Starting server


[2026-05-08 04:28:03.449] [info]  To see the GUI go to: http://127.0.0.1:8000

[2026-05-08 04:28:49.254] [info]  [ComfyUI-Manager] Using uv as Python module for pip operations.

[2026-05-08 04:28:50.448] [error]   0%|          | 0.00/14.1M [00:00<?, ?B/s]
[2026-05-08 04:28:50.551] [error]  21%|██▏       | 3.01M/14.1M [00:00<00:00, 29.9MB/s]
[2026-05-08 04:28:50.662] [error]  43%|████▎     | 6.03M/14.1M [00:00<00:00, 28.2MB/s]
[2026-05-08 04:28:50.762] [error]  65%|██████▌   | 9.18M/14.1M [00:00<00:00, 29.6MB/s]
[2026-05-08 04:28:50.862] [error]  91%|█████████ | 12.8M/14.1M [00:00<00:00, 32.3MB/s]
[2026-05-08 04:28:50.884] [error] 100%|██████████| 14.1M/14.1M [00:00<00:00, 32.4MB/s]

[2026-05-08 04:28:50.999] [info]  Extracted zip file to /Users/runner/Documents/ComfyUI/custom_nodes/ComfyUI-SAM3DBody

[2026-05-08 04:28:51.093] [info]  Install: pip packages

[2026-05-08 04:28:51.225] [info]  
## ComfyUI-Manager: EXECUTE => 
['/Users/runner/Documents/ComfyUI/.venv/bin/python', '-m', 'uv', 'pip', 
'install', 'comfy-env==0.3.69']

[2026-05-08 04:28:51.370] [error] [!]
[2026-05-08 04:28:51.371] [error]  Using Python 3.12.11 environment at: /Users/runner/Documents/ComfyUI/.venv

[2026-05-08 04:28:51.645] [error] [!] 
[2026-05-08 04:28:51.649] [error] Resolved 16 packages in 225ms

[2026-05-08 04:28:51.692] [error] [!] Downloading virtualenv (7.2MiB)

[2026-05-08 04:28:52.210] [error] [!]  Downloaded virtualenv
[!] Prepared 12 packages in 560ms

[2026-05-08 04:28:52.229] [error] [!] 
[2026-05-08 04:28:52.231] [error] Uninstalled 1 package in 18ms

[2026-05-08 04:28:52.254] [error] [!]
[2026-05-08 04:28:52.255] [error]  Installed 12 packages in 25ms

[2026-05-08 04:28:52.262] [error] [!]  + cfgv==3.5.0
[!]  + comfy-env==0.3.69
[!]  + distlib==0.4.0
[!]  - filelock==3.20.3
[!]  + filelock==3.29.0
[!]  + identify==2.6.19
[!]  + nodeenv==1.10.0
[!]
[2026-05-08 04:28:52.264] [error]   + platformdirs==4.9.6
[!]  + pre-commit==4.6.0
[!]  + python-discovery==1.3.0
[!]  + tomli==2.4.1
[!]  + tomli-w==1.2.0
[!]  + virtualenv==21.3.1

[2026-05-08 04:28:52.274] [info]  
## ComfyUI-Manager: EXECUTE => 
['/Users/runner/Documents/ComfyUI/.venv/bin/python', '-m', 'uv', 'pip', 
'install', 'comfy-3d-viewers==0.2.44']

[2026-05-08 04:28:52.351] [error] [!]
[2026-05-08 04:28:52.352] [error]  Using Python 3.12.11 environment at: /Users/runner/Documents/ComfyUI/.venv

[2026-05-08 04:28:52.396] [error] [!] Resolved 1 package in 33ms

[2026-05-08 04:28:52.402] [error] [!] Downloading comfy-3d-viewers (1.2MiB)

[2026-05-08 04:28:52.503] [error] [!]  Downloaded comfy-3d-viewers
[!] Prepared 1 package in 84ms

[2026-05-08 04:28:52.512] [error] [!] Installed 1 package in 29ms
[!]  + comfy-3d-viewers==0.2.44

[2026-05-08 04:28:52.659] [info]  [ComfyUI-Manager] Skipped fixing the 'comfyui-frontend-package' dependency because the ComfyUI is outdated.

[2026-05-08 04:28:52.661] [info]  Install: install script

[2026-05-08 04:28:52.663] [info]  
## ComfyUI-Manager: EXECUTE => 
['/Users/runner/Documents/ComfyUI/.venv/bin/python', 'install.py']

[2026-05-08 04:28:53.082] [info]   
[2026-05-08 04:28:53.085] [info]  
 Installing 3 node dependencies...
   Cloning ComfyUI-Multiband...

[2026-05-08 04:28:54.092] [info]     Installing requirements for ComfyUI-Multiband...

[2026-05-08 04:28:54.254] [info]     Cloning ComfyUI-DepthAnythingV3...

[2026-05-08 04:28:56.113] [info]     Installing requirements for ComfyUI-DepthAnythingV3...

[2026-05-08 04:28:56.163] [info]     Running install.py for ComfyUI-DepthAnythingV3...

[2026-05-08 04:28:56.417] [info]   
[2026-05-08 04:28:56.419] [info]  
 Installing 3 node dependencies...

[2026-05-08 04:28:56.421] [info]     Cloning ComfyUI-VideoHelperSuite...

[2026-05-08 04:28:57.425] [info]     Installing requirements for ComfyUI-VideoHelperSuite...

[2026-05-08 04:28:59.136] [info]     Cloning ComfyUI-KJNodes...

[2026-05-08 04:29:01.322] [info]     Installing requirements for ComfyUI-KJNodes...

[2026-05-08 04:29:04.093] [info]     Cloning ComfyUI-GeometryPack...

[2026-05-08 04:29:07.374] [info]     Installing requirements for ComfyUI-GeometryPack...

[2026-05-08 04:29:09.098] [info]     Running install.py for ComfyUI-GeometryPack...

[2026-05-08 04:29:09.562] [error] [!]
[2026-05-08 04:29:09.565] [error]  [comfy-env] pixi not found, downloading...

[2026-05-08 04:29:10.833] [error] [!] [comfy-env] pixi installed: /Users/runner/.pixi/bin/pixi

[2026-05-08 04:29:10.933] [info]   [comfy-env] Workspace: /Users/runner/Documents/ComfyUI/.ce
 [comfy-env] ComfyUI: /Users/runner/Documents/ComfyUI
 [comfy-env] Found 5 node config(s):
   - depthanythingv3-nodes <- custom_nodes/ComfyUI-DepthAnythingV3/nodes/comfy-env.toml (python=host)
   - geometrypack-blender <- custom_nodes/ComfyUI-GeometryPack/nodes/blender/comfy-env.toml (python=3.11)
   - geometrypack-gpu <- custom_nodes/ComfyUI-GeometryPack/nodes/gpu/comfy-env.toml (python=host)
   - geometrypack-main <- custom_nodes/ComfyUI-GeometryPack/nodes/main/comfy-env.toml (python=host)
   - sam3dbody-nodes <- custom_nodes/ComfyUI-SAM3DBody/nodes/comfy-env.toml (python=3.11)
 [comfy-env] Bootstrap interpreter has python 3.12 + torch 2.10.0 (cpu). Looking for cuda-only wheels matching cpu/torch2.10/cp312.
 [comfy-env] Root conda deps from ComfyUI-DepthAnythingV3: ['av', 'ffmpeg']
 [comfy-env] Root conda deps from ComfyUI-GeometryPack: ['av', 'ffmpeg']

[2026-05-08 04:29:10.944] [info]   [comfy-env] Root conda deps from ComfyUI-SAM3DBody: ['av', 'ffmpeg']

[2026-05-08 04:29:10.956] [info]   [comfy-env] WARNING: /Users/runner/Documents/ComfyUI/requirements.txt not found -- comfyui feature will be empty

[2026-05-08 04:29:10.960] [info]   [comfy-env] Root conda deps injected into comfyui feature: ['av', 'ffmpeg']
 Generated /Users/runner/Documents/ComfyUI/.ce/pixi.toml
 [comfy-env] Installing 5 environment(s):
   - depthanythingv3-nodes (python=host, 9 pypi deps, 2 cuda wheels)
   - geometrypack-blender (python=3.11, 2 pypi deps)
   - geometrypack-gpu (python=host, 2 pypi deps, 1 cuda wheels)
   - geometrypack-main (python=host, 12 pypi deps)
   - sam3dbody-nodes (python=3.11, 12 pypi deps, 6 cuda wheels)
 [comfy-env] Running `pixi install --all`...

[2026-05-08 04:29:24.023] [error] /Users/runner/.local/share/uv/python/cpython-3.12.11-macos-aarch64-none/lib/python3.12/multiprocessing/resource_tracker.py:279: UserWarning: resource_tracker: There appear to be 1 leaked semaphore objects to clean up at shutdown
  warnings.warn('resource_tracker: There appear to be %d '

