[00:00] Crash dump logging enabled: /Users/runner/work/comfy-gpu-ci/comfy-gpu-ci/comfy-test-logs/SAM3DBody-1607/dev/macos-cpu/crash_dump.log
[00:00] 
[00:00] [1/5] SYNTAX
[00:00] ----------------------------------------
[00:00] 
[DEBUG] server=None, api=None
[00:00] Found pyproject.toml (modern format)
[00:00] Found requirements.txt (legacy format)
[00:00] Unicode check: OK (all characters cp1252-safe)
[00:00] Forbidden patterns check: OK
[00:00] [SYNTAX] PASSED
[00:00] 
[00:00] [2/5] INSTALL
[00:00] ----------------------------------------
[00:00] 
[DEBUG] server=None, api=None
[00:00] 
Setting up ComfyUI...
[00:00] Cloning ComfyUI (latest)...
[00:00] Running: git clone --depth 1 https://github.com/comfyanonymous/ComfyUI.git /Users/runner/work/comfy-gpu-ci/comfy-gpu-ci/test_workspaces/SAM3DBody-1607/ComfyUI
[00:01] Creating virtual environment...
[00:01] Running: /Library/Frameworks/Python.framework/Versions/3.13/bin/python -m venv /Users/runner/work/comfy-gpu-ci/comfy-gpu-ci/test_workspaces/SAM3DBody-1607/venv
[00:03] Installing uv into venv...
[00:03] Running: /Users/runner/work/comfy-gpu-ci/comfy-gpu-ci/test_workspaces/SAM3DBody-1607/venv/bin/python -m pip install uv
[00:03] Installing PyTorch...
[00:03] Pinning torch family: torch==2.10.0 torchvision==0.25.0 torchaudio==2.10.0
[00:03] Running: /Users/runner/work/comfy-gpu-ci/comfy-gpu-ci/test_workspaces/SAM3DBody-1607/venv/bin/python -m uv pip install torch==2.10.0 torchvision==0.25.0 torchaudio==2.10.0
[00:09] Installing ComfyUI requirements...
[00:09] Running: /Users/runner/work/comfy-gpu-ci/comfy-gpu-ci/test_workspaces/SAM3DBody-1607/venv/bin/python -m uv pip install -r /Users/runner/work/comfy-gpu-ci/comfy-gpu-ci/test_workspaces/SAM3DBody-1607/ComfyUI/requirements.txt
[00:15] 
Installing custom node...
[00:15] Copying ComfyUI-SAM3DBody to custom_nodes/...
[00:15] Installing node requirements...
[00:15] Running: /Users/runner/work/comfy-gpu-ci/comfy-gpu-ci/test_workspaces/SAM3DBody-1607/venv/bin/python -m uv pip install -r /Users/runner/work/comfy-gpu-ci/comfy-gpu-ci/test_workspaces/SAM3DBody-1607/ComfyUI/custom_nodes/ComfyUI-SAM3DBody/requirements.txt
[00:16] 
Running install.py...
[00:16] Running: /Users/runner/work/comfy-gpu-ci/comfy-gpu-ci/test_workspaces/SAM3DBody-1607/venv/bin/python /Users/runner/work/comfy-gpu-ci/comfy-gpu-ci/test_workspaces/SAM3DBody-1607/ComfyUI/custom_nodes/ComfyUI-SAM3DBody/install.py
[00:16]   
[00:16]   Installing 3 node dependencies...
[00:16]     Cloning ComfyUI-Multiband...
[00:17]     Installing requirements for ComfyUI-Multiband...
[00:17]     Cloning ComfyUI-DepthAnythingV3...
[00:19]     Installing requirements for ComfyUI-DepthAnythingV3...
[00:19]     Running install.py for ComfyUI-DepthAnythingV3...
[00:19]   
[00:19]   Installing 3 node dependencies...
[00:19]     Cloning ComfyUI-VideoHelperSuite...
[00:20]     Installing requirements for ComfyUI-VideoHelperSuite...
[00:21]     Cloning ComfyUI-KJNodes...
[00:22]     Installing requirements for ComfyUI-KJNodes...
[00:23]     Cloning ComfyUI-GeometryPack...
[00:26]     Installing requirements for ComfyUI-GeometryPack...
[00:26]     Running install.py for ComfyUI-GeometryPack...
[00:28]   [comfy-env] _discover: scanning /Users/runner/work/comfy-gpu-ci/comfy-gpu-ci/test_workspaces/SAM3DBody-1607/ComfyUI/custom_nodes
[00:28]   [comfy-env] _discover: ComfyUI-DepthAnythingV3 -> depthanythingv3-nodes (custom_nodes/ComfyUI-DepthAnythingV3/nodes/comfy-env.toml)
[00:28]   [comfy-env] _discover: ComfyUI-GeometryPack -> geometrypack-nodes (custom_nodes/ComfyUI-GeometryPack/nodes/comfy-env.toml)
[00:28]   [comfy-env] _discover: ComfyUI-KJNodes: no comfy-env.toml found
[00:28]   [comfy-env] _discover: ComfyUI-Multiband: no comfy-env.toml found
[00:28]   [comfy-env] _discover: ComfyUI-SAM3DBody -> sam3dbody-nodes (custom_nodes/ComfyUI-SAM3DBody/nodes/comfy-env.toml)
[00:28]   [comfy-env] _discover: ComfyUI-VideoHelperSuite: no comfy-env.toml found
[00:28]   [comfy-env] Workspace: /Users/runner/.ce
[00:28]   [comfy-env] ComfyUI: /Users/runner/work/comfy-gpu-ci/comfy-gpu-ci/test_workspaces/SAM3DBody-1607/ComfyUI
[00:28]   [comfy-env] Found 3 node config(s):
[00:28]     - depthanythingv3-nodes <- custom_nodes/ComfyUI-DepthAnythingV3/nodes/comfy-env.toml (python=host)
[00:28]     - geometrypack-nodes <- custom_nodes/ComfyUI-GeometryPack/nodes/comfy-env.toml (python=host)
[00:28]     - sam3dbody-nodes <- custom_nodes/ComfyUI-SAM3DBody/nodes/comfy-env.toml (python=host)
[00:28]   [comfy-env] Bootstrap interpreter has python 3.13 + torch 2.10.0 (cpu). Looking for cuda-only wheels matching cpu/torch2.10/cp313.
[00:28]   Generated /Users/runner/.ce/pixi.toml
[00:28]   [comfy-env] Installing 3 environment(s):
[00:28]     - depthanythingv3-nodes (python=host, 10 pypi deps, 2 cuda wheels)
[00:28]     - geometrypack-nodes (python=host, 14 pypi deps, 1 cuda wheels)
[00:28]     - sam3dbody-nodes (python=host, 11 pypi deps, 6 cuda wheels)
[00:28]   [comfy-env] Running `pixi install -e depthanythingv3-nodes -e geometrypack-nodes -e sam3dbody-nodes`...
[00:38]      WARN Skipped running the post-link scripts because `run-post-link-scripts` = `false`
[00:38]     	- bin/.librsvg-pre-unlink.sh
[00:38]     To enable them, run:
[00:38]     	pixi config set --local run-post-link-scripts insecure
[00:38]     More info:
[00:38]     	https://pixi.sh/latest/reference/pixi_configuration/#run-post-link-scripts
[01:06]      WARN Skipped running the post-link scripts because `run-post-link-scripts` = `false`
[01:06]     	- bin/.librsvg-pre-unlink.sh
[01:06]     To enable them, run:
[01:06]     	pixi config set --local run-post-link-scripts insecure
[01:06]     More info:
[01:06]     	https://pixi.sh/latest/reference/pixi_configuration/#run-post-link-scripts
[01:11]      WARN Skipped running the post-link scripts because `run-post-link-scripts` = `false`
[01:11]     	- bin/.librsvg-pre-unlink.sh
[01:11]     To enable them, run:
[01:11]     	pixi config set --local run-post-link-scripts insecure
[01:11]     More info:
[01:11]     	https://pixi.sh/latest/reference/pixi_configuration/#run-post-link-scripts
[01:16]     ✔ The following environments have been installed: depthanythingv3-nodes, geometrypack-nodes, sam3dbody-nodes.
[01:16]   [comfy-env] depthanythingv3-nodes: deduped libomp
[01:16]   [comfy-env] geometrypack-nodes: deduped libomp
[01:16]   [comfy-env] sam3dbody-nodes: deduped libomp
[01:16]   [comfy-env] Recorded install hash adfc5606e6d2 -> /Users/runner/.ce/install.hash
[01:16]   [comfy-env] Install log: /Users/runner/.ce/install.log
[01:16]   
[01:16]   Installation complete!
[01:16]   
[01:16]   [requirements] Re-installing main package requirements...
[01:16]     Installing requirements for ComfyUI-DepthAnythingV3...
[01:16]   [comfy-env] _discover: scanning /Users/runner/work/comfy-gpu-ci/comfy-gpu-ci/test_workspaces/SAM3DBody-1607/ComfyUI/custom_nodes
[01:16]   [comfy-env] _discover: ComfyUI-DepthAnythingV3 -> depthanythingv3-nodes (custom_nodes/ComfyUI-DepthAnythingV3/nodes/comfy-env.toml)
[01:16]   [comfy-env] _discover: ComfyUI-GeometryPack -> geometrypack-nodes (custom_nodes/ComfyUI-GeometryPack/nodes/comfy-env.toml)
[01:16]   [comfy-env] _discover: ComfyUI-KJNodes: no comfy-env.toml found
[01:16]   [comfy-env] _discover: ComfyUI-Multiband: no comfy-env.toml found
[01:16]   [comfy-env] _discover: ComfyUI-SAM3DBody -> sam3dbody-nodes (custom_nodes/ComfyUI-SAM3DBody/nodes/comfy-env.toml)
[01:16]   [comfy-env] _discover: ComfyUI-VideoHelperSuite: no comfy-env.toml found
[01:16]   [comfy-env] Workspace inputs unchanged (hash adfc5606e6d2) -- skipping install. Delete /Users/runner/.ce/install.hash to force.
[01:16]   
[01:16]   Installation complete!
[01:16]     ComfyUI-VideoHelperSuite: exists
[01:16]     ComfyUI-KJNodes: exists
[01:16]     ComfyUI-GeometryPack: exists
[01:16]     Cloning ComfyUI-CameraPack...
[01:17]   
[01:17]   [requirements] Re-installing main package requirements...
[01:17]     Installing requirements for ComfyUI-SAM3DBody...
[01:17]   [comfy-env] _discover: scanning /Users/runner/work/comfy-gpu-ci/comfy-gpu-ci/test_workspaces/SAM3DBody-1607/ComfyUI/custom_nodes
[01:17]   [comfy-env] _discover: ComfyUI-CameraPack: no comfy-env.toml found
[01:17]   [comfy-env] _discover: ComfyUI-DepthAnythingV3 -> depthanythingv3-nodes (custom_nodes/ComfyUI-DepthAnythingV3/nodes/comfy-env.toml)
[01:17]   [comfy-env] _discover: ComfyUI-GeometryPack -> geometrypack-nodes (custom_nodes/ComfyUI-GeometryPack/nodes/comfy-env.toml)
[01:17]   [comfy-env] _discover: ComfyUI-KJNodes: no comfy-env.toml found
[01:17]   [comfy-env] _discover: ComfyUI-Multiband: no comfy-env.toml found
[01:17]   [comfy-env] _discover: ComfyUI-SAM3DBody -> sam3dbody-nodes (custom_nodes/ComfyUI-SAM3DBody/nodes/comfy-env.toml)
[01:17]   [comfy-env] _discover: ComfyUI-VideoHelperSuite: no comfy-env.toml found
[01:17]   [comfy-env] Workspace inputs unchanged (hash adfc5606e6d2) -- skipping install. Delete /Users/runner/.ce/install.hash to force.
[01:17]   
[01:17]   Installation complete!
[01:17] Installing 3 node dependency(ies)...
[01:17]   ComfyUI-Multiband from PozzettiAndrea/ComfyUI-Multiband
[01:17]   ComfyUI-Multiband already exists, skipping...
[01:17]   ComfyUI-DepthAnythingV3 from PozzettiAndrea/ComfyUI-DepthAnythingV3
[01:17]   ComfyUI-DepthAnythingV3 already exists, skipping...
[01:17]   ComfyUI-CameraPack from PozzettiAndrea/ComfyUI-CameraPack
[01:17]   ComfyUI-CameraPack already exists, skipping...
[01:17] Installing validation endpoint...
[01:17]   Cloning PozzettiAndrea/ComfyUI-validate-endpoint...
[01:17] Running: git clone --depth 1 https://x-access-token:***@github.com/PozzettiAndrea/ComfyUI-validate-endpoint.git /Users/runner/work/comfy-gpu-ci/comfy-gpu-ci/test_workspaces/SAM3DBody-1607/ComfyUI/custom_nodes/ComfyUI-validate-endpoint
[01:18] CUDA packages absent (will mock): detectron2, torch_scatter, torch_sparse, torch_cluster, flash_attn, sageattention
[01:18] [INSTALL] PASSED
[01:18] 
[01:18] [3/5] REGISTRATION
[01:18] ----------------------------------------
[01:18] 
[DEBUG] server=None, api=None
[01:18] 
Starting ComfyUI server...
[01:18] Starting ComfyUI server on port 41887...
[01:18] CUDA mock packages: detectron2, torch_scatter, torch_sparse, torch_cluster, flash_attn, sageattention
[01:18] Starting ComfyUI server on port 41887...
[01:18] Waiting for server to be ready (timeout: 600s)...
[01:19]   [ComfyUI] setup plugin alembic.autogenerate.schemas
[01:19]   [ComfyUI] setup plugin alembic.autogenerate.tables
[01:19]   [ComfyUI] setup plugin alembic.autogenerate.types
[01:19]   [ComfyUI] setup plugin alembic.autogenerate.constraints
[01:19]   [ComfyUI] setup plugin alembic.autogenerate.defaults
[01:19]   [ComfyUI] setup plugin alembic.autogenerate.comments
[01:19]   [ComfyUI] Could not autodetect AIMDO implementation, assuming Nvidia
[01:19]   [ComfyUI] comfy-aimdo unsupported operating system: Darwin
[01:19]   [ComfyUI] NOTE: comfy-aimdo currently only supports Windows and Linux
[01:19]   [ComfyUI] [comfy-env] ComfyUI-DepthAnythingV3: 1 isolation env(s):
[01:19]   [ComfyUI] [comfy-env]   nodes -> /Users/runner/work/comfy-gpu-ci/comfy-gpu-ci/test_workspaces/SAM3DBody-1607/ComfyUI/custom_nodes/ComfyUI-DepthAnythingV3/nodes
[01:19]   [ComfyUI] [comfy-env] Workspace: /Users/runner/.ce
[01:19]   [ComfyUI] [comfy-env]     env: /Users/runner/.ce/.pixi/envs/depthanythingv3-nodes  [OK]
[01:22]   [ComfyUI] [comfy-env] prestartup complete
[01:22]   [ComfyUI] [comfy-env] ComfyUI-SAM3DBody: 1 isolation env(s):
[01:22]   [ComfyUI] [comfy-env]   nodes -> /Users/runner/work/comfy-gpu-ci/comfy-gpu-ci/test_workspaces/SAM3DBody-1607/ComfyUI/custom_nodes/ComfyUI-SAM3DBody/nodes
[01:22]   [ComfyUI] [comfy-env]     env: /Users/runner/.ce/.pixi/envs/sam3dbody-nodes  [OK]
[01:22]   [ComfyUI] [comfy-env] prestartup complete
[01:22]   [ComfyUI] [comfy-env] ComfyUI-GeometryPack: 1 isolation env(s):
[01:22]   [ComfyUI] [comfy-env]   nodes -> /Users/runner/work/comfy-gpu-ci/comfy-gpu-ci/test_workspaces/SAM3DBody-1607/ComfyUI/custom_nodes/ComfyUI-GeometryPack/nodes
[01:22]   [ComfyUI] [comfy-env]     env: /Users/runner/.ce/.pixi/envs/geometrypack-nodes  [OK]
[01:22]   [ComfyUI] [comfy-env] prestartup complete
[01:22]   [ComfyUI] 
[01:22]   [ComfyUI] Prestartup times for custom nodes:
[01:22]   [ComfyUI]    0.0 seconds: /Users/runner/work/comfy-gpu-ci/comfy-gpu-ci/test_workspaces/SAM3DBody-1607/ComfyUI/custom_nodes/ComfyUI-SAM3DBody
[01:22]   [ComfyUI]    0.2 seconds: /Users/runner/work/comfy-gpu-ci/comfy-gpu-ci/test_workspaces/SAM3DBody-1607/ComfyUI/custom_nodes/ComfyUI-GeometryPack
[01:22]   [ComfyUI]    2.5 seconds: /Users/runner/work/comfy-gpu-ci/comfy-gpu-ci/test_workspaces/SAM3DBody-1607/ComfyUI/custom_nodes/ComfyUI-DepthAnythingV3
[01:22]   [ComfyUI] 
[01:22]   [ComfyUI] WARNING: Potential Error in code: Torch already imported, torch should never be imported before this point.
[01:25]   [ComfyUI] Found comfy_kitchen backend cuda: {'available': False, 'disabled': True, 'unavailable_reason': 'Extension file not found: /Users/runner/work/comfy-gpu-ci/comfy-gpu-ci/test_workspaces/SAM3DBody-1607/venv/lib/python3.13/site-packages/comfy_kitchen/backends/cuda/_C.abi3.so', 'capabilities': []}
[01:25]   [ComfyUI] Found comfy_kitchen backend eager: {'available': True, 'disabled': False, 'unavailable_reason': None, 'capabilities': ['apply_rope', 'apply_rope1', 'dequantize_mxfp8', 'dequantize_nvfp4', 'dequantize_per_tensor_fp8', 'quantize_mxfp8', 'quantize_nvfp4', 'quantize_per_tensor_fp8', 'scaled_mm_mxfp8', 'scaled_mm_nvfp4']}
[01:25]   [ComfyUI] Found comfy_kitchen backend triton: {'available': False, 'disabled': True, 'unavailable_reason': "ImportError: No module named 'triton'", 'capabilities': []}
[01:25]   [ComfyUI] Checkpoint files will always be loaded safely.
[01:25]   [ComfyUI] Total VRAM 7168 MB, total RAM 7168 MB
[01:25]   [ComfyUI] pytorch version: 2.10.0
[01:25]   [ComfyUI] Mac Version (15, 7, 4)
[01:25]   [ComfyUI] Set vram state to: SHARED
[01:25]   [ComfyUI] Device: mps
[01:26]   [ComfyUI] Using sub quadratic optimization for attention, if you have memory or speed issues try using: --use-split-cross-attention
[01:27]   [ComfyUI] objc[2365]: Class AVFFrameReceiver is implemented in both /Users/runner/work/comfy-gpu-ci/comfy-gpu-ci/test_workspaces/SAM3DBody-1607/venv/lib/python3.13/site-packages/av/.dylibs/libavdevice.62.1.100.dylib (0x1128383a8) and /Users/runner/work/comfy-gpu-ci/comfy-gpu-ci/test_workspaces/SAM3DBody-1607/venv/lib/python3.13/site-packages/cv2/.dylibs/libavdevice.61.3.100.dylib (0x1194103a8). This may cause spurious casting failures and mysterious crashes. One of the duplicates must be removed or renamed.
[01:27]   [ComfyUI] objc[2365]: Class AVFAudioReceiver is implemented in both /Users/runner/work/comfy-gpu-ci/comfy-gpu-ci/test_workspaces/SAM3DBody-1607/venv/lib/python3.13/site-packages/av/.dylibs/libavdevice.62.1.100.dylib (0x1128383f8) and /Users/runner/work/comfy-gpu-ci/comfy-gpu-ci/test_workspaces/SAM3DBody-1607/venv/lib/python3.13/site-packages/cv2/.dylibs/libavdevice.61.3.100.dylib (0x1194103f8). This may cause spurious casting failures and mysterious crashes. One of the duplicates must be removed or renamed.
[01:33]   [ComfyUI] Python version: 3.13.13 (v3.13.13:01104ce1beb, Apr  7 2026, 14:43:30) [Clang 16.0.0 (clang-1600.0.26.6)]
[01:33]   [ComfyUI] ComfyUI version: 0.21.1
[01:33]   [ComfyUI] comfy-aimdo version: 0.3.0
[01:33]   [ComfyUI] comfy-kitchen version: 0.2.8
[01:33]   [ComfyUI] ****** User settings have been changed to be stored on the server instead of browser storage. ******
[01:33]   [ComfyUI] ****** For multi-user setups add the --multi-user CLI argument to enable multiple user profiles. ******
[01:33]   [ComfyUI] comfyui-frontend-package version: 1.43.18
[01:33]   [ComfyUI] comfyui-workflow-templates version: 0.9.77
[01:33]   [ComfyUI] comfyui-embedded-docs version: 0.5.0
[01:33]   [ComfyUI] comfy-kitchen version: 0.2.8
[01:33]   [ComfyUI] comfy-aimdo version: 0.3.0
[01:33]   [ComfyUI] [Prompt Server] web root: /Users/runner/work/comfy-gpu-ci/comfy-gpu-ci/test_workspaces/SAM3DBody-1607/venv/lib/python3.13/site-packages/comfyui_frontend_package/static
[01:33]   [ComfyUI] Asset seeder disabled
[01:35]   [ComfyUI] [comfy-env] Version: 0.3.89
[01:35]   [ComfyUI] [comfy-env] register_nodes: ComfyUI-DepthAnythingV3
[01:35]   [ComfyUI] [comfy-env] ComfyUI source dir: /Users/runner/work/comfy-gpu-ci/comfy-gpu-ci/test_workspaces/SAM3DBody-1607/ComfyUI
[01:35]   [ComfyUI] [comfy-env] Found 1 isolation env(s)
[01:35]   [ComfyUI] [comfy-env] Scanning nodes metadata (isolation root)...
[01:35]   [ComfyUI] [comfy-env] Metadata scan: /Users/runner/.pixi/bin/pixi run --as-is --manifest-path /Users/runner/.ce/pixi.toml -e depthanythingv3-nodes python /var/folders/tb/y368xp_x10s3ty1b_mtl5mxr0000gn/T/comfy_meta_ti6iaqsf.py /Users/runner/work/comfy-gpu-ci/comfy-gpu-ci/test_workspaces/SAM3DBody-1607/ComfyUI/custom_nodes/ComfyUI-DepthAnythingV3 nodes /var/folders/tb/y368xp_x10s3ty1b_mtl5mxr0000gn/T/comfy_meta_out_940hn86a.pkl
[01:35]   [ComfyUI] [comfy-env] Scan env PATH for nodes:
[01:35]   [ComfyUI] [comfy-env]   [0] /Users/runner/hostedtoolcache/Python/3.13.13/arm64/bin
[01:35]   [ComfyUI] [comfy-env]   [1] /Users/runner/hostedtoolcache/Python/3.13.13/arm64
[01:35]   [ComfyUI] [comfy-env]   [2] /opt/homebrew/lib/ruby/gems/3.3.0/bin
[01:35]   [ComfyUI] [comfy-env]   [3] /opt/homebrew/opt/ruby@3.3/bin
[01:35]   [ComfyUI] [comfy-env]   [4] /Users/runner/.local/bin
[01:35]   [ComfyUI] [comfy-env]   [5] /opt/homebrew/bin
[01:35]   [ComfyUI] [comfy-env]   [6] /opt/homebrew/sbin
[01:35]   [ComfyUI] [comfy-env]   [7] /Users/runner/.cargo/bin
[01:35]   [ComfyUI] [comfy-env]   [8] /usr/local/opt/curl/bin
[01:35]   [ComfyUI] [comfy-env]   [9] /usr/local/bin
[01:35]   [ComfyUI] [comfy-env]   [10] /usr/local/sbin
[01:35]   [ComfyUI] [comfy-env]   [11] /Users/runner/bin
[01:35]   [ComfyUI] [comfy-env]   [12] /Users/runner/.yarn/bin
[01:35]   [ComfyUI] [comfy-env]   [13] /Users/runner/Library/Android/sdk/tools
[01:35]   [ComfyUI] [comfy-env]   [14] /Users/runner/Library/Android/sdk/platform-tools
[01:35]   [ComfyUI] [comfy-env]   [15] /Library/Frameworks/Python.framework/Versions/Current/bin
[01:35]   [ComfyUI] [comfy-env]   [16] /Library/Frameworks/Mono.framework/Versions/Current/Commands
[01:35]   [ComfyUI] [comfy-env]   [17] /usr/bin
[01:35]   [ComfyUI] [comfy-env]   [18] /bin
[01:35]   [ComfyUI] [comfy-env]   [19] /usr/sbin
[01:35]   [ComfyUI] [comfy-env]   [20] /sbin
[01:35]   [ComfyUI] [comfy-env]   [21] /Users/runner/.dotnet/tools
[01:39]   [ComfyUI] [comfy-env] Metadata scan stderr for nodes:
[01:39]   [ComfyUI] [comfy-env]   [meta-scan] importing nodes from /Users/runner/work/comfy-gpu-ci/comfy-gpu-ci/test_workspaces/SAM3DBody-1607/ComfyUI/custom_nodes/ComfyUI-DepthAnythingV3
[01:39]   [ComfyUI] [comfy-env]   ERROR:root:Failed to import comfy_kitchen, Error: No module named 'comfy_kitchen', fp8 and fp4 support will not be available.
[01:39]   [ComfyUI] [comfy-env]   [meta-scan] import OK
[01:39]   [ComfyUI] [comfy-env] Scanned nodes: 15 nodes (4.4s)
[01:39]   [ComfyUI] [comfy-env] Scanned nodes root: 15 nodes (4.4s)
[01:39]   [ComfyUI] [comfy-env] Imported nodes root: 15 nodes (isolation)
[01:39]   [ComfyUI] [comfy-env] Registered 15 total nodes
[01:39]   [ComfyUI] [comfy-env] Version: 0.3.89
[01:39]   [ComfyUI] [comfy-env] register_nodes: ComfyUI-SAM3DBody
[01:39]   [ComfyUI] [comfy-env] ComfyUI source dir: /Users/runner/work/comfy-gpu-ci/comfy-gpu-ci/test_workspaces/SAM3DBody-1607/ComfyUI
[01:39]   [ComfyUI] [comfy-env] Found 1 isolation env(s)
[01:39]   [ComfyUI] [comfy-env] Scanning nodes metadata (isolation root)...
[01:39]   [ComfyUI] [comfy-env] Metadata scan: /Users/runner/.pixi/bin/pixi run --as-is --manifest-path /Users/runner/.ce/pixi.toml -e sam3dbody-nodes python /var/folders/tb/y368xp_x10s3ty1b_mtl5mxr0000gn/T/comfy_meta_k0akg2hh.py /Users/runner/work/comfy-gpu-ci/comfy-gpu-ci/test_workspaces/SAM3DBody-1607/ComfyUI/custom_nodes/ComfyUI-SAM3DBody nodes /var/folders/tb/y368xp_x10s3ty1b_mtl5mxr0000gn/T/comfy_meta_out_jq22mde_.pkl
[01:39]   [ComfyUI] [comfy-env] Scan env PATH for nodes:
[01:39]   [ComfyUI] [comfy-env]   [0] /Users/runner/hostedtoolcache/Python/3.13.13/arm64/bin
[01:39]   [ComfyUI] [comfy-env]   [1] /Users/runner/hostedtoolcache/Python/3.13.13/arm64
[01:39]   [ComfyUI] [comfy-env]   [2] /opt/homebrew/lib/ruby/gems/3.3.0/bin
[01:39]   [ComfyUI] [comfy-env]   [3] /opt/homebrew/opt/ruby@3.3/bin
[01:39]   [ComfyUI] [comfy-env]   [4] /Users/runner/.local/bin
[01:39]   [ComfyUI] [comfy-env]   [5] /opt/homebrew/bin
[01:39]   [ComfyUI] [comfy-env]   [6] /opt/homebrew/sbin
[01:39]   [ComfyUI] [comfy-env]   [7] /Users/runner/.cargo/bin
[01:39]   [ComfyUI] [comfy-env]   [8] /usr/local/opt/curl/bin
[01:39]   [ComfyUI] [comfy-env]   [9] /usr/local/bin
[01:39]   [ComfyUI] [comfy-env]   [10] /usr/local/sbin
[01:39]   [ComfyUI] [comfy-env]   [11] /Users/runner/bin
[01:39]   [ComfyUI] [comfy-env]   [12] /Users/runner/.yarn/bin
[01:39]   [ComfyUI] [comfy-env]   [13] /Users/runner/Library/Android/sdk/tools
[01:39]   [ComfyUI] [comfy-env]   [14] /Users/runner/Library/Android/sdk/platform-tools
[01:39]   [ComfyUI] [comfy-env]   [15] /Library/Frameworks/Python.framework/Versions/Current/bin
[01:39]   [ComfyUI] [comfy-env]   [16] /Library/Frameworks/Mono.framework/Versions/Current/Commands
[01:39]   [ComfyUI] [comfy-env]   [17] /usr/bin
[01:39]   [ComfyUI] [comfy-env]   [18] /bin
[01:39]   [ComfyUI] [comfy-env]   [19] /usr/sbin
[01:39]   [ComfyUI] [comfy-env]   [20] /sbin
[01:39]   [ComfyUI] [comfy-env]   [21] /Users/runner/.dotnet/tools
[01:43]   [ComfyUI] [comfy-env] Metadata scan stderr for nodes:
[01:43]   [ComfyUI] [comfy-env]   [meta-scan] importing nodes from /Users/runner/work/comfy-gpu-ci/comfy-gpu-ci/test_workspaces/SAM3DBody-1607/ComfyUI/custom_nodes/ComfyUI-SAM3DBody
[01:43]   [ComfyUI] [comfy-env]   objc[2631]: Class AVFFrameReceiver is implemented in both /Users/runner/.ce/.pixi/envs/sam3dbody-nodes/lib/libavdevice.62.3.101.dylib (0x10b5bc7a8) and /Users/runner/.ce/.pixi/envs/sam3dbody-nodes/lib/python3.13/site-packages/cv2/.dylibs/libavdevice.61.3.100.dylib (0x12ecec3a8). This may cause spurious casting failures and mysterious crashes. One of the duplicates must be removed or renamed.
[01:43]   [ComfyUI] [comfy-env]   objc[2631]: Class AVFAudioReceiver is implemented in both /Users/runner/.ce/.pixi/envs/sam3dbody-nodes/lib/libavdevice.62.3.101.dylib (0x10b5bc7f8) and /Users/runner/.ce/.pixi/envs/sam3dbody-nodes/lib/python3.13/site-packages/cv2/.dylibs/libavdevice.61.3.100.dylib (0x12ecec3f8). This may cause spurious casting failures and mysterious crashes. One of the duplicates must be removed or renamed.
[01:43]   [ComfyUI] [comfy-env]   [meta-scan] import OK
[01:43]   [ComfyUI] [comfy-env] Scanned nodes: 15 nodes (3.5s)
[01:43]   [ComfyUI] [comfy-env] Scanned nodes root: 15 nodes (3.5s)
[01:43]   [ComfyUI] [comfy-env] Imported nodes root: 15 nodes (isolation)
[01:43]   [ComfyUI] [comfy-env] Registered 15 total nodes
[01:43]   [ComfyUI] loading...
[01:43]   [ComfyUI] calling register_nodes
[01:43]   [ComfyUI] [comfy-env] Version: 0.3.89
[01:43]   [ComfyUI] [comfy-env] register_nodes: ComfyUI-GeometryPack
[01:43]   [ComfyUI] [comfy-env] ComfyUI source dir: /Users/runner/work/comfy-gpu-ci/comfy-gpu-ci/test_workspaces/SAM3DBody-1607/ComfyUI
[01:43]   [ComfyUI] [comfy-env] Found 1 isolation env(s)
[01:43]   [ComfyUI] [comfy-env] Scanning nodes metadata (isolation root)...
[01:43]   [ComfyUI] [comfy-env] Metadata scan: /Users/runner/.pixi/bin/pixi run --as-is --manifest-path /Users/runner/.ce/pixi.toml -e geometrypack-nodes python /var/folders/tb/y368xp_x10s3ty1b_mtl5mxr0000gn/T/comfy_meta_y2c9qp7t.py /Users/runner/work/comfy-gpu-ci/comfy-gpu-ci/test_workspaces/SAM3DBody-1607/ComfyUI/custom_nodes/ComfyUI-GeometryPack nodes /var/folders/tb/y368xp_x10s3ty1b_mtl5mxr0000gn/T/comfy_meta_out_5euwoam2.pkl
[01:43]   [ComfyUI] [comfy-env] Scan env PATH for nodes:
[01:43]   [ComfyUI] [comfy-env]   [0] /Users/runner/hostedtoolcache/Python/3.13.13/arm64/bin
[01:43]   [ComfyUI] [comfy-env]   [1] /Users/runner/hostedtoolcache/Python/3.13.13/arm64
[01:43]   [ComfyUI] [comfy-env]   [2] /opt/homebrew/lib/ruby/gems/3.3.0/bin
[01:43]   [ComfyUI] [comfy-env]   [3] /opt/homebrew/opt/ruby@3.3/bin
[01:43]   [ComfyUI] [comfy-env]   [4] /Users/runner/.local/bin
[01:43]   [ComfyUI] [comfy-env]   [5] /opt/homebrew/bin
[01:43]   [ComfyUI] [comfy-env]   [6] /opt/homebrew/sbin
[01:43]   [ComfyUI] [comfy-env]   [7] /Users/runner/.cargo/bin
[01:43]   [ComfyUI] [comfy-env]   [8] /usr/local/opt/curl/bin
[01:43]   [ComfyUI] [comfy-env]   [9] /usr/local/bin
[01:43]   [ComfyUI] [comfy-env]   [10] /usr/local/sbin
[01:43]   [ComfyUI] [comfy-env]   [11] /Users/runner/bin
[01:43]   [ComfyUI] [comfy-env]   [12] /Users/runner/.yarn/bin
[01:43]   [ComfyUI] [comfy-env]   [13] /Users/runner/Library/Android/sdk/tools
[01:43]   [ComfyUI] [comfy-env]   [14] /Users/runner/Library/Android/sdk/platform-tools
[01:43]   [ComfyUI] [comfy-env]   [15] /Library/Frameworks/Python.framework/Versions/Current/bin
[01:43]   [ComfyUI] [comfy-env]   [16] /Library/Frameworks/Mono.framework/Versions/Current/Commands
[01:43]   [ComfyUI] [comfy-env]   [17] /usr/bin
[01:43]   [ComfyUI] [comfy-env]   [18] /bin
[01:43]   [ComfyUI] [comfy-env]   [19] /usr/sbin
[01:43]   [ComfyUI] [comfy-env]   [20] /sbin
[01:43]   [ComfyUI] [comfy-env]   [21] /Users/runner/.dotnet/tools
[01:51]   [ComfyUI] [comfy-env] Metadata scan stderr for nodes:
[01:51]   [ComfyUI] [comfy-env]   [meta-scan] importing nodes from /Users/runner/work/comfy-gpu-ci/comfy-gpu-ci/test_workspaces/SAM3DBody-1607/ComfyUI/custom_nodes/ComfyUI-GeometryPack
[01:51]   [ComfyUI] [comfy-env]   ERROR:root:Failed to import comfy_kitchen, Error: No module named 'comfy_kitchen', fp8 and fp4 support will not be available.
[01:51]   [ComfyUI] [comfy-env]   [meta-scan] import OK
[01:51]   [ComfyUI] [comfy-env] Scanned nodes: 125 nodes (8.2s)
[01:51]   [ComfyUI] [comfy-env] Scanned nodes root: 125 nodes (8.3s)
[01:51]   [ComfyUI] [comfy-env] Imported nodes root: 125 nodes (isolation)
[01:51]   [ComfyUI] [comfy-env] Registered 125 total nodes
[01:51]   [ComfyUI] ComfyUI-Multiband loaded: 15 nodes registered
[01:51]   [ComfyUI] 
[01:51]   [ComfyUI] Import times for custom nodes:
[01:51]   [ComfyUI]    0.0 seconds: /Users/runner/work/comfy-gpu-ci/comfy-gpu-ci/test_workspaces/SAM3DBody-1607/ComfyUI/custom_nodes/websocket_image_save.py
[01:51]   [ComfyUI]    0.0 seconds: /Users/runner/work/comfy-gpu-ci/comfy-gpu-ci/test_workspaces/SAM3DBody-1607/ComfyUI/custom_nodes/ComfyUI-validate-endpoint
[01:51]   [ComfyUI]    0.0 seconds: /Users/runner/work/comfy-gpu-ci/comfy-gpu-ci/test_workspaces/SAM3DBody-1607/ComfyUI/custom_nodes/ComfyUI-CameraPack
[01:51]   [ComfyUI]    0.1 seconds: /Users/runner/work/comfy-gpu-ci/comfy-gpu-ci/test_workspaces/SAM3DBody-1607/ComfyUI/custom_nodes/ComfyUI-VideoHelperSuite
[01:51]   [ComfyUI]    0.1 seconds: /Users/runner/work/comfy-gpu-ci/comfy-gpu-ci/test_workspaces/SAM3DBody-1607/ComfyUI/custom_nodes/ComfyUI-KJNodes
[01:51]   [ComfyUI]    0.2 seconds: /Users/runner/work/comfy-gpu-ci/comfy-gpu-ci/test_workspaces/SAM3DBody-1607/ComfyUI/custom_nodes/ComfyUI-Multiband
[01:51]   [ComfyUI]    3.5 seconds: /Users/runner/work/comfy-gpu-ci/comfy-gpu-ci/test_workspaces/SAM3DBody-1607/ComfyUI/custom_nodes/ComfyUI-SAM3DBody
[01:51]   [ComfyUI]    4.5 seconds: /Users/runner/work/comfy-gpu-ci/comfy-gpu-ci/test_workspaces/SAM3DBody-1607/ComfyUI/custom_nodes/ComfyUI-DepthAnythingV3
[01:51]   [ComfyUI]    8.4 seconds: /Users/runner/work/comfy-gpu-ci/comfy-gpu-ci/test_workspaces/SAM3DBody-1607/ComfyUI/custom_nodes/ComfyUI-GeometryPack
[01:51]   [ComfyUI] 
[01:51]   [ComfyUI] Context impl SQLiteImpl.
[01:51]   [ComfyUI] Will assume non-transactional DDL.
[01:51]   [ComfyUI] Context impl SQLiteImpl.
[01:51]   [ComfyUI] Will assume non-transactional DDL.
[01:51]   [ComfyUI] Running upgrade  -> 0001_assets, Initial assets schema
[01:51]   [ComfyUI] Revision ID: 0001_assets
[01:51]   [ComfyUI] Revises: None
[01:51]   [ComfyUI] Create Date: 2025-12-10 00:00:00
[01:51]   [ComfyUI] Running upgrade 0001_assets -> 0002_merge_to_asset_references, Merge AssetInfo and AssetCacheState into unified asset_references table.
[01:51]   [ComfyUI] Running upgrade 0002_merge_to_asset_references -> 0003_add_metadata_job_id, Add system_metadata and job_id columns to asset_references.
[01:51]   [ComfyUI] Change preview_id FK from assets.id to asset_references.id.
[01:52]   [ComfyUI] Database upgraded from None to 0003_add_metadata_job_id
[01:52]   [ComfyUI] Starting server
[01:52]   [ComfyUI] 
[01:52]   [ComfyUI] To see the GUI go to: http://127.0.0.1:41887
[01:52] Server responding, waiting for nodes to load...
[02:12] Server is ready!
[02:12] Checking for import errors in server logs...
[02:12] No import errors detected
[02:12] Found 1170 registered nodes
[02:12] [REGISTRATION] PASSED
[02:12] 
[02:12] [4/5] INSTANTIATION
[02:12] ----------------------------------------
[02:12] 
[DEBUG] server=<comfy_test.comfyui.server.ComfyUIServer object at 0x104d986e0>, api=<comfy_test.comfyui.api.ComfyUIAPI object at 0x104d99e80>
[02:12] Testing node constructors...
[02:13] All 15 node(s) instantiated successfully!
[02:13] [INSTANTIATION] PASSED
[02:13] 
[02:13] [5/5] EXECUTION
[02:13] ----------------------------------------
[02:13] 
[DEBUG] server=<comfy_test.comfyui.server.ComfyUIServer object at 0x104d986e0>, api=<comfy_test.comfyui.api.ComfyUIAPI object at 0x104d99e80>
[02:13] CPU runner - will execute 1 workflow(s)
[02:13] Running 5 workflow(s) (all with videos)...
[02:13] Installing screenshot dependencies (playwright, pillow)...
[02:14]   Packages installed, downloading chromium browser...
[02:21]   Screenshot dependencies installed successfully
[02:22] Starting headless browser...
[02:22]   macOS -- using Apple Metal GPU via ANGLE
[02:22]   [1/5] SKIPPED (not in cpu list) multiple_masks.json
[02:22]   [2/5] SKIPPED (not in cpu list) multiple_masks_depthcorrected.json
[02:23] Capturing execution frames: rigged_mesh_manipulation.json
[02:24]   [ComfyUI] [DEPRECATION WARNING] Detected import of deprecated legacy API: /extensions/core/widgetInputs.js. This is likely caused by a custom node extension using outdated APIs. Please update your extensions or contact the extension author for an updated version.
[02:29]   Frame 1 saved (frame_000.jpg, t=0.0s)
[02:29]   Validating workflow...
[02:29]   [ComfyUI] === /validate endpoint called ===
[02:29]   [ComfyUI] Received JSON with keys: ['prompt']
[02:29]   [ComfyUI] Prompt has 2 nodes
[02:29]   [ComfyUI]   Node 2: SAM3DBodyPreviewRiggedMesh
[02:29]   [ComfyUI]     Inputs: {"fbx_output_path": ["4", 0], "preview": ""}
[02:29]   [ComfyUI]   Node 4: SAM3DBodySelectMesh
[02:29]   [ComfyUI]     Inputs: {"source_folder": "input", "file_path": "sam3d_rigged.fbx"}
[02:29]   [ComfyUI] Generated prompt_id: c39b05b2-9634-469d-9f92-d2a76788a1ab
[02:29]   [ComfyUI] Calling execution.validate_prompt()...
[02:29]   [ComfyUI] Validation result: valid=True
[02:29]   [ComfyUI] === Validation PASSED ===
[02:29]   Queuing workflow for execution...
[02:29]   [ComfyUI] got prompt
[02:30]   [ComfyUI] [comfy-env] Running SAM3DBodySelectMesh: source_folder: 'input', file_path: 'sam3d_rigged.fbx'
[02:30]   [ComfyUI] [comfy-env] SubprocessWorker: /Users/runner/.ce/.pixi/envs/sam3dbody-nodes/bin/python
[02:30]   [ComfyUI] [comfy-env] env_vars: {'COMFYUI_BASE': '/Users/runner/work/comfy-gpu-ci/comfy-gpu-ci/test_workspaces/SAM3DBody-1607/ComfyUI'}
[02:30]   [ComfyUI] [SubprocessWorker] call_method: nodes.load_mesh.SAM3DBodySelectMesh.EXECUTE_NORMALIZED
[02:30]   [ComfyUI] [SubprocessWorker] acquired lock, ensuring started...
[02:30]   [ComfyUI] [ComfyUI-SAM3DBody] python: /Users/runner/.ce/.pixi/envs/sam3dbody-nodes/bin/python
[02:30]   [ComfyUI] [ComfyUI-SAM3DBody] sys_path sent to worker: ['/Users/runner/work/comfy-gpu-ci/comfy-gpu-ci/test_workspaces/SAM3DBody-1607/ComfyUI', '/Users/runner/work/comfy-gpu-ci/comfy-gpu-ci/test_workspaces/SAM3DBody-1607/ComfyUI/custom_nodes/ComfyUI-SAM3DBody', '/Users/runner/.ce/.pixi/envs/sam3dbody-nodes/lib/python3.13/site-packages', '/Users/runner/work/comfy-gpu-ci/comfy-gpu-ci/test_workspaces/SAM3DBody-1607/ComfyUI/custom_nodes/ComfyUI-SAM3DBody']
[02:30]   [ComfyUI] [SubprocessWorker] is_pixi=True, python=/Users/runner/.ce/.pixi/envs/sam3dbody-nodes/bin/python
[02:30]   [ComfyUI] [SubprocessWorker] launching cmd=['/Users/runner/.pixi/bin/pixi', 'run', '--as-is', '--manifest-path', '/Users/runner/.ce/pixi.toml', '-e', 'sam3dbody-nodes', 'python', '/var/folders/tb/y368xp_x10s3ty1b_mtl5mxr0000gn/T/comfyui_pvenv_hmk7if02/persistent_worker.py', 'unix:///var/folders/tb/y368xp_x10s3ty1b_mtl5mxr0000gn/T/comfy_worker_040344b833ce.sock']...
[02:30]   [ComfyUI] [SubprocessWorker] socket_addr=unix:///var/folders/tb/y368xp_x10s3ty1b_mtl5mxr0000gn/T/comfy_worker_040344b833ce.sock exists=True
[02:31]   [ComfyUI] [worker:ComfyUI-SAM3DBody] ERROR: Failed to import comfy_kitchen, Error: No module named 'comfy_kitchen', fp8 and fp4 support will not be available.
[02:31]   [ComfyUI] [SubprocessWorker] worker started/confirmed
[02:31]   [ComfyUI] [SubprocessWorker] serializing kwargs to shm...
[02:31]   [ComfyUI] [SubprocessWorker] created 0 shm blocks
[02:31]   [ComfyUI] [SubprocessWorker] sending request via socket...
[02:31]   [ComfyUI] [SubprocessWorker] call_id=1 sending call_method
[02:32]   Frame 2 saved (frame_001.jpg, t=2.2s)
[02:32]   [capture-periodic] freeze=2ms shot=96ms unfreeze=2ms saved=True
[02:32]   [ComfyUI] objc[3348]: Class AVFFrameReceiver is implemented in both /Users/runner/.ce/.pixi/envs/sam3dbody-nodes/lib/libavdevice.62.3.101.dylib (0x1307ec7a8) and /Users/runner/.ce/.pixi/envs/sam3dbody-nodes/lib/python3.13/site-packages/cv2/.dylibs/libavdevice.61.3.100.dylib (0x1381243a8). This may cause spurious casting failures and mysterious crashes. One of the duplicates must be removed or renamed.
[02:32]   [ComfyUI] objc[3348]: Class AVFAudioReceiver is implemented in both /Users/runner/.ce/.pixi/envs/sam3dbody-nodes/lib/libavdevice.62.3.101.dylib (0x1307ec7f8) and /Users/runner/.ce/.pixi/envs/sam3dbody-nodes/lib/python3.13/site-packages/cv2/.dylibs/libavdevice.61.3.100.dylib (0x1381243f8). This may cause spurious casting failures and mysterious crashes. One of the duplicates must be removed or renamed.
[02:32]   [ComfyUI] [SubprocessWorker] got response: ok
[02:32]   [ComfyUI] [comfy-env] SAM3DBodySelectMesh done (2.36s): result: NodeOutput
[02:32]   [ComfyUI] [comfy-env] Running SAM3DBodyPreviewRiggedMesh: fbx_output_path: '/Users/runner/work/comfy-gpu-ci/comfy-gpu-ci/test_worksp...
[02:32]   [ComfyUI] [SubprocessWorker] call_method: nodes.preview.SAM3DBodyPreviewRiggedMesh.EXECUTE_NORMALIZED
[02:32]   [ComfyUI] [SubprocessWorker] acquired lock, ensuring started...
[02:32]   [ComfyUI] [ComfyUI-SAM3DBody] Health check: ping (timeout=5.0s)...
[02:32]   [ComfyUI] [ComfyUI-SAM3DBody] Health check: ok
[02:32]   [ComfyUI] [SubprocessWorker] worker started/confirmed
[02:32]   [ComfyUI] [SubprocessWorker] serializing kwargs to shm...
[02:32]   [ComfyUI] [SubprocessWorker] created 0 shm blocks
[02:32]   [ComfyUI] [SubprocessWorker] sending request via socket...
[02:32]   [ComfyUI] [SubprocessWorker] call_id=2 sending call_method
[02:32]   [ComfyUI] [SubprocessWorker] got response: ok
[02:32]   [ComfyUI] [comfy-env] SAM3DBodyPreviewRiggedMesh done (0.00s): result: NodeOutput
[02:32]   [ComfyUI] Prompt executed in 2.37 seconds
[02:33]   Node executed (1 total), capturing...
[02:33]   Frame 3 saved (frame_002.jpg, t=3.5s)
[02:33]   [capture-node] freeze=2ms shot=102ms unfreeze=0ms saved=True
[02:33]   Execution complete (t=3.5s)
[02:33]   [3d-wait] Phase 1: Waiting for 'Loading 3D Model' text to disappear...
[02:33]   [3d-wait] Phase 1 done in 0.0s
[02:33]   [3d-wait] Phase 2: iframes=1
[02:33]   [3d-wait] iframe viewer_ready=True (matched 1 console logs)
[02:33]   [3d-wait] Unfrozen in 0.002s, rendering for 5s...
[02:38]   [3d-wait] JS halted via CDP after 5.0s
[02:39]   [3d-wait] Re-frozen in 6.1s
[02:39]   [3d-wait] Total 3D wait: 6.1s
[02:39]   Captured 3 unique frames over 9.69s
[02:39]   [debug] iframes: 1
[02:39]   [debug]   iframe[0]: src=http://127.0.0.1:41887/extensions/ComfyUI-GeometryPack/viewer_fbx.html?v=1779120, canvas=486x710, rafFrozen=True
[02:39]   [timing] trigger_3d_previews: 0.0s
[02:41]   Saved high-quality screenshot: rigged_mesh_manipulation_executed.png
[02:41]   [timing] final_screenshot: 0.1s
[02:41]   [4/5] SKIPPED (not in cpu list) rigging.json
[02:42]   [5/5] SKIPPED (not in cpu list) workflow.json
[02:42] Results saved to /Users/runner/work/comfy-gpu-ci/comfy-gpu-ci/comfy-test-logs/SAM3DBody-1607/dev/macos-cpu/results.json
[02:42] Saved: /Users/runner/work/comfy-gpu-ci/comfy-gpu-ci/comfy-test-logs/SAM3DBody-1607/dev/macos-cpu/index.html
[02:42] [EXECUTION] PASSED
[02:42] 
macos: PASSED
[02:42] Stopping ComfyUI server...
