Capturing execution frames: rigged_mesh_manipulation.json
  Frame 1 saved (frame_000.jpg, t=0.0s)
  Validating workflow...
  Queuing workflow for execution...
  Frame 2 saved (frame_001.jpg, t=2.4s)
  [capture-periodic] freeze=5ms shot=137ms unfreeze=6ms saved=True
  Frame 3 saved (frame_002.jpg, t=4.6s)
  [capture-periodic] freeze=6ms shot=125ms unfreeze=5ms saved=True
  [capture-loop] iter=50 t=6.2s state={'complete': False, 'error': None, 'executedCount': 0, 'wsState': 1} eval_ms=7 ram=6.2/16.0GB (39%) swap=0.3/2.9GB (10%) cpu=53% browser_rss=0.75GB
  [capture-loop] iter=100 t=12.7s state={'complete': False, 'error': None, 'executedCount': 0, 'wsState': 1} eval_ms=5 ram=6.3/16.0GB (40%) swap=0.3/2.9GB (10%) cpu=72% browser_rss=0.74GB
  Frame 4 saved (frame_003.jpg, t=15.4s)
  [capture-periodic] freeze=5ms shot=98ms unfreeze=4ms saved=True
  Node executed (1 total), capturing...
  Frame 5 saved (frame_004.jpg, t=15.8s)
  [capture-node] freeze=8ms shot=124ms unfreeze=0ms saved=True
  Execution complete (t=15.8s)
  [3d-wait] Phase 1: Waiting for 'Loading 3D Model' text to disappear...
  [3d-wait] Phase 1 done in 0.0s
  [3d-wait] Phase 2: iframes=1
  [3d-wait] iframe viewer_ready=True (matched 1 console logs)
  [3d-wait] Unfrozen in 0.004s, rendering for 5s...
  [3d-wait] JS halted via CDP after 5.1s
  [3d-wait] Re-frozen in 6.1s
  [3d-wait] Total 3D wait: 6.1s
  Captured 5 unique frames over 22.83s
  [debug] iframes: 1
  [debug]   iframe[0]: src=http://127.0.0.1:8188/extensions/ComfyUI-GeometryPack/viewer_fbx.html?v=17782471, canvas=486x710, rafFrozen=True
  [timing] trigger_3d_previews: 0.0s
  Saved high-quality screenshot: rigged_mesh_manipulation_executed.png
  [timing] final_screenshot: 0.2s
    Captured 6 video frames