[   0s] CDP targets: 1
[   0s]   page: file:///Users/runner/.comfy-test-cache/desktop/ComfyUI.app/Contents/Resources/desktop-ui/index.html#/welcome | ComfyUI
[   2s] Main page: file:///Users/runner/.comfy-test-cache/desktop/ComfyUI.app/Contents/Resources/desktop-ui/index.html#/welcome | ComfyUI
[   2s] Buttons: ['Get Started']
[   2s]   wizard: COMFY_TEST_GPU=0 platform=darwin preferred=['Apple Silicon', 'MPS', 'M4', 'M3', 'M2', 'M1']
[   3s]   clicked [BTN|Get Started]
[   4s]   url: file:///Users/runner/.comfy-test-cache/desktop/ComfyUI.app/Contents/Resources/desktop-ui/index.html#/welcome -> file:///Users/runner/.comfy-test-cache/desktop/ComfyUI.app/Contents/Resources/desktop-ui/index.html#/install
[   5s]   clicked [BTN|Next]
[  11s]   clicked [BTN|Next]
[  13s]   clicked [BTN|Install]
[  15s]   url: file:///Users/runner/.comfy-test-cache/desktop/ComfyUI.app/Contents/Resources/desktop-ui/index.html#/install -> file:///Users/runner/.comfy-test-cache/desktop/ComfyUI.app/Contents/Resources/desktop-ui/index.html#/server-start
[  84s]   /system_stats up after 81s
[  84s]   app: waiting for backend stability (continuous /system_stats up for 30s)
[  84s]   app: /system_stats up; awaiting 30s of stability
[ 115s]   app: backend stable for 30s; proceeding
[ 115s]   capturing canvas load...
[ 123s]   post: waiting for Cloud upsell
[ 123s]   post: clicked Cloud upsell via [button:has-text("Continue Locally"):visible]
[ 126s]   post: waiting for Close Templates
[ 134s]   post: Close Templates not found, skipping
[ 134s]   post: pressed Escape (Close Templates fallback)
[ 137s]   post: waiting for Extensions
[ 137s]   post: clicked Extensions via [button[aria-label="Extensions"]:visible]
[ 140s]   ext: node meta = display='SAM3DBody' publisher='pznodes' version='0.2.14'
[ 143s]   ext: searching "SAM3DBody"
[ 147s]   ext: clicking SAM3DBody by pznodes tile
[ 151s]   ext: scrolling to + opening version selector
[ 154s]   ext: selected 0.2.14
[ 156s]   ext: clicking right-panel Install
[ 158s]   ext: clicked Install (last of 4 visible)
[ 166s]   ext: waiting for "Apply Changes" toast
[ 256s]   ext: clicked Apply Changes
[ 261s]   app: Apply Changes already triggered in-app restart, skipping pkill
[ 267s]   app: relaunching with CDP
[ 267s]   app: waiting for CDP
[ 267s]   app: CDP up after 1s
[ 267s]   app: reconnecting Playwright
[ 267s]   app: attached to http://127.0.0.1:8000/
[ 306s]   app: server ready after 17s
[ 306s]   app: waiting for main canvas (window.app.graph)
[ 306s]   app: canvas ready after 1s (http://127.0.0.1:8000/)
[ 311s]   app: forcing renderer reload to refresh node-pack manifest
[ 315s]   app: canvas re-ready after reload in 3s
[ 318s]   ext: closing Nodes Manager dialog
[ 318s]   ext: dismissing What's New popup
[ 319s]   ext: closed What's New popup
[ 321s]   ext: dismissing Node Pack Issues modal (if present)
[ 321s]   ext: Node Pack Issues modal not present
[ 321s]   ext: opening Templates sidebar
[ 322s]   ext: clicked Templates
[ 326s]   ext: locating "comfyui-sam3dbody" section in Templates panel
[ 328s]   ext: clicked comfyui-sam3dbody section
[ 330s]   ext: fetching comfy-test.toml from https://raw.githubusercontent.com/PozzettiAndrea/ComfyUI-SAM3DBody/main/comfy-test.toml
[ 330s]   ext: cpu spec = include ['rigged_mesh_manipulation']
[ 330s]   ext: picking first matching comfyui-sam3dbody template
[ 330s]   ext: 5 visible cards
[ 330s]   ext: skipping workflow (not in CPU list)
[ 330s]   ext: skipping rigging (not in CPU list)
[ 334s]   ext: clicked template rigged_mesh_manipulation
[ 339s]   ext: installing WS execution listener
[ 339s]   ext: clicking Run
[ 340s]   ext: clicked Run
[ 340s]   ext: waiting for execution_success / execution_error
[ 346s]   ext: WS events=12 elapsed=5s
[ 346s]     ws: {'type': 'status', 'ts': 1779129424910}
[ 346s]     ws: {'type': 'status', 'ts': 1779129424926}
[ 346s]     ws: {'type': 'execution_start', 'ts': 1779129424953}
[ 346s]     ws: {'type': 'execution_cached', 'ts': 1779129424953}
[ 346s]     ws: {'type': 'progress_state', 'ts': 1779129424957}
[ 346s]     ws: {'type': 'executing', 'ts': 1779129424958}
[ 346s]     ws: {'type': 'progress_state', 'ts': 1779129430552}
[ 346s]     ws: {'type': 'progress_state', 'ts': 1779129430573}
[ 346s]     ws: {'type': 'executing', 'ts': 1779129430576}
[ 346s]     ws: {'type': 'executed', 'ts': 1779129430598}
[ 346s]     ws: {'type': 'progress_state', 'ts': 1779129430602}
[ 346s]     ws: {'type': 'execution_success', 'ts': 1779129430612}
[ 346s]   ext: execution_success after 5s
[ 351s]   ext: fetching comfy-test.toml from https://raw.githubusercontent.com/PozzettiAndrea/ComfyUI-SAM3DBody/main/comfy-test.toml
[ 351s]   ext: cpu spec = include ['rigged_mesh_manipulation']
[ 351s]   loop: spec=include items=['rigged_mesh_manipulation'] -> 1 workflow(s) ['rigged_mesh_manipulation']
[ 351s]   loop: matching=1 first_ran='rigged_mesh_manipulation' remaining=0 -> []
[ 351s] Captured 400 frames
[ 351s] Wrote /Users/runner/work/comfy-gpu-ci/comfy-gpu-ci/comfy-test-logs/SAM3DBody-1830/dev/macos-desktop/results.json (1 workflow(s), sha=841547d80aa6)
ffmpeg version 7.1 Copyright (c) 2000-2024 the FFmpeg developers
  built with Apple clang version 13.1.6 (clang-1316.0.21.2.5)
  configuration: --prefix=/Volumes/tempdisk/sw --extra-cflags=-fno-stack-check --arch=arm64 --cc=/usr/bin/clang --enable-gpl --enable-libvmaf --enable-libopenjpeg --enable-libopus --enable-libmp3lame --enable-libx264 --enable-libx265 --enable-libvpx --enable-libwebp --enable-libass --enable-libfreetype --enable-fontconfig --enable-libtheora --enable-libvorbis --enable-libsnappy --enable-libaom --enable-libvidstab --enable-libzimg --enable-libsvtav1 --enable-libharfbuzz --enable-libkvazaar --pkg-config-flags=--static --enable-ffplay --enable-postproc --enable-neon --enable-runtime-cpudetect --disable-indev=qtkit --disable-indev=x11grab_xcb
  libavutil      59. 39.100 / 59. 39.100
  libavcodec     61. 19.100 / 61. 19.100
  libavformat    61.  7.100 / 61.  7.100
  libavdevice    61.  3.100 / 61.  3.100
  libavfilter    10.  4.100 / 10.  4.100
  libswscale      8.  3.100 /  8.  3.100
  libswresample   5.  3.100 /  5.  3.100
  libpostproc    58.  3.100 / 58.  3.100
Input #0, image2, from '/Users/runner/work/comfy-gpu-ci/comfy-gpu-ci/comfy-test-logs/SAM3DBody-1830/dev/macos-desktop/debug/electron_inspect/frames/frame_%06d.png':
  Duration: 00:01:20.00, start: 0.000000, bitrate: N/A
  Stream #0:0: Video: png, rgb24(pc, gbr/bt709/iec61966-2-1), 1024x656, 5 fps, 5 tbr, 5 tbn
Stream mapping:
  Stream #0:0 -> #0:0 (png (native) -> h264 (libx264))
Press [q] to stop, [?] for help
[libx264 @ 0x153804b80] using cpu capabilities: ARMv8 NEON
[libx264 @ 0x153804b80] profile High, level 3.1, 4:2:0, 8-bit
[libx264 @ 0x153804b80] 264 - core 164 r3190 7ed753b - H.264/MPEG-4 AVC codec - Copyleft 2003-2024 - http://www.videolan.org/x264.html - options: cabac=1 ref=3 deblock=1:0:0 analyse=0x3:0x113 me=hex subme=7 psy=1 psy_rd=1.00:0.00 mixed_ref=1 me_range=16 chroma_me=1 trellis=1 8x8dct=1 cqm=0 deadzone=21,11 fast_pskip=1 chroma_qp_offset=-2 threads=4 lookahead_threads=1 sliced_threads=0 nr=0 decimate=1 interlaced=0 bluray_compat=0 constrained_intra=0 bframes=3 b_pyramid=2 b_adapt=1 b_bias=0 direct=1 weightb=1 open_gop=0 weightp=2 keyint=250 keyint_min=5 scenecut=40 intra_refresh=0 rc_lookahead=40 rc=crf mbtree=1 crf=23.0 qcomp=0.60 qpmin=0 qpmax=69 qpstep=4 ip_ratio=1.40 aq=1:1.00
Output #0, mp4, to '/Users/runner/work/comfy-gpu-ci/comfy-gpu-ci/comfy-test-logs/SAM3DBody-1830/dev/macos-desktop/debug/electron_inspect/driver.mp4':
  Metadata:
    encoder         : Lavf61.7.100
  Stream #0:0: Video: h264 (avc1 / 0x31637661), yuv420p(tv, unknown/bt709/iec61966-2-1, progressive), 1024x656, q=2-31, 5 fps, 10240 tbn
      Metadata:
        encoder         : Lavc61.19.100 libx264
      Side data:
        cpb: bitrate max/min/avg: 0/0/0 buffer size: 0 vbv_delay: N/A
frame=   20 fps=0.0 q=23.0 size=       0KiB time=00:00:03.60 bitrate=   0.1kbits/s speed=5.56x    
frame=   49 fps= 41 q=23.0 size=     256KiB time=00:00:09.40 bitrate= 223.1kbits/s speed=7.89x    
frame=   93 fps= 54 q=23.0 size=     256KiB time=00:00:18.20 bitrate= 115.2kbits/s speed=10.7x    
frame=  134 fps= 57 q=23.0 size=     512KiB time=00:00:26.40 bitrate= 158.9kbits/s speed=11.2x    
frame=  188 fps= 63 q=23.0 size=     512KiB time=00:00:37.20 bitrate= 112.8kbits/s speed=12.4x    
frame=  230 fps= 63 q=23.0 size=     512KiB time=00:00:45.60 bitrate=  92.0kbits/s speed=12.5x    
frame=  279 fps= 65 q=23.0 size=     512KiB time=00:00:55.40 bitrate=  75.7kbits/s speed=  13x    
frame=  346 fps= 70 q=23.0 size=     512KiB time=00:01:08.80 bitrate=  61.0kbits/s speed=  14x    
frame=  365 fps= 67 q=23.0 size=     768KiB time=00:01:12.60 bitrate=  86.7kbits/s speed=13.4x    
[out#0/mp4 @ 0x6000001d40c0] video:1079KiB audio:0KiB subtitle:0KiB other streams:0KiB global headers:0KiB muxing overhead: 0.508182%
frame=  400 fps= 69 q=-1.0 Lsize=    1084KiB time=00:01:19.60 bitrate= 111.6kbits/s speed=13.8x    
[libx264 @ 0x153804b80] frame I:9     Avg QP: 8.69  size: 46314
[libx264 @ 0x153804b80] frame P:112   Avg QP:17.11  size:  3894
[libx264 @ 0x153804b80] frame B:279   Avg QP:22.31  size:   899
[libx264 @ 0x153804b80] consecutive B-frames:  4.5%  6.0%  4.5% 85.0%
[libx264 @ 0x153804b80] mb I  I16..4: 53.1% 16.4% 30.5%
[libx264 @ 0x153804b80] mb P  I16..4:  2.5%  3.1%  2.4%  P16..4:  2.0%  0.7%  0.5%  0.0%  0.0%    skip:88.8%
[libx264 @ 0x153804b80] mb B  I16..4:  0.1%  0.4%  0.3%  B16..8:  3.4%  0.4%  0.2%  direct: 0.1%  skip:95.2%  L0:50.3% L1:47.5% BI: 2.3%
[libx264 @ 0x153804b80] 8x8 transform intra:30.3% inter:47.5%
[libx264 @ 0x153804b80] coded y,uvDC,uvAC intra: 37.2% 19.3% 14.4% inter: 0.7% 0.5% 0.1%
[libx264 @ 0x153804b80] i16 v,h,dc,p: 67% 30%  2%  2%
[libx264 @ 0x153804b80] i8 v,h,dc,ddl,ddr,vr,hd,vl,hu: 37% 16% 34%  2%  2%  2%  3%  2%  3%
[libx264 @ 0x153804b80] i4 v,h,dc,ddl,ddr,vr,hd,vl,hu: 33% 29% 16%  2%  4%  4%  5%  3%  4%
[libx264 @ 0x153804b80] i8c dc,h,v,p: 78% 13%  7%  2%
[libx264 @ 0x153804b80] Weighted P-Frames: Y:2.7% UV:1.8%
[libx264 @ 0x153804b80] ref P L0: 62.6%  3.3% 19.3% 14.6%  0.2%
[libx264 @ 0x153804b80] ref B L0: 64.0% 31.2%  4.8%
[libx264 @ 0x153804b80] ref B L1: 93.1%  6.9%
[libx264 @ 0x153804b80] kb/s:110.38
[ 357s] Wrote /Users/runner/work/comfy-gpu-ci/comfy-gpu-ci/comfy-test-logs/SAM3DBody-1830/dev/macos-desktop/debug/electron_inspect/driver.mp4
ffmpeg version 7.1 Copyright (c) 2000-2024 the FFmpeg developers
  built with Apple clang version 13.1.6 (clang-1316.0.21.2.5)
  configuration: --prefix=/Volumes/tempdisk/sw --extra-cflags=-fno-stack-check --arch=arm64 --cc=/usr/bin/clang --enable-gpl --enable-libvmaf --enable-libopenjpeg --enable-libopus --enable-libmp3lame --enable-libx264 --enable-libx265 --enable-libvpx --enable-libwebp --enable-libass --enable-libfreetype --enable-fontconfig --enable-libtheora --enable-libvorbis --enable-libsnappy --enable-libaom --enable-libvidstab --enable-libzimg --enable-libsvtav1 --enable-libharfbuzz --enable-libkvazaar --pkg-config-flags=--static --enable-ffplay --enable-postproc --enable-neon --enable-runtime-cpudetect --disable-indev=qtkit --disable-indev=x11grab_xcb
  libavutil      59. 39.100 / 59. 39.100
  libavcodec     61. 19.100 / 61. 19.100
  libavformat    61.  7.100 / 61.  7.100
  libavdevice    61.  3.100 / 61.  3.100
  libavfilter    10.  4.100 / 10.  4.100
  libswscale      8.  3.100 /  8.  3.100
  libswresample   5.  3.100 /  5.  3.100
  libpostproc    58.  3.100 / 58.  3.100
Input #0, image2, from '/Users/runner/work/comfy-gpu-ci/comfy-gpu-ci/comfy-test-logs/SAM3DBody-1830/dev/macos-desktop/debug/electron_inspect/frames/frame_%06d.png':
  Duration: 00:00:03.00, start: 0.000000, bitrate: N/A
  Stream #0:0: Video: png, rgb24(pc, gbr/bt709/iec61966-2-1), 1024x656, 5 fps, 5 tbr, 5 tbn
Stream mapping:
  Stream #0:0 -> #0:0 (png (native) -> h264 (libx264))
Press [q] to stop, [?] for help
[libx264 @ 0x139805980] using cpu capabilities: ARMv8 NEON
[libx264 @ 0x139805980] profile High, level 3.1, 4:2:0, 8-bit
[libx264 @ 0x139805980] 264 - core 164 r3190 7ed753b - H.264/MPEG-4 AVC codec - Copyleft 2003-2024 - http://www.videolan.org/x264.html - options: cabac=1 ref=3 deblock=1:0:0 analyse=0x3:0x113 me=hex subme=7 psy=1 psy_rd=1.00:0.00 mixed_ref=1 me_range=16 chroma_me=1 trellis=1 8x8dct=1 cqm=0 deadzone=21,11 fast_pskip=1 chroma_qp_offset=-2 threads=4 lookahead_threads=1 sliced_threads=0 nr=0 decimate=1 interlaced=0 bluray_compat=0 constrained_intra=0 bframes=3 b_pyramid=2 b_adapt=1 b_bias=0 direct=1 weightb=1 open_gop=0 weightp=2 keyint=250 keyint_min=5 scenecut=40 intra_refresh=0 rc_lookahead=40 rc=crf mbtree=1 crf=23.0 qcomp=0.60 qpmin=0 qpmax=69 qpstep=4 ip_ratio=1.40 aq=1:1.00
Output #0, mp4, to '/Users/runner/work/comfy-gpu-ci/comfy-gpu-ci/comfy-test-logs/SAM3DBody-1830/dev/macos-desktop/videos/rigged_mesh_manipulation/driver.mp4':
  Metadata:
    encoder         : Lavf61.7.100
  Stream #0:0: Video: h264 (avc1 / 0x31637661), yuv420p(tv, unknown/bt709/iec61966-2-1, progressive), 1024x656, q=2-31, 5 fps, 10240 tbn
      Metadata:
        encoder         : Lavc61.19.100 libx264
      Side data:
        cpb: bitrate max/min/avg: 0/0/0 buffer size: 0 vbv_delay: N/A
[out#0/mp4 @ 0x600002e8c180] video:47KiB audio:0KiB subtitle:0KiB other streams:0KiB global headers:0KiB muxing overhead: 2.155681%
frame=   15 fps=0.0 q=-1.0 Lsize=      48KiB time=00:00:02.60 bitrate= 151.8kbits/s speed=9.15x    
[libx264 @ 0x139805980] frame I:1     Avg QP:12.18  size: 37060
[libx264 @ 0x139805980] frame P:4     Avg QP:15.16  size:  2087
[libx264 @ 0x139805980] frame B:10    Avg QP:20.62  size:   219
[libx264 @ 0x139805980] consecutive B-frames:  6.7% 13.3%  0.0% 80.0%
[libx264 @ 0x139805980] mb I  I16..4: 43.4% 28.7% 27.9%
[libx264 @ 0x139805980] mb P  I16..4:  2.3%  0.4%  0.9%  P16..4:  2.3%  0.5%  0.2%  0.0%  0.0%    skip:93.5%
[libx264 @ 0x139805980] mb B  I16..4:  0.1%  0.0%  0.0%  B16..8:  6.2%  0.3%  0.0%  direct: 0.0%  skip:93.4%  L0:52.3% L1:47.6% BI: 0.1%
[libx264 @ 0x139805980] 8x8 transform intra:26.6% inter:63.8%
[libx264 @ 0x139805980] coded y,uvDC,uvAC intra: 34.9% 8.9% 6.2% inter: 0.4% 0.1% 0.1%
[libx264 @ 0x139805980] i16 v,h,dc,p: 57% 43%  0%  0%
[libx264 @ 0x139805980] i8 v,h,dc,ddl,ddr,vr,hd,vl,hu: 52% 10% 35%  0%  0%  0%  1%  0%  1%
[libx264 @ 0x139805980] i4 v,h,dc,ddl,ddr,vr,hd,vl,hu: 36% 34% 14%  2%  2%  2%  4%  2%  3%
[libx264 @ 0x139805980] i8c dc,h,v,p: 81% 12%  7%  0%
[libx264 @ 0x139805980] Weighted P-Frames: Y:0.0% UV:0.0%
[libx264 @ 0x139805980] ref P L0: 76.0% 11.9% 10.6%  1.4%
[libx264 @ 0x139805980] ref B L0: 45.9% 53.4%  0.7%
[libx264 @ 0x139805980] ref B L1: 97.6%  2.4%
[libx264 @ 0x139805980] kb/s:126.94
[ 358s]   videos/rigged_mesh_manipulation/driver.mp4 placed (frames 386..400)
[ 358s]   screenshots/rigged_mesh_manipulation_executed.png placed
[ 358s]   removed /Users/runner/work/comfy-gpu-ci/comfy-gpu-ci/comfy-test-logs/SAM3DBody-1830/dev/macos-desktop/debug/electron_inspect/frames after successful encode
