Capturing execution frames: rigged_mesh_manipulation.json
  Frame 1 saved (frame_000.jpg, t=0.0s)
  Validating workflow...
  Queuing workflow for execution...
  Frame 2 saved (frame_001.jpg, t=2.3s)
  [capture-periodic] freeze=5ms shot=141ms unfreeze=5ms saved=True
  Frame 3 saved (frame_002.jpg, t=4.6s)
  [capture-periodic] freeze=5ms shot=146ms unfreeze=5ms saved=True
  [capture-loop] iter=50 t=6.6s state={'complete': False, 'error': None, 'executedCount': 0, 'wsState': 1} eval_ms=5 ram=6.1/16.0GB (38%) swap=0.3/2.9GB (10%) cpu=53% browser_rss=0.75GB
  [capture-loop] iter=100 t=13.2s state={'complete': False, 'error': None, 'executedCount': 0, 'wsState': 1} eval_ms=6 ram=6.2/16.0GB (39%) swap=0.3/2.9GB (10%) cpu=81% browser_rss=0.75GB
  Node executed (1 total), capturing...
  Frame 4 saved (frame_003.jpg, t=15.1s)
  [capture-node] freeze=10ms shot=142ms unfreeze=6ms saved=True
  Execution complete (t=16.7s)
  [3d-wait] Phase 1: Waiting for 'Loading 3D Model' text to disappear...
  [3d-wait] Phase 1 done in 0.1s
  [3d-wait] Phase 2: iframes=1
  [3d-wait] iframe viewer_ready=True (matched 1 console logs)
  [3d-wait] Unfrozen in 0.118s, rendering for 5s...
  [3d-wait] JS halted via CDP after 5.3s
  [3d-wait] Re-frozen in 6.3s
  [3d-wait] Total 3D wait: 6.8s
  Captured 4 unique frames over 23.61s
  [debug] iframes: 1
  [debug]   iframe[0]: src=http://127.0.0.1:8188/extensions/ComfyUI-GeometryPack/viewer_fbx.html?v=17782395, canvas=486x710, rafFrozen=True
  [timing] trigger_3d_previews: 0.0s
  Saved high-quality screenshot: rigged_mesh_manipulation_executed.png
  [timing] final_screenshot: 0.2s
    Captured 5 video frames