[00:00] Crash dump logging enabled: /home/runner/work/comfy-gpu-ci/comfy-gpu-ci/comfy-test-logs/SAM3DBody-1607/dev/linux-cpu/crash_dump.log
[00:00] 
[00:00] [1/5] SYNTAX
[00:00] ----------------------------------------
[00:00] 
[DEBUG] server=None, api=None
[00:00] Found pyproject.toml (modern format)
[00:00] Found requirements.txt (legacy format)
[00:00] Unicode check: OK (all characters cp1252-safe)
[00:00] Forbidden patterns check: OK
[00:00] [SYNTAX] PASSED
[00:00] 
[00:00] [2/5] INSTALL
[00:00] ----------------------------------------
[00:00] 
[DEBUG] server=None, api=None
[00:00] 
Setting up ComfyUI...
[00:00] Creating virtual environment...
[00:00] Running: uv venv /home/runner/work/comfy-gpu-ci/comfy-gpu-ci/test_workspaces/SAM3DBody-1607/.venv --python 3.11
[00:01] torch_version='2.10.0' -> pinning torch==2.10.0 torchvision==0.25.0 torchaudio==2.10.0
[00:01] Cloning ComfyUI (latest)...
[00:02] Running: git clone --depth 1 https://github.com/comfyanonymous/ComfyUI.git /home/runner/work/comfy-gpu-ci/comfy-gpu-ci/test_workspaces/SAM3DBody-1607/ComfyUI
[00:03] Pinning torch family from https://download.pytorch.org/whl/cpu: torch==2.10.0 torchvision==0.25.0 torchaudio==2.10.0
[00:03] Running: uv pip install --python /home/runner/work/comfy-gpu-ci/comfy-gpu-ci/test_workspaces/SAM3DBody-1607/.venv/bin/python --index-url https://download.pytorch.org/whl/cpu --extra-index-url https://pypi.org/simple --index-strategy unsafe-best-match torch==2.10.0 torchvision==0.25.0 torchaudio==2.10.0
[00:08] Installing ComfyUI requirements...
[00:08] Running: uv pip install --python /home/runner/work/comfy-gpu-ci/comfy-gpu-ci/test_workspaces/SAM3DBody-1607/.venv/bin/python --index-url https://download.pytorch.org/whl/cpu --extra-index-url https://pypi.org/simple --index-strategy unsafe-best-match -r /home/runner/work/comfy-gpu-ci/comfy-gpu-ci/test_workspaces/SAM3DBody-1607/ComfyUI/requirements.txt
[00:14] 
Installing custom node...
[00:14] Copying ComfyUI-SAM3DBody to custom_nodes/...
[00:14] Installing node requirements...
[00:14] Running: uv pip install --python /home/runner/work/comfy-gpu-ci/comfy-gpu-ci/test_workspaces/SAM3DBody-1607/.venv/bin/python --index-url https://download.pytorch.org/whl/cpu --extra-index-url https://pypi.org/simple --index-strategy unsafe-best-match -r /home/runner/work/comfy-gpu-ci/comfy-gpu-ci/test_workspaces/SAM3DBody-1607/ComfyUI/custom_nodes/ComfyUI-SAM3DBody/requirements.txt
[00:16] 
Running install.py...
[00:16] Running: /home/runner/work/comfy-gpu-ci/comfy-gpu-ci/test_workspaces/SAM3DBody-1607/.venv/bin/python /home/runner/work/comfy-gpu-ci/comfy-gpu-ci/test_workspaces/SAM3DBody-1607/ComfyUI/custom_nodes/ComfyUI-SAM3DBody/install.py
[00:16]   
[00:16]   Installing 3 node dependencies...
[00:16]     Cloning ComfyUI-Multiband...
[00:17]     Installing requirements for ComfyUI-Multiband...
[00:17]     Cloning ComfyUI-DepthAnythingV3...
[00:18]     Installing requirements for ComfyUI-DepthAnythingV3...
[00:18]     Running install.py for ComfyUI-DepthAnythingV3...
[00:18]   
[00:18]   Installing 3 node dependencies...
[00:18]     Cloning ComfyUI-VideoHelperSuite...
[00:19]     Installing requirements for ComfyUI-VideoHelperSuite...
[00:20]     Cloning ComfyUI-KJNodes...
[00:21]     Installing requirements for ComfyUI-KJNodes...
[00:23]     Cloning ComfyUI-GeometryPack...
[00:25]     Installing requirements for ComfyUI-GeometryPack...
[00:26]     Running install.py for ComfyUI-GeometryPack...
[00:27]   [comfy-env] _discover: scanning /home/runner/work/comfy-gpu-ci/comfy-gpu-ci/test_workspaces/SAM3DBody-1607/ComfyUI/custom_nodes
[00:27]   [comfy-env] _discover: ComfyUI-DepthAnythingV3 -> depthanythingv3-nodes (custom_nodes/ComfyUI-DepthAnythingV3/nodes/comfy-env.toml)
[00:27]   [comfy-env] _discover: ComfyUI-GeometryPack -> geometrypack-nodes (custom_nodes/ComfyUI-GeometryPack/nodes/comfy-env.toml)
[00:27]   [comfy-env] _discover: ComfyUI-KJNodes: no comfy-env.toml found
[00:27]   [comfy-env] _discover: ComfyUI-Multiband: no comfy-env.toml found
[00:27]   [comfy-env] _discover: ComfyUI-SAM3DBody -> sam3dbody-nodes (custom_nodes/ComfyUI-SAM3DBody/nodes/comfy-env.toml)
[00:27]   [comfy-env] _discover: ComfyUI-VideoHelperSuite: no comfy-env.toml found
[00:27]   [comfy-env] Workspace: /home/runner/.ce
[00:27]   [comfy-env] ComfyUI: /home/runner/work/comfy-gpu-ci/comfy-gpu-ci/test_workspaces/SAM3DBody-1607/ComfyUI
[00:27]   [comfy-env] Found 3 node config(s):
[00:27]     - depthanythingv3-nodes <- custom_nodes/ComfyUI-DepthAnythingV3/nodes/comfy-env.toml (python=host)
[00:27]     - geometrypack-nodes <- custom_nodes/ComfyUI-GeometryPack/nodes/comfy-env.toml (python=host)
[00:27]     - sam3dbody-nodes <- custom_nodes/ComfyUI-SAM3DBody/nodes/comfy-env.toml (python=host)
[00:27]   [comfy-env] Bootstrap interpreter has python 3.11 + torch 2.10.0 (cpu). Looking for cuda-only wheels matching cpu/torch2.10/cp311.
[00:29]   [comfy-env] GPU: No GPU detected
[00:29]   [comfy-env] No CUDA detected -- pinning comfyui torch to CPU index
[00:29]   [comfy-env] Host glibc 2.39 -> system-requirements
[00:29]   Generated /home/runner/.ce/pixi.toml
[00:29]   [comfy-env] Installing 3 environment(s):
[00:29]     - depthanythingv3-nodes (python=host, 10 pypi deps, 2 cuda wheels)
[00:29]     - geometrypack-nodes (python=host, 14 pypi deps, 1 cuda wheels)
[00:29]     - sam3dbody-nodes (python=host, 11 pypi deps, 6 cuda wheels)
[00:29]   [comfy-env] Running `pixi install -e depthanythingv3-nodes -e geometrypack-nodes -e sam3dbody-nodes`...
[00:38]      WARN Skipped running the post-link scripts because `run-post-link-scripts` = `false`
[00:38]     	- bin/.librsvg-pre-unlink.sh
[00:38]     To enable them, run:
[00:38]     	pixi config set --local run-post-link-scripts insecure
[00:38]     More info:
[00:38]     	https://pixi.sh/latest/reference/pixi_configuration/#run-post-link-scripts
[00:56]      WARN Skipped running the post-link scripts because `run-post-link-scripts` = `false`
[00:56]     	- bin/.librsvg-pre-unlink.sh
[00:56]     To enable them, run:
[00:56]     	pixi config set --local run-post-link-scripts insecure
[00:56]     More info:
[00:56]     	https://pixi.sh/latest/reference/pixi_configuration/#run-post-link-scripts
[00:58]      WARN Skipped running the post-link scripts because `run-post-link-scripts` = `false`
[00:58]     	- bin/.librsvg-pre-unlink.sh
[00:58]     To enable them, run:
[00:58]     	pixi config set --local run-post-link-scripts insecure
[00:58]     More info:
[00:58]     	https://pixi.sh/latest/reference/pixi_configuration/#run-post-link-scripts
[01:01]     ✔ The following environments have been installed: depthanythingv3-nodes, geometrypack-nodes, sam3dbody-nodes.
[01:01]   [comfy-env] Recorded install hash adfc5606e6d2 -> /home/runner/.ce/install.hash
[01:01]   [comfy-env] Install log: /home/runner/.ce/install.log
[01:01]   
[01:01]   Installation complete!
[01:01]   
[01:01]   [requirements] Re-installing main package requirements...
[01:01]     Installing requirements for ComfyUI-DepthAnythingV3...
[01:01]   [comfy-env] _discover: scanning /home/runner/work/comfy-gpu-ci/comfy-gpu-ci/test_workspaces/SAM3DBody-1607/ComfyUI/custom_nodes
[01:01]   [comfy-env] _discover: ComfyUI-DepthAnythingV3 -> depthanythingv3-nodes (custom_nodes/ComfyUI-DepthAnythingV3/nodes/comfy-env.toml)
[01:01]   [comfy-env] _discover: ComfyUI-GeometryPack -> geometrypack-nodes (custom_nodes/ComfyUI-GeometryPack/nodes/comfy-env.toml)
[01:01]   [comfy-env] _discover: ComfyUI-KJNodes: no comfy-env.toml found
[01:01]   [comfy-env] _discover: ComfyUI-Multiband: no comfy-env.toml found
[01:01]   [comfy-env] _discover: ComfyUI-SAM3DBody -> sam3dbody-nodes (custom_nodes/ComfyUI-SAM3DBody/nodes/comfy-env.toml)
[01:01]   [comfy-env] _discover: ComfyUI-VideoHelperSuite: no comfy-env.toml found
[01:01]   [comfy-env] Workspace inputs unchanged (hash adfc5606e6d2) -- skipping install. Delete /home/runner/.ce/install.hash to force.
[01:01]   
[01:01]   Installation complete!
[01:01]     ComfyUI-VideoHelperSuite: exists
[01:01]     ComfyUI-KJNodes: exists
[01:01]     ComfyUI-GeometryPack: exists
[01:01]     Cloning ComfyUI-CameraPack...
[01:01]   
[01:01]   [requirements] Re-installing main package requirements...
[01:01]     Installing requirements for ComfyUI-SAM3DBody...
[01:01]   [comfy-env] _discover: scanning /home/runner/work/comfy-gpu-ci/comfy-gpu-ci/test_workspaces/SAM3DBody-1607/ComfyUI/custom_nodes
[01:01]   [comfy-env] _discover: ComfyUI-CameraPack: no comfy-env.toml found
[01:01]   [comfy-env] _discover: ComfyUI-DepthAnythingV3 -> depthanythingv3-nodes (custom_nodes/ComfyUI-DepthAnythingV3/nodes/comfy-env.toml)
[01:01]   [comfy-env] _discover: ComfyUI-GeometryPack -> geometrypack-nodes (custom_nodes/ComfyUI-GeometryPack/nodes/comfy-env.toml)
[01:01]   [comfy-env] _discover: ComfyUI-KJNodes: no comfy-env.toml found
[01:01]   [comfy-env] _discover: ComfyUI-Multiband: no comfy-env.toml found
[01:01]   [comfy-env] _discover: ComfyUI-SAM3DBody -> sam3dbody-nodes (custom_nodes/ComfyUI-SAM3DBody/nodes/comfy-env.toml)
[01:01]   [comfy-env] _discover: ComfyUI-VideoHelperSuite: no comfy-env.toml found
[01:01]   [comfy-env] Workspace inputs unchanged (hash adfc5606e6d2) -- skipping install. Delete /home/runner/.ce/install.hash to force.
[01:01]   
[01:01]   Installation complete!
[01:01] Installing 3 node dependency(ies)...
[01:01]   ComfyUI-Multiband from PozzettiAndrea/ComfyUI-Multiband
[01:01]   ComfyUI-Multiband already exists, skipping...
[01:01]   ComfyUI-DepthAnythingV3 from PozzettiAndrea/ComfyUI-DepthAnythingV3
[01:01]   ComfyUI-DepthAnythingV3 already exists, skipping...
[01:01]   ComfyUI-CameraPack from PozzettiAndrea/ComfyUI-CameraPack
[01:01]   ComfyUI-CameraPack already exists, skipping...
[01:01] Installing validation endpoint...
[01:01]   Cloning PozzettiAndrea/ComfyUI-validate-endpoint...
[01:01] Running: git clone --depth 1 https://x-access-token:***@github.com/PozzettiAndrea/ComfyUI-validate-endpoint.git /home/runner/work/comfy-gpu-ci/comfy-gpu-ci/test_workspaces/SAM3DBody-1607/ComfyUI/custom_nodes/ComfyUI-validate-endpoint
[01:02] CUDA packages absent (will mock): detectron2, torch_scatter, torch_sparse, torch_cluster, flash_attn, sageattention
[01:02] [INSTALL] PASSED
[01:02] 
[01:02] [3/5] REGISTRATION
[01:02] ----------------------------------------
[01:02] 
[DEBUG] server=None, api=None
[01:02] 
Starting ComfyUI server...
[01:02] Starting ComfyUI server on port 41885...
[01:02] CUDA mock packages: detectron2, torch_scatter, torch_sparse, torch_cluster, flash_attn, sageattention
[01:02] Starting ComfyUI server on port 41885...
[01:02] Waiting for server to be ready (timeout: 600s)...
[01:03]   [ComfyUI] setup plugin alembic.autogenerate.schemas
[01:03]   [ComfyUI] setup plugin alembic.autogenerate.tables
[01:03]   [ComfyUI] setup plugin alembic.autogenerate.types
[01:03]   [ComfyUI] setup plugin alembic.autogenerate.constraints
[01:03]   [ComfyUI] setup plugin alembic.autogenerate.defaults
[01:03]   [ComfyUI] setup plugin alembic.autogenerate.comments
[01:03]   [ComfyUI] [comfy-env] ComfyUI-SAM3DBody: 1 isolation env(s):
[01:03]   [ComfyUI] [comfy-env]   nodes -> /home/runner/work/comfy-gpu-ci/comfy-gpu-ci/test_workspaces/SAM3DBody-1607/ComfyUI/custom_nodes/ComfyUI-SAM3DBody/nodes
[01:03]   [ComfyUI] [comfy-env] Workspace: /home/runner/.ce
[01:03]   [ComfyUI] [comfy-env]     env: /home/runner/.ce/.pixi/envs/sam3dbody-nodes  [OK]
[01:03]   [ComfyUI] [comfy-env] prestartup complete
[01:03]   [ComfyUI] [comfy-env] ComfyUI-DepthAnythingV3: 1 isolation env(s):
[01:03]   [ComfyUI] [comfy-env]   nodes -> /home/runner/work/comfy-gpu-ci/comfy-gpu-ci/test_workspaces/SAM3DBody-1607/ComfyUI/custom_nodes/ComfyUI-DepthAnythingV3/nodes
[01:03]   [ComfyUI] [comfy-env]     env: /home/runner/.ce/.pixi/envs/depthanythingv3-nodes  [OK]
[01:03]   [ComfyUI] [comfy-env] prestartup complete
[01:03]   [ComfyUI] [comfy-env] ComfyUI-GeometryPack: 1 isolation env(s):
[01:03]   [ComfyUI] [comfy-env]   nodes -> /home/runner/work/comfy-gpu-ci/comfy-gpu-ci/test_workspaces/SAM3DBody-1607/ComfyUI/custom_nodes/ComfyUI-GeometryPack/nodes
[01:03]   [ComfyUI] [comfy-env]     env: /home/runner/.ce/.pixi/envs/geometrypack-nodes  [OK]
[01:03]   [ComfyUI] [comfy-env] prestartup complete
[01:03]   [ComfyUI] 
[01:03]   [ComfyUI] Prestartup times for custom nodes:
[01:03]   [ComfyUI]    0.0 seconds: /home/runner/work/comfy-gpu-ci/comfy-gpu-ci/test_workspaces/SAM3DBody-1607/ComfyUI/custom_nodes/ComfyUI-DepthAnythingV3
[01:03]   [ComfyUI]    0.0 seconds: /home/runner/work/comfy-gpu-ci/comfy-gpu-ci/test_workspaces/SAM3DBody-1607/ComfyUI/custom_nodes/ComfyUI-GeometryPack
[01:03]   [ComfyUI]    0.2 seconds: /home/runner/work/comfy-gpu-ci/comfy-gpu-ci/test_workspaces/SAM3DBody-1607/ComfyUI/custom_nodes/ComfyUI-SAM3DBody
[01:03]   [ComfyUI] 
[01:07]   [ComfyUI] Found comfy_kitchen backend eager: {'available': True, 'disabled': False, 'unavailable_reason': None, 'capabilities': ['apply_rope', 'apply_rope1', 'dequantize_mxfp8', 'dequantize_nvfp4', 'dequantize_per_tensor_fp8', 'quantize_mxfp8', 'quantize_nvfp4', 'quantize_per_tensor_fp8', 'scaled_mm_mxfp8', 'scaled_mm_nvfp4']}
[01:07]   [ComfyUI] Found comfy_kitchen backend cuda: {'available': False, 'disabled': True, 'unavailable_reason': 'CUDA not available on this system', 'capabilities': []}
[01:07]   [ComfyUI] Found comfy_kitchen backend triton: {'available': False, 'disabled': True, 'unavailable_reason': "ImportError: No module named 'triton'", 'capabilities': []}
[01:07]   [ComfyUI] Checkpoint files will always be loaded safely.
[01:07]   [ComfyUI] Total VRAM 15990 MB, total RAM 15990 MB
[01:07]   [ComfyUI] pytorch version: 2.10.0+cpu
[01:07]   [ComfyUI] Set vram state to: DISABLED
[01:07]   [ComfyUI] Device: cpu
[01:07]   [ComfyUI] Using sub quadratic optimization for attention, if you have memory or speed issues try using: --use-split-cross-attention
[01:12]   [ComfyUI] Python version: 3.11.15 (main, May 10 2026, 19:28:18) [Clang 22.1.3 ]
[01:12]   [ComfyUI] ComfyUI version: 0.21.1
[01:12]   [ComfyUI] comfy-aimdo version: 0.3.0
[01:12]   [ComfyUI] comfy-kitchen version: 0.2.8
[01:12]   [ComfyUI] ****** User settings have been changed to be stored on the server instead of browser storage. ******
[01:12]   [ComfyUI] ****** For multi-user setups add the --multi-user CLI argument to enable multiple user profiles. ******
[01:12]   [ComfyUI] comfyui-frontend-package version: 1.43.18
[01:12]   [ComfyUI] comfyui-workflow-templates version: 0.9.77
[01:12]   [ComfyUI] comfyui-embedded-docs version: 0.5.0
[01:12]   [ComfyUI] comfy-kitchen version: 0.2.8
[01:12]   [ComfyUI] comfy-aimdo version: 0.3.0
[01:12]   [ComfyUI] [Prompt Server] web root: /home/runner/work/comfy-gpu-ci/comfy-gpu-ci/test_workspaces/SAM3DBody-1607/.venv/lib/python3.11/site-packages/comfyui_frontend_package/static
[01:12]   [ComfyUI] Asset seeder disabled
[01:14]   [ComfyUI] [comfy-env] Version: 0.3.89
[01:14]   [ComfyUI] [comfy-env] register_nodes: ComfyUI-SAM3DBody
[01:14]   [ComfyUI] [comfy-env] ComfyUI source dir: /home/runner/work/comfy-gpu-ci/comfy-gpu-ci/test_workspaces/SAM3DBody-1607/ComfyUI
[01:14]   [ComfyUI] [comfy-env] Found 1 isolation env(s)
[01:14]   [ComfyUI] [comfy-env] Scanning nodes metadata (isolation root)...
[01:14]   [ComfyUI] [comfy-env] Metadata scan: /home/runner/.pixi/bin/pixi run --as-is --manifest-path /home/runner/.ce/pixi.toml -e sam3dbody-nodes python /tmp/comfy_meta_7ep539eo.py /home/runner/work/comfy-gpu-ci/comfy-gpu-ci/test_workspaces/SAM3DBody-1607/ComfyUI/custom_nodes/ComfyUI-SAM3DBody nodes /tmp/comfy_meta_out_2fxlqsyj.pkl
[01:14]   [ComfyUI] [comfy-env] Scan env PATH for nodes:
[01:14]   [ComfyUI] [comfy-env]   [0] /opt/hostedtoolcache/Python/3.10.20/x64/bin
[01:14]   [ComfyUI] [comfy-env]   [1] /opt/hostedtoolcache/Python/3.10.20/x64
[01:14]   [ComfyUI] [comfy-env]   [2] /snap/bin
[01:14]   [ComfyUI] [comfy-env]   [3] /home/runner/.local/bin
[01:14]   [ComfyUI] [comfy-env]   [4] /opt/pipx_bin
[01:14]   [ComfyUI] [comfy-env]   [5] /home/runner/.cargo/bin
[01:14]   [ComfyUI] [comfy-env]   [6] /home/runner/.config/composer/vendor/bin
[01:14]   [ComfyUI] [comfy-env]   [7] /usr/local/.ghcup/bin
[01:14]   [ComfyUI] [comfy-env]   [8] /home/runner/.dotnet/tools
[01:14]   [ComfyUI] [comfy-env]   [9] /usr/local/sbin
[01:14]   [ComfyUI] [comfy-env]   [10] /usr/local/bin
[01:14]   [ComfyUI] [comfy-env]   [11] /usr/sbin
[01:14]   [ComfyUI] [comfy-env]   [12] /usr/bin
[01:14]   [ComfyUI] [comfy-env]   [13] /sbin
[01:14]   [ComfyUI] [comfy-env]   [14] /bin
[01:14]   [ComfyUI] [comfy-env]   [15] /usr/games
[01:14]   [ComfyUI] [comfy-env]   [16] /usr/local/games
[01:14]   [ComfyUI] [comfy-env]   [17] /snap/bin
[01:17]   [ComfyUI] [comfy-env] Metadata scan stderr for nodes:
[01:17]   [ComfyUI] [comfy-env]   [meta-scan] importing nodes from /home/runner/work/comfy-gpu-ci/comfy-gpu-ci/test_workspaces/SAM3DBody-1607/ComfyUI/custom_nodes/ComfyUI-SAM3DBody
[01:17]   [ComfyUI] [comfy-env]   [meta-scan] import OK
[01:17]   [ComfyUI] [comfy-env] Scanned nodes: 15 nodes (3.0s)
[01:17]   [ComfyUI] [comfy-env] Scanned nodes root: 15 nodes (3.0s)
[01:17]   [ComfyUI] [comfy-env] Imported nodes root: 15 nodes (isolation)
[01:17]   [ComfyUI] [comfy-env] Registered 15 total nodes
[01:17]   [ComfyUI] [comfy-env] Version: 0.3.89
[01:17]   [ComfyUI] [comfy-env] register_nodes: ComfyUI-DepthAnythingV3
[01:17]   [ComfyUI] [comfy-env] ComfyUI source dir: /home/runner/work/comfy-gpu-ci/comfy-gpu-ci/test_workspaces/SAM3DBody-1607/ComfyUI
[01:17]   [ComfyUI] [comfy-env] Found 1 isolation env(s)
[01:17]   [ComfyUI] [comfy-env] Scanning nodes metadata (isolation root)...
[01:17]   [ComfyUI] [comfy-env] Metadata scan: /home/runner/.pixi/bin/pixi run --as-is --manifest-path /home/runner/.ce/pixi.toml -e depthanythingv3-nodes python /tmp/comfy_meta_nlea_en2.py /home/runner/work/comfy-gpu-ci/comfy-gpu-ci/test_workspaces/SAM3DBody-1607/ComfyUI/custom_nodes/ComfyUI-DepthAnythingV3 nodes /tmp/comfy_meta_out_evlzf074.pkl
[01:17]   [ComfyUI] [comfy-env] Scan env PATH for nodes:
[01:17]   [ComfyUI] [comfy-env]   [0] /opt/hostedtoolcache/Python/3.10.20/x64/bin
[01:17]   [ComfyUI] [comfy-env]   [1] /opt/hostedtoolcache/Python/3.10.20/x64
[01:17]   [ComfyUI] [comfy-env]   [2] /snap/bin
[01:17]   [ComfyUI] [comfy-env]   [3] /home/runner/.local/bin
[01:17]   [ComfyUI] [comfy-env]   [4] /opt/pipx_bin
[01:17]   [ComfyUI] [comfy-env]   [5] /home/runner/.cargo/bin
[01:17]   [ComfyUI] [comfy-env]   [6] /home/runner/.config/composer/vendor/bin
[01:17]   [ComfyUI] [comfy-env]   [7] /usr/local/.ghcup/bin
[01:17]   [ComfyUI] [comfy-env]   [8] /home/runner/.dotnet/tools
[01:17]   [ComfyUI] [comfy-env]   [9] /usr/local/sbin
[01:17]   [ComfyUI] [comfy-env]   [10] /usr/local/bin
[01:17]   [ComfyUI] [comfy-env]   [11] /usr/sbin
[01:17]   [ComfyUI] [comfy-env]   [12] /usr/bin
[01:17]   [ComfyUI] [comfy-env]   [13] /sbin
[01:17]   [ComfyUI] [comfy-env]   [14] /bin
[01:17]   [ComfyUI] [comfy-env]   [15] /usr/games
[01:17]   [ComfyUI] [comfy-env]   [16] /usr/local/games
[01:17]   [ComfyUI] [comfy-env]   [17] /snap/bin
[01:20]   [ComfyUI] [comfy-env] Metadata scan stderr for nodes:
[01:20]   [ComfyUI] [comfy-env]   [meta-scan] importing nodes from /home/runner/work/comfy-gpu-ci/comfy-gpu-ci/test_workspaces/SAM3DBody-1607/ComfyUI/custom_nodes/ComfyUI-DepthAnythingV3
[01:20]   [ComfyUI] [comfy-env]   ERROR:root:Failed to import comfy_kitchen, Error: No module named 'comfy_kitchen', fp8 and fp4 support will not be available.
[01:20]   [ComfyUI] [comfy-env]   [meta-scan] import OK
[01:20]   [ComfyUI] [comfy-env] Scanned nodes: 15 nodes (2.7s)
[01:20]   [ComfyUI] [comfy-env] Scanned nodes root: 15 nodes (2.8s)
[01:20]   [ComfyUI] [comfy-env] Imported nodes root: 15 nodes (isolation)
[01:20]   [ComfyUI] [comfy-env] Registered 15 total nodes
[01:20]   [ComfyUI] ComfyUI-Multiband loaded: 15 nodes registered
[01:20]   [ComfyUI] loading...
[01:20]   [ComfyUI] calling register_nodes
[01:20]   [ComfyUI] [comfy-env] Version: 0.3.89
[01:20]   [ComfyUI] [comfy-env] register_nodes: ComfyUI-GeometryPack
[01:20]   [ComfyUI] [comfy-env] ComfyUI source dir: /home/runner/work/comfy-gpu-ci/comfy-gpu-ci/test_workspaces/SAM3DBody-1607/ComfyUI
[01:20]   [ComfyUI] [comfy-env] Found 1 isolation env(s)
[01:20]   [ComfyUI] [comfy-env] Scanning nodes metadata (isolation root)...
[01:20]   [ComfyUI] [comfy-env] Metadata scan: /home/runner/.pixi/bin/pixi run --as-is --manifest-path /home/runner/.ce/pixi.toml -e geometrypack-nodes python /tmp/comfy_meta_bt3n8d7b.py /home/runner/work/comfy-gpu-ci/comfy-gpu-ci/test_workspaces/SAM3DBody-1607/ComfyUI/custom_nodes/ComfyUI-GeometryPack nodes /tmp/comfy_meta_out_i5vf5ej1.pkl
[01:20]   [ComfyUI] [comfy-env] Scan env PATH for nodes:
[01:20]   [ComfyUI] [comfy-env]   [0] /opt/hostedtoolcache/Python/3.10.20/x64/bin
[01:20]   [ComfyUI] [comfy-env]   [1] /opt/hostedtoolcache/Python/3.10.20/x64
[01:20]   [ComfyUI] [comfy-env]   [2] /snap/bin
[01:20]   [ComfyUI] [comfy-env]   [3] /home/runner/.local/bin
[01:20]   [ComfyUI] [comfy-env]   [4] /opt/pipx_bin
[01:20]   [ComfyUI] [comfy-env]   [5] /home/runner/.cargo/bin
[01:20]   [ComfyUI] [comfy-env]   [6] /home/runner/.config/composer/vendor/bin
[01:20]   [ComfyUI] [comfy-env]   [7] /usr/local/.ghcup/bin
[01:20]   [ComfyUI] [comfy-env]   [8] /home/runner/.dotnet/tools
[01:20]   [ComfyUI] [comfy-env]   [9] /usr/local/sbin
[01:20]   [ComfyUI] [comfy-env]   [10] /usr/local/bin
[01:20]   [ComfyUI] [comfy-env]   [11] /usr/sbin
[01:20]   [ComfyUI] [comfy-env]   [12] /usr/bin
[01:20]   [ComfyUI] [comfy-env]   [13] /sbin
[01:20]   [ComfyUI] [comfy-env]   [14] /bin
[01:20]   [ComfyUI] [comfy-env]   [15] /usr/games
[01:20]   [ComfyUI] [comfy-env]   [16] /usr/local/games
[01:20]   [ComfyUI] [comfy-env]   [17] /snap/bin
[01:25]   [ComfyUI] [comfy-env] Metadata scan stderr for nodes:
[01:25]   [ComfyUI] [comfy-env]   [meta-scan] importing nodes from /home/runner/work/comfy-gpu-ci/comfy-gpu-ci/test_workspaces/SAM3DBody-1607/ComfyUI/custom_nodes/ComfyUI-GeometryPack
[01:25]   [ComfyUI] [comfy-env]   ERROR:root:Failed to import comfy_kitchen, Error: No module named 'comfy_kitchen', fp8 and fp4 support will not be available.
[01:25]   [ComfyUI] [comfy-env]   [meta-scan] import OK
[01:25]   [ComfyUI] [comfy-env] Scanned nodes: 125 nodes (5.0s)
[01:25]   [ComfyUI] [comfy-env] Scanned nodes root: 125 nodes (5.0s)
[01:25]   [ComfyUI] [comfy-env] Imported nodes root: 125 nodes (isolation)
[01:25]   [ComfyUI] [comfy-env] Registered 125 total nodes
[01:25]   [ComfyUI] 
[01:25]   [ComfyUI] Import times for custom nodes:
[01:25]   [ComfyUI]    0.0 seconds: /home/runner/work/comfy-gpu-ci/comfy-gpu-ci/test_workspaces/SAM3DBody-1607/ComfyUI/custom_nodes/websocket_image_save.py
[01:25]   [ComfyUI]    0.0 seconds: /home/runner/work/comfy-gpu-ci/comfy-gpu-ci/test_workspaces/SAM3DBody-1607/ComfyUI/custom_nodes/ComfyUI-validate-endpoint
[01:25]   [ComfyUI]    0.0 seconds: /home/runner/work/comfy-gpu-ci/comfy-gpu-ci/test_workspaces/SAM3DBody-1607/ComfyUI/custom_nodes/ComfyUI-CameraPack
[01:25]   [ComfyUI]    0.0 seconds: /home/runner/work/comfy-gpu-ci/comfy-gpu-ci/test_workspaces/SAM3DBody-1607/ComfyUI/custom_nodes/ComfyUI-VideoHelperSuite
[01:25]   [ComfyUI]    0.1 seconds: /home/runner/work/comfy-gpu-ci/comfy-gpu-ci/test_workspaces/SAM3DBody-1607/ComfyUI/custom_nodes/ComfyUI-Multiband
[01:25]   [ComfyUI]    0.1 seconds: /home/runner/work/comfy-gpu-ci/comfy-gpu-ci/test_workspaces/SAM3DBody-1607/ComfyUI/custom_nodes/ComfyUI-KJNodes
[01:25]   [ComfyUI]    2.8 seconds: /home/runner/work/comfy-gpu-ci/comfy-gpu-ci/test_workspaces/SAM3DBody-1607/ComfyUI/custom_nodes/ComfyUI-DepthAnythingV3
[01:25]   [ComfyUI]    3.2 seconds: /home/runner/work/comfy-gpu-ci/comfy-gpu-ci/test_workspaces/SAM3DBody-1607/ComfyUI/custom_nodes/ComfyUI-SAM3DBody
[01:25]   [ComfyUI]    5.1 seconds: /home/runner/work/comfy-gpu-ci/comfy-gpu-ci/test_workspaces/SAM3DBody-1607/ComfyUI/custom_nodes/ComfyUI-GeometryPack
[01:25]   [ComfyUI] 
[01:25]   [ComfyUI] Context impl SQLiteImpl.
[01:25]   [ComfyUI] Will assume non-transactional DDL.
[01:25]   [ComfyUI] Context impl SQLiteImpl.
[01:25]   [ComfyUI] Will assume non-transactional DDL.
[01:25]   [ComfyUI] Running upgrade  -> 0001_assets, Initial assets schema
[01:25]   [ComfyUI] Revision ID: 0001_assets
[01:25]   [ComfyUI] Revises: None
[01:25]   [ComfyUI] Create Date: 2025-12-10 00:00:00
[01:25]   [ComfyUI] Running upgrade 0001_assets -> 0002_merge_to_asset_references, Merge AssetInfo and AssetCacheState into unified asset_references table.
[01:25]   [ComfyUI] Running upgrade 0002_merge_to_asset_references -> 0003_add_metadata_job_id, Add system_metadata and job_id columns to asset_references.
[01:25]   [ComfyUI] Change preview_id FK from assets.id to asset_references.id.
[01:25]   [ComfyUI] Database upgraded from None to 0003_add_metadata_job_id
[01:25]   [ComfyUI] Starting server
[01:25]   [ComfyUI] 
[01:25]   [ComfyUI] To see the GUI go to: http://127.0.0.1:41885
[01:26] Server responding, waiting for nodes to load...
[01:46] Server is ready!
[01:46] Checking for import errors in server logs...
[01:46] No import errors detected
[01:46] Found 1170 registered nodes
[01:46] [REGISTRATION] PASSED
[01:46] 
[01:46] [4/5] INSTANTIATION
[01:46] ----------------------------------------
[01:46] 
[DEBUG] server=<comfy_test.comfyui.server.ComfyUIServer object at 0x7fe5085570a0>, api=<comfy_test.comfyui.api.ComfyUIAPI object at 0x7fe507214df0>
[01:46] Testing node constructors...
[01:47] All 15 node(s) instantiated successfully!
[01:47] [INSTANTIATION] PASSED
[01:47] 
[01:47] [5/5] EXECUTION
[01:47] ----------------------------------------
[01:47] 
[DEBUG] server=<comfy_test.comfyui.server.ComfyUIServer object at 0x7fe5085570a0>, api=<comfy_test.comfyui.api.ComfyUIAPI object at 0x7fe507214df0>
[01:47] CPU runner - will execute 1 workflow(s)
[01:47] Running 5 workflow(s) (all with videos)...
[01:47] Installing screenshot dependencies (playwright, pillow)...
[01:48]   Packages installed, downloading chromium browser...
[01:59]   Screenshot dependencies installed successfully
[01:59] Starting headless browser...
[02:00]   Installing Mesa llvmpipe (apt)...
[02:05]   Mesa install failed: E: Unable to locate package libegl1-mesa

[02:05]   No GPU, no Mesa -- using SwiftShader software rendering
[02:07]   [1/5] SKIPPED (not in cpu list) multiple_masks.json
[02:07]   [2/5] SKIPPED (not in cpu list) multiple_masks_depthcorrected.json
[02:08] Capturing execution frames: rigged_mesh_manipulation.json
[02:09]   [ComfyUI] [DEPRECATION WARNING] Detected import of deprecated legacy API: /extensions/core/widgetInputs.js. This is likely caused by a custom node extension using outdated APIs. Please update your extensions or contact the extension author for an updated version.
[02:15]   Frame 1 saved (frame_000.jpg, t=0.0s)
[02:15]   Validating workflow...
[02:15]   [ComfyUI] === /validate endpoint called ===
[02:15]   [ComfyUI] Received JSON with keys: ['prompt']
[02:15]   [ComfyUI] Prompt has 2 nodes
[02:15]   [ComfyUI]   Node 2: SAM3DBodyPreviewRiggedMesh
[02:15]   [ComfyUI]     Inputs: {"fbx_output_path": ["4", 0], "preview": ""}
[02:15]   [ComfyUI]   Node 4: SAM3DBodySelectMesh
[02:15]   [ComfyUI]     Inputs: {"source_folder": "input", "file_path": "sam3d_rigged.fbx"}
[02:15]   [ComfyUI] Generated prompt_id: bee8fd52-3201-47bd-bbab-bf560490d6ab
[02:15]   Queuing workflow for execution...
[02:15]   [ComfyUI] Calling execution.validate_prompt()...
[02:15]   [ComfyUI] Validation result: valid=True
[02:15]   [ComfyUI] === Validation PASSED ===
[02:15]   [ComfyUI] got prompt
[02:15]   [ComfyUI] [comfy-env] Running SAM3DBodySelectMesh: source_folder: 'input', file_path: 'sam3d_rigged.fbx'
[02:15]   [ComfyUI] [comfy-env] SubprocessWorker: /home/runner/.ce/.pixi/envs/sam3dbody-nodes/bin/python
[02:15]   [ComfyUI] [comfy-env] env_vars: {'COMFYUI_BASE': '/home/runner/work/comfy-gpu-ci/comfy-gpu-ci/test_workspaces/SAM3DBody-1607/ComfyUI'}
[02:15]   [ComfyUI] [SubprocessWorker] call_method: nodes.load_mesh.SAM3DBodySelectMesh.EXECUTE_NORMALIZED
[02:15]   [ComfyUI] [ComfyUI-SAM3DBody] python: /home/runner/.ce/.pixi/envs/sam3dbody-nodes/bin/python
[02:15]   [ComfyUI] [SubprocessWorker] acquired lock, ensuring started...
[02:15]   [ComfyUI] [ComfyUI-SAM3DBody] sys_path sent to worker: ['/home/runner/work/comfy-gpu-ci/comfy-gpu-ci/test_workspaces/SAM3DBody-1607/ComfyUI', '/home/runner/work/comfy-gpu-ci/comfy-gpu-ci/test_workspaces/SAM3DBody-1607/ComfyUI/custom_nodes/ComfyUI-SAM3DBody', '/home/runner/.ce/.pixi/envs/sam3dbody-nodes/lib/python3.11/site-packages', '/home/runner/work/comfy-gpu-ci/comfy-gpu-ci/test_workspaces/SAM3DBody-1607/ComfyUI/custom_nodes/ComfyUI-SAM3DBody']
[02:15]   [ComfyUI] [SubprocessWorker] is_pixi=True, python=/home/runner/.ce/.pixi/envs/sam3dbody-nodes/bin/python
[02:15]   [ComfyUI] [SubprocessWorker] launching cmd=['/home/runner/.pixi/bin/pixi', 'run', '--as-is', '--manifest-path', '/home/runner/.ce/pixi.toml', '-e', 'sam3dbody-nodes', 'python', '/tmp/comfyui_pvenv_yktk6at6/persistent_worker.py', 'abstract://comfy_worker_fd05ea59232f']...
[02:15]   [ComfyUI] [SubprocessWorker] socket_addr=abstract://comfy_worker_fd05ea59232f (abstract, no filesystem path)
[02:16]   [ComfyUI] [worker:ComfyUI-SAM3DBody] ERROR: Failed to import comfy_kitchen, Error: No module named 'comfy_kitchen', fp8 and fp4 support will not be available.
[02:16]   [ComfyUI] [SubprocessWorker] worker started/confirmed
[02:16]   [ComfyUI] [SubprocessWorker] serializing kwargs to shm...
[02:16]   [ComfyUI] [SubprocessWorker] created 0 shm blocks
[02:16]   [ComfyUI] [SubprocessWorker] sending request via socket...
[02:16]   [ComfyUI] [SubprocessWorker] call_id=1 sending call_method
[02:16]   [ComfyUI] [SubprocessWorker] got response: ok
[02:16]   [ComfyUI] [comfy-env] SAM3DBodySelectMesh done (1.53s): result: NodeOutput
[02:16]   [ComfyUI] [comfy-env] Running SAM3DBodyPreviewRiggedMesh: fbx_output_path: '/home/runner/work/comfy-gpu-ci/comfy-gpu-ci/test_workspa...
[02:16]   [ComfyUI] [SubprocessWorker] call_method: nodes.preview.SAM3DBodyPreviewRiggedMesh.EXECUTE_NORMALIZED
[02:16]   [ComfyUI] [SubprocessWorker] acquired lock, ensuring started...
[02:16]   [ComfyUI] [ComfyUI-SAM3DBody] Health check: ping (timeout=5.0s)...
[02:16]   [ComfyUI] [ComfyUI-SAM3DBody] Health check: ok
[02:16]   [ComfyUI] [SubprocessWorker] worker started/confirmed
[02:16]   [ComfyUI] [SubprocessWorker] serializing kwargs to shm...
[02:16]   [ComfyUI] [SubprocessWorker] created 0 shm blocks
[02:16]   [ComfyUI] [SubprocessWorker] sending request via socket...
[02:16]   [ComfyUI] [SubprocessWorker] call_id=2 sending call_method
[02:16]   [ComfyUI] [SubprocessWorker] got response: ok
[02:16]   [ComfyUI] [comfy-env] SAM3DBodyPreviewRiggedMesh done (0.00s): result: NodeOutput
[02:16]   [ComfyUI] Prompt executed in 1.54 seconds
[02:17]   Node executed (1 total), capturing...
[02:18]   Frame 2 saved (frame_001.jpg, t=3.0s)
[02:18]   [capture-node] freeze=70ms shot=201ms unfreeze=0ms saved=True
[02:18]   Execution complete (t=3.0s)
[02:18]   [3d-wait] Phase 1: Waiting for 'Loading 3D Model' text to disappear...
[02:18]   [3d-wait] Phase 1 done in 0.0s
[02:18]   [3d-wait] Phase 2: iframes=1
[02:18]   [3d-wait] iframe viewer_ready=True (matched 1 console logs)
[02:18]   [3d-wait] Unfrozen in 0.004s, rendering for 5s...
[02:23]   [3d-wait] JS halted via CDP after 5.0s
[02:24]   [3d-wait] Re-frozen in 6.0s
[02:24]   [3d-wait] Total 3D wait: 6.0s
[02:24]   Captured 2 unique frames over 9.36s
[02:24]   [debug] iframes: 1
[02:24]   [debug]   iframe[0]: src=http://127.0.0.1:41885/extensions/ComfyUI-SAM3DBody/viewer_fbx.html?v=1779120571, canvas=486x710, rafFrozen=True
[02:24]   [timing] trigger_3d_previews: 0.0s
[02:26]   Saved high-quality screenshot: rigged_mesh_manipulation_executed.png
[02:26]   [timing] final_screenshot: 0.2s
[02:26]   [4/5] SKIPPED (not in cpu list) rigging.json
[02:27]   [5/5] SKIPPED (not in cpu list) workflow.json
[02:27] Results saved to /home/runner/work/comfy-gpu-ci/comfy-gpu-ci/comfy-test-logs/SAM3DBody-1607/dev/linux-cpu/results.json
[02:27] Saved: /home/runner/work/comfy-gpu-ci/comfy-gpu-ci/comfy-test-logs/SAM3DBody-1607/dev/linux-cpu/index.html
[02:27] [EXECUTION] PASSED
[02:27] 
linux: PASSED
[02:27] Stopping ComfyUI server...
