Capturing execution frames: multiple_masks.json
  [ComfyUI] [DEPRECATION WARNING] Detected import of deprecated legacy API: /extensions/core/widgetInputs.js. This is likely caused by a custom node extension using outdated APIs. Please update your extensions or contact the extension author for an updated version.
  Frame 1 saved (frame_000.jpg, t=0.0s)
  Validating workflow...
  [ComfyUI] === /validate endpoint called ===
  Queuing workflow for execution...
  [ComfyUI] Received JSON with keys: ['prompt']
  [ComfyUI] Prompt has 8 nodes
  [ComfyUI]   Node 4: PreviewImage
  [ComfyUI]     Inputs: {"images": ["16", 1]}
  [ComfyUI]   Node 16: SAM3DBodyProcessMultiple
  [ComfyUI]     Inputs: {"inference_type": "full", "adjust_position_from_depth": false, "model": ["24", 0], "image": ["36", 0], "masks": ["39", 0]}
  [ComfyUI]   Node 18: SAM3DBodyExportMultipleFBX
  [ComfyUI]     Inputs: {"output_filename": "sam3d_multi_rigged.fbx", "combine": true, "multi_mesh_data": ["16", 0]}
  [ComfyUI]   Node 24: LoadSAM3DBodyModel
  [ComfyUI]     Inputs: {"precision": "auto"}
  [ComfyUI]   Node 29: Preview3D
  [ComfyUI]     Inputs: {"model_file": ["18", 0], "image": ""}
  [ComfyUI]   Node 35: MultibandLoad
  [ComfyUI]     Inputs: {"image": "people.npz", "normalize": true}
  [ComfyUI]   Node 36: MultibandToImage
  [ComfyUI]     Inputs: {"channels": "0,1,2", "multiband": ["35", 0]}
  [ComfyUI]   Node 39: MultibandToMasks
  [ComfyUI]     Inputs: {"channels": "0", "auto_detect_masks": true, "multiband": ["35", 0]}
  [ComfyUI] Generated prompt_id: 653b8f5d-e9c8-4944-97fe-5817dfa943aa
  [ComfyUI] Calling execution.validate_prompt()...
  [ComfyUI] Validation result: valid=True
  [ComfyUI] === Validation PASSED ===
  [ComfyUI] got prompt
  [ComfyUI] Precision: bf16
  [ComfyUI] Model not found locally. Downloading from HuggingFace...
  [ComfyUI] HTTP Request: GET https://huggingface.co/api/models/apozz/sam-3d-body-safetensors/revision/main "HTTP/1.1 200 OK"
  [ComfyUI] 
  [ComfyUI] Fetching 4 files:   0%|          | 0/4 [00:00<?, ?it/s]HTTP Request: HEAD https://huggingface.co/apozz/sam-3d-body-safetensors/resolve/0c0bd82453ec0a6c14caa2de3ae47c667c11546a/assets/mhr_model.pt "HTTP/1.1 302 Found"
  [ComfyUI] Warning: You are sending unauthenticated requests to the HF Hub. Please set a HF_TOKEN to enable higher rate limits and faster downloads.
  [ComfyUI] Warning: You are sending unauthenticated requests to the HF Hub. Please set a HF_TOKEN to enable higher rate limits and faster downloads.
  [ComfyUI] HTTP Request: HEAD https://huggingface.co/apozz/sam-3d-body-safetensors/resolve/0c0bd82453ec0a6c14caa2de3ae47c667c11546a/model.safetensors "HTTP/1.1 302 Found"
  [ComfyUI] HTTP Request: HEAD https://huggingface.co/apozz/sam-3d-body-safetensors/resolve/0c0bd82453ec0a6c14caa2de3ae47c667c11546a/.gitattributes "HTTP/1.1 307 Temporary Redirect"
  [ComfyUI] HTTP Request: HEAD https://huggingface.co/apozz/sam-3d-body-safetensors/resolve/0c0bd82453ec0a6c14caa2de3ae47c667c11546a/model_config.yaml "HTTP/1.1 307 Temporary Redirect"
  [ComfyUI] HTTP Request: HEAD https://huggingface.co/api/resolve-cache/models/apozz/sam-3d-body-safetensors/0c0bd82453ec0a6c14caa2de3ae47c667c11546a/.gitattributes "HTTP/1.1 200 OK"
  [ComfyUI] HTTP Request: HEAD https://huggingface.co/api/resolve-cache/models/apozz/sam-3d-body-safetensors/0c0bd82453ec0a6c14caa2de3ae47c667c11546a/model_config.yaml "HTTP/1.1 200 OK"
  [ComfyUI] HTTP Request: GET https://huggingface.co/api/resolve-cache/models/apozz/sam-3d-body-safetensors/0c0bd82453ec0a6c14caa2de3ae47c667c11546a/.gitattributes "HTTP/1.1 200 OK"
  [ComfyUI] 
  [ComfyUI] Fetching 4 files:  25%|##5       | 1/4 [00:00<00:00,  4.51it/s]HTTP Request: GET https://huggingface.co/api/resolve-cache/models/apozz/sam-3d-body-safetensors/0c0bd82453ec0a6c14caa2de3ae47c667c11546a/model_config.yaml "HTTP/1.1 200 OK"
  [ComfyUI] HTTP Request: GET https://huggingface.co/api/models/apozz/sam-3d-body-safetensors/xet-read-token/0c0bd82453ec0a6c14caa2de3ae47c667c11546a "HTTP/1.1 200 OK"
  [ComfyUI] HTTP Request: GET https://huggingface.co/api/models/apozz/sam-3d-body-safetensors/xet-read-token/0c0bd82453ec0a6c14caa2de3ae47c667c11546a "HTTP/1.1 200 OK"
  Frame 2 saved (frame_001.jpg, t=2.3s)
  [capture-periodic] freeze=4ms shot=117ms unfreeze=4ms saved=True
  [ComfyUI] 
  Frame 3 saved (frame_002.jpg, t=4.5s)
  [capture-periodic] freeze=4ms shot=140ms unfreeze=5ms saved=True
  [capture-loop] iter=50 t=6.3s state={'complete': False, 'error': None, 'executedCount': 0, 'wsState': 1} eval_ms=6 ram=8.8/31.9GB (28%) swap=0.2/12.3GB (1%) cpu=6% browser_rss=0.64GB
  [capture-loop] iter=100 t=13.3s state={'complete': False, 'error': None, 'executedCount': 0, 'wsState': 1} eval_ms=5 ram=9.4/31.9GB (30%) swap=0.2/12.3GB (1%) cpu=21% browser_rss=0.64GB
  [ComfyUI] Fetching 4 files:  50%|#####     | 2/4 [00:03<00:03,  1.73s/it]
  [ComfyUI] Fetching 4 files:  75%|#######5  | 3/4 [00:18<00:08,  8.16s/it]
  [ComfyUI] Fetching 4 files: 100%|##########| 4/4 [00:18<00:00,  4.70s/it]
  [ComfyUI] Download complete.
  [ComfyUI] LoadMultibandImage: Loaded C:\workspaces\SAM3DBody-1255\portable-comfyui\ComfyUI_windows_portable\ComfyUI\input\people.npz
  [ComfyUI]   Shape: (1, 9, 720, 1280)
  [ComfyUI]   Channels: 9
  [ComfyUI]   Names: img_01_r,img_01_g,img_01_b,mask_01,mask_02,mask_03,mask_04,mask_05,mask_06
  [ComfyUI] MultibandToMasks: Auto-detected 6 mask channels: ['mask_01', 'mask_02', 'mask_03', 'mask_04', 'mask_05', 'mask_06']
  [capture-loop] iter=150 t=19.7s state={'complete': False, 'error': None, 'executedCount': 0, 'wsState': 1} eval_ms=12 ram=9.6/31.9GB (30%) swap=0.2/12.3GB (1%) cpu=22% browser_rss=0.64GB
  [ComfyUI] !!! Exception during processing !!! No module named 'roma'
  [ComfyUI] Traceback (most recent call last):
  [ComfyUI]   File "C:\workspaces\SAM3DBody-1255\portable-comfyui\ComfyUI_windows_portable\ComfyUI\execution.py", line 534, in execute
  [ComfyUI]     output_data, output_ui, has_subgraph, has_pending_tasks = await get_output_data(prompt_id, unique_id, obj, input_data_all, execution_block_cb=execution_block_cb, pre_execute_cb=pre_execute_cb, v3_data=v3_data)
  [ComfyUI]                                                               ^^^^^^^^^^^^^^^^^^^^^^^^^^^^^^^^^^^^^^^^^^^^^^^^^^^^^^^^^^^^^^^^^^^^^^^^^^^^^^^^^^^^^^^^^^^^^^^^^^^^^^^^^^^^^^^^^^^^^^^^^^^^^^^^^^^^^^^^^^^^^^^^^^^^^^^
  [ComfyUI]   File "C:\workspaces\SAM3DBody-1255\portable-comfyui\ComfyUI_windows_portable\ComfyUI\execution.py", line 334, in get_output_data
  [ComfyUI]     return_values = await _async_map_node_over_list(prompt_id, unique_id, obj, input_data_all, obj.FUNCTION, allow_interrupt=True, execution_block_cb=execution_block_cb, pre_execute_cb=pre_execute_cb, v3_data=v3_data)
  [ComfyUI]                     ^^^^^^^^^^^^^^^^^^^^^^^^^^^^^^^^^^^^^^^^^^^^^^^^^^^^^^^^^^^^^^^^^^^^^^^^^^^^^^^^^^^^^^^^^^^^^^^^^^^^^^^^^^^^^^^^^^^^^^^^^^^^^^^^^^^^^^^^^^^^^^^^^^^^^^^^^^^^^^^^^^^^^^^^^^^^^^^^^^^^^^^^^^^^^^^^^^^^^
  [ComfyUI]   File "C:\workspaces\SAM3DBody-1255\portable-comfyui\ComfyUI_windows_portable\ComfyUI\execution.py", line 308, in _async_map_node_over_list
  [ComfyUI]     await process_inputs(input_dict, i)
  [ComfyUI]   File "C:\workspaces\SAM3DBody-1255\portable-comfyui\ComfyUI_windows_portable\ComfyUI\execution.py", line 296, in process_inputs
  [ComfyUI]     result = f(**inputs)
  [ComfyUI]   File "C:\workspaces\SAM3DBody-1255\portable-comfyui\ComfyUI_windows_portable\ComfyUI\comfy_api\internal\__init__.py", line 149, in wrapped_func
  [ComfyUI]     return method(locked_class, **inputs)
  [ComfyUI]   File "C:\workspaces\SAM3DBody-1255\portable-comfyui\ComfyUI_windows_portable\ComfyUI\comfy_api\latest\_io.py", line 1826, in EXECUTE_NORMALIZED
  [ComfyUI]     to_return = cls.execute(*args, **kwargs)
  [ComfyUI]   File "C:\workspaces\SAM3DBody-1255\portable-comfyui\ComfyUI_windows_portable\ComfyUI\custom_nodes\ComfyUI-SAM3DBody\nodes\process_multiple.py", line 1116, in execute
  Execution complete (t=19.9s)
  [ComfyUI]     from .sam_3d_body import SAM3DBodyEstimator
  Execution error: {'prompt_id': '023134a9-f3a8-41e8-895d-c653a4be8af7', 'node_id': '16', 'node_type': 'SAM3DBodyProcessMultiple', 'executed': ['39', '36', '24', '35'], 'exception_message': "No module named 'roma'\n", 'exception_type': 'ModuleNotFoundError', 'traceback': ['  File "C:\\workspaces\\SAM3DBody-1255\\portable-comfyui\\ComfyUI_windows_portable\\ComfyUI\\execution.py", line 534, in execute\n    output_data, output_ui, has_subgraph, has_pending_tasks = await get_output_data(prompt_id, unique_id, obj, input_data_all, execution_block_cb=execution_block_cb, pre_execute_cb=pre_execute_cb, v3_data=v3_data)\n                                                              ^^^^^^^^^^^^^^^^^^^^^^^^^^^^^^^^^^^^^^^^^^^^^^^^^^^^^^^^^^^^^^^^^^^^^^^^^^^^^^^^^^^^^^^^^^^^^^^^^^^^^^^^^^^^^^^^^^^^^^^^^^^^^^^^^^^^^^^^^^^^^^^^^^^^^^^\n', '  File "C:\\workspaces\\SAM3DBody-1255\\portable-comfyui\\ComfyUI_windows_portable\\ComfyUI\\execution.py", line 334, in get_output_data\n    return_values = await _async_map_node_over_list(prompt_id, unique_id, obj, input_data_all, obj.FUNCTION, allow_interrupt=True, execution_block_cb=execution_block_cb, pre_execute_cb=pre_execute_cb, v3_data=v3_data)\n                    ^^^^^^^^^^^^^^^^^^^^^^^^^^^^^^^^^^^^^^^^^^^^^^^^^^^^^^^^^^^^^^^^^^^^^^^^^^^^^^^^^^^^^^^^^^^^^^^^^^^^^^^^^^^^^^^^^^^^^^^^^^^^^^^^^^^^^^^^^^^^^^^^^^^^^^^^^^^^^^^^^^^^^^^^^^^^^^^^^^^^^^^^^^^^^^^^^^^^^\n', '  File "C:\\workspaces\\SAM3DBody-1255\\portable-comfyui\\ComfyUI_windows_portable\\ComfyUI\\execution.py", line 308, in _async_map_node_over_list\n    await process_inputs(input_dict, i)\n', '  File "C:\\workspaces\\SAM3DBody-1255\\portable-comfyui\\ComfyUI_windows_portable\\ComfyUI\\execution.py", line 296, in process_inputs\n    result = f(**inputs)\n', '  File "C:\\workspaces\\SAM3DBody-1255\\portable-comfyui\\ComfyUI_windows_portable\\ComfyUI\\comfy_api\\internal\\__init__.py", line 149, in wrapped_func\n    return method(locked_class, **inputs)\n', '  File "C:\\workspaces\\SAM3DBody-1255\\portable-comfyui\\ComfyUI_windows_portable\\ComfyUI\\comfy_api\\latest\\_io.py", line 1826, in EXECUTE_NORMALIZED\n    to_return = cls.execute(*args, **kwargs)\n', '  File "C:\\workspaces\\SAM3DBody-1255\\portable-comfyui\\ComfyUI_windows_portable\\ComfyUI\\custom_nodes\\ComfyUI-SAM3DBody\\nodes\\process_multiple.py", line 1116, in execute\n    from .sam_3d_body import SAM3DBodyEstimator\n', '  File "C:\\workspaces\\SAM3DBody-1255\\portable-comfyui\\ComfyUI_windows_portable\\ComfyUI\\custom_nodes\\ComfyUI-SAM3DBody\\nodes\\sam_3d_body\\__init__.py", line 5, in <module>\n    from .build_models import load_sam_3d_body\n', '  File "C:\\workspaces\\SAM3DBody-1255\\portable-comfyui\\ComfyUI_windows_portable\\ComfyUI\\custom_nodes\\ComfyUI-SAM3DBody\\nodes\\sam_3d_body\\build_models.py", line 5, in <module>\n    from .model import SAM3DBody\n', '  File "C:\\workspaces\\SAM3DBody-1255\\portable-comfyui\\ComfyUI_windows_portable\\ComfyUI\\custom_nodes\\ComfyUI-SAM3DBody\\nodes\\sam_3d_body\\model.py", line 12, in <module>\n    import roma\n'], 'current_inputs': {'inference_type': ['full'], 'adjust_position_from_depth': [False], 'model': ["{'model_path': 'C:\\\\workspaces\\\\SAM3DBody-1255\\\\portable-comfyui\\\\ComfyUI_windows_portable\\\\ComfyUI\\\\models\\\\sam3dbody', 'ckpt_path': 'C:\\\\workspaces\\\\SAM3DBody-1255\\\\portable-comfyui\\\\ComfyUI_windows_portable\\\\ComfyUI\\\\models\\\\sam3dbody\\\\model.safetensors', 'mhr_path': 'C:\\\\workspaces\\\\SAM3DBody-1255\\\\portable-comfyui\\\\ComfyUI_windows_portable\\\\ComfyUI\\\\models\\\\sam3dbody\\\\assets\\\\mhr_model.pt', 'precision': 'bf16'}"], 'image': ['tensor([[[[0.2902, 0.4667, 0.5961],\n          [0.2902, 0.4667, 0.5961],\n          [0.2902, 0.4667, 0.5961],\n          ...,\n          [0.3294, 0.5765, 0.7137],\n          [0.3451, 0.5882, 0.7333],\n          [0.3686, 0.6118, 0.7569]],\n\n         [[0.2902, 0.4667, 0.5961],\n          [0.2902, 0.4667, 0.5961],\n          [0.2902, 0.4667, 0.5961],\n          ...,\n          [0.3490, 0.5608, 0.6941],\n          [0.3529, 0.5647, 0.6980],\n          [0.3647, 0.5765, 0.7098]],\n\n         [[0.2902, 0.4667, 0.5961],\n          [0.2902, 0.4667, 0.5961],\n          [0.2902, 0.4667, 0.5961],\n          ...,\n          [0.3765, 0.5373, 0.6471],\n          [0.3725, 0.5333, 0.6431],\n          [0.3765, 0.5373, 0.6471]],\n\n         ...,\n\n         [[0.4941, 0.4824, 0.4157],\n          [0.4941, 0.4824, 0.4157],\n          [0.4980, 0.4863, 0.4196],\n          ...,\n          [0.5647, 0.5569, 0.5059],\n          [0.5647, 0.5569, 0.5059],\n          [0.5647, 0.5569, 0.5059]],\n\n         [[0.5098, 0.4980, 0.4314],\n          [0.5098, 0.4980, 0.4314],\n          [0.5137, 0.5020, 0.4353],\n          ...,\n          [0.5647, 0.5569, 0.5059],\n          [0.5647, 0.5569, 0.5059],\n          [0.5647, 0.5569, 0.5059]],\n\n         [[0.5176, 0.5059, 0.4392],\n          [0.5216, 0.5098, 0.4431],\n          [0.5216, 0.5098, 0.4431],\n          ...,\n          [0.5647, 0.5569, 0.5059],\n          [0.5647, 0.5569, 0.5059],\n          [0.5647, 0.5569, 0.5059]]]])'], 'masks': ['tensor([[[0., 0., 0.,  ..., 0., 0., 0.],\n         [0., 0., 0.,  ..., 0., 0., 0.],\n         [0., 0., 0.,  ..., 0., 0., 0.],\n         ...,\n         [0., 0., 0.,  ..., 0., 0., 0.],\n         [0., 0., 0.,  ..., 0., 0., 0.],\n         [0., 0., 0.,  ..., 0., 0., 0.]],\n\n        [[0., 0., 0.,  ..., 0., 0., 0.],\n         [0., 0., 0.,  ..., 0., 0., 0.],\n         [0., 0., 0.,  ..., 0., 0., 0.],\n         ...,\n         [0., 0., 0.,  ..., 0., 0., 0.],\n         [0., 0., 0.,  ..., 0., 0., 0.],\n         [0., 0., 0.,  ..., 0., 0., 0.]],\n\n        [[0., 0., 0.,  ..., 0., 0., 0.],\n         [0., 0., 0.,  ..., 0., 0., 0.],\n         [0., 0., 0.,  ..., 0., 0., 0.],\n         ...,\n         [0., 0., 0.,  ..., 0., 0., 0.],\n         [0., 0., 0.,  ..., 0., 0., 0.],\n         [0., 0., 0.,  ..., 0., 0., 0.]],\n\n        [[0., 0., 0.,  ..., 0., 0., 0.],\n         [0., 0., 0.,  ..., 0., 0., 0.],\n         [0., 0., 0.,  ..., 0., 0., 0.],\n         ...,\n         [0., 0., 0.,  ..., 0., 0., 0.],\n         [0., 0., 0.,  ..., 0., 0., 0.],\n         [0., 0., 0.,  ..., 0., 0., 0.]],\n\n        [[0., 0., 0.,  ..., 0., 0., 0.],\n         [0., 0., 0.,  ..., 0., 0., 0.],\n         [0., 0., 0.,  ..., 0., 0., 0.],\n         ...,\n         [0., 0., 0.,  ..., 0., 0., 0.],\n         [0., 0., 0.,  ..., 0., 0., 0.],\n         [0., 0., 0.,  ..., 0., 0., 0.]],\n\n        [[0., 0., 0.,  ..., 0., 0., 0.],\n         [0., 0., 0.,  ..., 0., 0., 0.],\n         [0., 0., 0.,  ..., 0., 0., 0.],\n         ...,\n         [0., 0., 0.,  ..., 0., 0., 0.],\n         [0., 0., 0.,  ..., 0., 0., 0.],\n         [0., 0., 0.,  ..., 0., 0., 0.]]])']}, 'current_outputs': ['29', '24', '4', '35', '16', '39', '36', '18'], 'timestamp': 1778324519210}
  [ComfyUI]   File "C:\workspaces\SAM3DBody-1255\portable-comfyui\ComfyUI_windows_portable\ComfyUI\custom_nodes\ComfyUI-SAM3DBody\nodes\sam_3d_body\__init__.py", line 5, in <module>
    Status: FAILED
    Error: Workflow execution failed: {'prompt_id': '023134a9-f3a8-41e8-895d-c653a4be8af7', 'node_id': '16', 'node_type': 'SAM3DBodyProcessMultiple', 'executed': ['39', '36', '24', '35'], 'exception_message': "No module named 'roma'\n", 'exception_type': 'ModuleNotFoundError', 'traceback': ['  File "C:\\workspaces\\SAM3DBody-1255\\portable-comfyui\\ComfyUI_windows_portable\\ComfyUI\\execution.py", line 534, in execute\n    output_data, output_ui, has_subgraph, has_pending_tasks = await get_output_data(prompt_id, unique_id, obj, input_data_all, execution_block_cb=execution_block_cb, pre_execute_cb=pre_execute_cb, v3_data=v3_data)\n                                                              ^^^^^^^^^^^^^^^^^^^^^^^^^^^^^^^^^^^^^^^^^^^^^^^^^^^^^^^^^^^^^^^^^^^^^^^^^^^^^^^^^^^^^^^^^^^^^^^^^^^^^^^^^^^^^^^^^^^^^^^^^^^^^^^^^^^^^^^^^^^^^^^^^^^^^^^\n', '  File "C:\\workspaces\\SAM3DBody-1255\\portable-comfyui\\ComfyUI_windows_portable\\ComfyUI\\execution.py", line 334, in get_output_data\n    return_values = await _async_map_node_over_list(prompt_id, unique_id, obj, input_data_all, obj.FUNCTION, allow_interrupt=True, execution_block_cb=execution_block_cb, pre_execute_cb=pre_execute_cb, v3_data=v3_data)\n                    ^^^^^^^^^^^^^^^^^^^^^^^^^^^^^^^^^^^^^^^^^^^^^^^^^^^^^^^^^^^^^^^^^^^^^^^^^^^^^^^^^^^^^^^^^^^^^^^^^^^^^^^^^^^^^^^^^^^^^^^^^^^^^^^^^^^^^^^^^^^^^^^^^^^^^^^^^^^^^^^^^^^^^^^^^^^^^^^^^^^^^^^^^^^^^^^^^^^^^\n', '  File "C:\\workspaces\\SAM3DBody-1255\\portable-comfyui\\ComfyUI_windows_portable\\ComfyUI\\execution.py", line 308, in _async_map_node_over_list\n    await process_inputs(input_dict, i)\n', '  File "C:\\workspaces\\SAM3DBody-1255\\portable-comfyui\\ComfyUI_windows_portable\\ComfyUI\\execution.py", line 296, in process_inputs\n    result = f(**inputs)\n', '  File "C:\\workspaces\\SAM3DBody-1255\\portable-comfyui\\ComfyUI_windows_portable\\ComfyUI\\comfy_api\\internal\\__init__.py", line 149, in wrapped_func\n    return method(locked_class, **inputs)\n', '  File "C:\\workspaces\\SAM3DBody-1255\\portable-comfyui\\ComfyUI_windows_portable\\ComfyUI\\comfy_api\\latest\\_io.py", line 1826, in EXECUTE_NORMALIZED\n    to_return = cls.execute(*args, **kwargs)\n', '  File "C:\\workspaces\\SAM3DBody-1255\\portable-comfyui\\ComfyUI_windows_portable\\ComfyUI\\custom_nodes\\ComfyUI-SAM3DBody\\nodes\\process_multiple.py", line 1116, in execute\n    from .sam_3d_body import SAM3DBodyEstimator\n', '  File "C:\\workspaces\\SAM3DBody-1255\\portable-comfyui\\ComfyUI_windows_portable\\ComfyUI\\custom_nodes\\ComfyUI-SAM3DBody\\nodes\\sam_3d_body\\__init__.py", line 5, in <module>\n    from .build_models import load_sam_3d_body\n', '  File "C:\\workspaces\\SAM3DBody-1255\\portable-comfyui\\ComfyUI_windows_portable\\ComfyUI\\custom_nodes\\ComfyUI-SAM3DBody\\nodes\\sam_3d_body\\build_models.py", line 5, in <module>\n    from .model import SAM3DBody\n', '  File "C:\\workspaces\\SAM3DBody-1255\\portable-comfyui\\ComfyUI_windows_portable\\ComfyUI\\custom_nodes\\ComfyUI-SAM3DBody\\nodes\\sam_3d_body\\model.py", line 12, in <module>\n    import roma\n'], 'current_inputs': {'inference_type': ['full'], 'adjust_position_from_depth': [False], 'model': ["{'model_path': 'C:\\\\workspaces\\\\SAM3DBody-1255\\\\portable-comfyui\\\\ComfyUI_windows_portable\\\\ComfyUI\\\\models\\\\sam3dbody', 'ckpt_path': 'C:\\\\workspaces\\\\SAM3DBody-1255\\\\portable-comfyui\\\\ComfyUI_windows_portable\\\\ComfyUI\\\\models\\\\sam3dbody\\\\model.safetensors', 'mhr_path': 'C:\\\\workspaces\\\\SAM3DBody-1255\\\\portable-comfyui\\\\ComfyUI_windows_portable\\\\ComfyUI\\\\models\\\\sam3dbody\\\\assets\\\\mhr_model.pt', 'precision': 'bf16'}"], 'image': ['tensor([[[[0.2902, 0.4667, 0.5961],\n          [0.2902, 0.4667, 0.5961],\n          [0.2902, 0.4667, 0.5961],\n          ...,\n          [0.3294, 0.5765, 0.7137],\n          [0.3451, 0.5882, 0.7333],\n          [0.3686, 0.6118, 0.7569]],\n\n         [[0.2902, 0.4667, 0.5961],\n          [0.2902, 0.4667, 0.5961],\n          [0.2902, 0.4667, 0.5961],\n          ...,\n          [0.3490, 0.5608, 0.6941],\n          [0.3529, 0.5647, 0.6980],\n          [0.3647, 0.5765, 0.7098]],\n\n         [[0.2902, 0.4667, 0.5961],\n          [0.2902, 0.4667, 0.5961],\n          [0.2902, 0.4667, 0.5961],\n          ...,\n          [0.3765, 0.5373, 0.6471],\n          [0.3725, 0.5333, 0.6431],\n          [0.3765, 0.5373, 0.6471]],\n\n         ...,\n\n         [[0.4941, 0.4824, 0.4157],\n          [0.4941, 0.4824, 0.4157],\n          [0.4980, 0.4863, 0.4196],\n          ...,\n          [0.5647, 0.5569, 0.5059],\n          [0.5647, 0.5569, 0.5059],\n          [0.5647, 0.5569, 0.5059]],\n\n         [[0.5098, 0.4980, 0.4314],\n          [0.5098, 0.4980, 0.4314],\n          [0.5137, 0.5020, 0.4353],\n          ...,\n          [0.5647, 0.5569, 0.5059],\n          [0.5647, 0.5569, 0.5059],\n          [0.5647, 0.5569, 0.5059]],\n\n         [[0.5176, 0.5059, 0.4392],\n          [0.5216, 0.5098, 0.4431],\n          [0.5216, 0.5098, 0.4431],\n          ...,\n          [0.5647, 0.5569, 0.5059],\n          [0.5647, 0.5569, 0.5059],\n          [0.5647, 0.5569, 0.5059]]]])'], 'masks': ['tensor([[[0., 0., 0.,  ..., 0., 0., 0.],\n         [0., 0., 0.,  ..., 0., 0., 0.],\n         [0., 0., 0.,  ..., 0., 0., 0.],\n         ...,\n         [0., 0., 0.,  ..., 0., 0., 0.],\n         [0., 0., 0.,  ..., 0., 0., 0.],\n         [0., 0., 0.,  ..., 0., 0., 0.]],\n\n        [[0., 0., 0.,  ..., 0., 0., 0.],\n         [0., 0., 0.,  ..., 0., 0., 0.],\n         [0., 0., 0.,  ..., 0., 0., 0.],\n         ...,\n         [0., 0., 0.,  ..., 0., 0., 0.],\n         [0., 0., 0.,  ..., 0., 0., 0.],\n         [0., 0., 0.,  ..., 0., 0., 0.]],\n\n        [[0., 0., 0.,  ..., 0., 0., 0.],\n         [0., 0., 0.,  ..., 0., 0., 0.],\n         [0., 0., 0.,  ..., 0., 0., 0.],\n         ...,\n         [0., 0., 0.,  ..., 0., 0., 0.],\n         [0., 0., 0.,  ..., 0., 0., 0.],\n         [0., 0., 0.,  ..., 0., 0., 0.]],\n\n        [[0., 0., 0.,  ..., 0., 0., 0.],\n         [0., 0., 0.,  ..., 0., 0., 0.],\n         [0., 0., 0.,  ..., 0., 0., 0.],\n         ...,\n         [0., 0., 0.,  ..., 0., 0., 0.],\n         [0., 0., 0.,  ..., 0., 0., 0.],\n         [0., 0., 0.,  ..., 0., 0., 0.]],\n\n        [[0., 0., 0.,  ..., 0., 0., 0.],\n         [0., 0., 0.,  ..., 0., 0., 0.],\n         [0., 0., 0.,  ..., 0., 0., 0.],\n         ...,\n         [0., 0., 0.,  ..., 0., 0., 0.],\n         [0., 0., 0.,  ..., 0., 0., 0.],\n         [0., 0., 0.,  ..., 0., 0., 0.]],\n\n        [[0., 0., 0.,  ..., 0., 0., 0.],\n         [0., 0., 0.,  ..., 0., 0., 0.],\n         [0., 0., 0.,  ..., 0., 0., 0.],\n         ...,\n         [0., 0., 0.,  ..., 0., 0., 0.],\n         [0., 0., 0.,  ..., 0., 0., 0.],\n         [0., 0., 0.,  ..., 0., 0., 0.]]])']}, 'current_outputs': ['29', '24', '4', '35', '16', '39', '36', '18'], 'timestamp': 1778324519210}
    Details: Workflow: C:\ComfyUI-SAM3DBody\workflows\multiple_masks.json
Node error: SAM3DBodyProcessMultiple
  [ComfyUI]     from .build_models import load_sam_3d_body
  [ComfyUI]   File "C:\workspaces\SAM3DBody-1255\portable-comfyui\ComfyUI_windows_portable\ComfyUI\custom_nodes\ComfyUI-SAM3DBody\nodes\sam_3d_body\build_models.py", line 5, in <module>
  [ComfyUI]     from .model import SAM3DBody
  [ComfyUI]   File "C:\workspaces\SAM3DBody-1255\portable-comfyui\ComfyUI_windows_portable\ComfyUI\custom_nodes\ComfyUI-SAM3DBody\nodes\sam_3d_body\model.py", line 12, in <module>
  [ComfyUI]     import roma
  [ComfyUI] ModuleNotFoundError: No module named 'roma'
  [ComfyUI] 
  [ComfyUI] Prompt executed in 19.57 seconds