Capturing execution frames: workflow.json
  Frame 1 saved (frame_000.jpg, t=0.0s)
  Validating workflow...
  Queuing workflow for execution...
  Frame 2 saved (frame_001.jpg, t=2.2s)
  [capture-periodic] freeze=2ms shot=88ms unfreeze=4ms saved=True
  Frame 3 saved (frame_002.jpg, t=4.5s)
  [capture-periodic] freeze=4ms shot=91ms unfreeze=4ms saved=True
  [capture-loop] iter=50 t=5.8s state={'complete': False, 'error': None, 'executedCount': 0, 'wsState': 1} eval_ms=3 ram=9.5/23.9GB (40%) swap=0.0/3.9GB (0%) cpu=35% browser_rss=0.95GB
  [capture-loop] iter=100 t=11.6s state={'complete': False, 'error': None, 'executedCount': 0, 'wsState': 1} eval_ms=3 ram=10.9/23.9GB (46%) swap=0.0/3.9GB (0%) cpu=28% browser_rss=0.92GB
  Node executed (1 total), capturing...
  Frame 4 saved (frame_003.jpg, t=12.2s)
  [capture-node] freeze=3ms shot=92ms unfreeze=5ms saved=True
  Frame 5 saved (frame_004.jpg, t=14.4s)
  [capture-periodic] freeze=2ms shot=91ms unfreeze=6ms saved=True
  Node executed (2 total), capturing...
  Frame 6 saved (frame_005.jpg, t=14.9s)
  [capture-node] freeze=203ms shot=341ms unfreeze=0ms saved=True
  Execution complete (t=14.9s)
  [3d-wait] Phase 1: Waiting for 'Loading 3D Model' text to disappear...
  [3d-wait] Phase 1 exception after 60.0s: Page.wait_for_function: Timeout 60000ms exceeded.
  [3d-wait] Phase 2: iframes=0
  [3d-wait] Total 3D wait: 60.0s
  Captured 6 unique frames over 75.52s
  [debug] iframes: 0
  [timing] trigger_3d_previews: 0.0s
  Saved high-quality screenshot: workflow_executed.png
  [timing] final_screenshot: 0.2s
    Captured 7 video frames